Analysis & Synthesis report for clock_top_scheme1
Mon Jun 15 21:47:03 2026
Quartus II 64-Bit Version 13.1.0 Build 162 10/23/2013 SJ Full Version


---------------------
; Table of Contents ;
---------------------
  1. Legal Notice
  2. Analysis & Synthesis Summary
  3. Analysis & Synthesis Settings
  4. Parallel Compilation
  5. Analysis & Synthesis Source Files Read
  6. Analysis & Synthesis Resource Usage Summary
  7. Analysis & Synthesis Resource Utilization by Entity
  8. Registers Removed During Synthesis
  9. General Register Statistics
 10. Parameter Settings for Inferred Entity Instance: bin2bcd:U_BIN2BCD_SEC|lpm_divide:Mod0
 11. Parameter Settings for Inferred Entity Instance: bin2bcd:U_ABIN2BCD_SEC|lpm_divide:Mod0
 12. Parameter Settings for Inferred Entity Instance: bin2bcd:U_BIN2BCD_SEC|lpm_divide:Div0
 13. Parameter Settings for Inferred Entity Instance: bin2bcd:U_ABIN2BCD_SEC|lpm_divide:Div0
 14. Parameter Settings for Inferred Entity Instance: bin2bcd:U_BIN2BCD_MIN|lpm_divide:Mod0
 15. Parameter Settings for Inferred Entity Instance: bin2bcd:U_ABIN2BCD_MIN|lpm_divide:Mod0
 16. Parameter Settings for Inferred Entity Instance: bin2bcd:U_BIN2BCD_MIN|lpm_divide:Div0
 17. Parameter Settings for Inferred Entity Instance: bin2bcd:U_ABIN2BCD_MIN|lpm_divide:Div0
 18. Parameter Settings for Inferred Entity Instance: bin2bcd:U_BIN2BCD_HOUR|lpm_divide:Mod0
 19. Parameter Settings for Inferred Entity Instance: bin2bcd:U_ABIN2BCD_HOUR|lpm_divide:Mod0
 20. Parameter Settings for Inferred Entity Instance: bin2bcd:U_BIN2BCD_HOUR|lpm_divide:Div0
 21. Parameter Settings for Inferred Entity Instance: bin2bcd:U_ABIN2BCD_HOUR|lpm_divide:Div0
 22. Port Connectivity Checks: "bin2bcd:U_ABIN2BCD_HOUR"
 23. Port Connectivity Checks: "bin2bcd:U_ABIN2BCD_MIN"
 24. Port Connectivity Checks: "bin2bcd:U_ABIN2BCD_SEC"
 25. Port Connectivity Checks: "count_hour_bin:U_HOUR_ALARM"
 26. Port Connectivity Checks: "count_min_bin:U_MIN_ALARM"
 27. Port Connectivity Checks: "count_sec_bin:U_SEC_ALARM"
 28. Port Connectivity Checks: "switch:U_SW_SEC"
 29. Port Connectivity Checks: "bin2bcd:U_BIN2BCD_HOUR"
 30. Port Connectivity Checks: "bin2bcd:U_BIN2BCD_MIN"
 31. Port Connectivity Checks: "bin2bcd:U_BIN2BCD_SEC"
 32. Port Connectivity Checks: "count_hour_bin:U_HOUR_BIN"
 33. Port Connectivity Checks: "count_min_bin:U_MIN_BIN"
 34. Port Connectivity Checks: "count_sec_bin:U_SEC_BIN"
 35. Elapsed Time Per Partition
 36. Analysis & Synthesis Messages



----------------
; Legal Notice ;
----------------
Copyright (C) 1991-2013 Altera Corporation
Your use of Altera Corporation's design tools, logic functions 
and other software and tools, and its AMPP partner logic 
functions, and any output files from any of the foregoing 
(including device programming or simulation files), and any 
associated documentation or information are expressly subject 
to the terms and conditions of the Altera Program License 
Subscription Agreement, Altera MegaCore Function License 
Agreement, or other applicable license agreement, including, 
without limitation, that your use is for the sole purpose of 
programming logic devices manufactured by Altera and sold by 
Altera or its authorized distributors.  Please refer to the 
applicable agreement for further details.



+----------------------------------------------------------------------------------+
; Analysis & Synthesis Summary                                                     ;
+------------------------------------+---------------------------------------------+
; Analysis & Synthesis Status        ; Successful - Mon Jun 15 21:47:03 2026       ;
; Quartus II 64-Bit Version          ; 13.1.0 Build 162 10/23/2013 SJ Full Version ;
; Revision Name                      ; clock_top_scheme1                           ;
; Top-level Entity Name              ; clock_top_scheme1                           ;
; Family                             ; Cyclone III                                 ;
; Total logic elements               ; 541                                         ;
;     Total combinational functions  ; 541                                         ;
;     Dedicated logic registers      ; 39                                          ;
; Total registers                    ; 39                                          ;
; Total pins                         ; 72                                          ;
; Total virtual pins                 ; 0                                           ;
; Total memory bits                  ; 0                                           ;
; Embedded Multiplier 9-bit elements ; 0                                           ;
; Total PLLs                         ; 0                                           ;
+------------------------------------+---------------------------------------------+


+----------------------------------------------------------------------------------------------------------------------+
; Analysis & Synthesis Settings                                                                                        ;
+----------------------------------------------------------------------------+--------------------+--------------------+
; Option                                                                     ; Setting            ; Default Value      ;
+----------------------------------------------------------------------------+--------------------+--------------------+
; Top-level entity name                                                      ; clock_top_scheme1  ; clock_top_scheme1  ;
; Family name                                                                ; Cyclone III        ; Cyclone IV GX      ;
; Use smart compilation                                                      ; Off                ; Off                ;
; Enable parallel Assembler and TimeQuest Timing Analyzer during compilation ; On                 ; On                 ;
; Enable compact report table                                                ; Off                ; Off                ;
; Restructure Multiplexers                                                   ; Auto               ; Auto               ;
; Create Debugging Nodes for IP Cores                                        ; Off                ; Off                ;
; Preserve fewer node names                                                  ; On                 ; On                 ;
; Disable OpenCore Plus hardware evaluation                                  ; Off                ; Off                ;
; Verilog Version                                                            ; Verilog_2001       ; Verilog_2001       ;
; VHDL Version                                                               ; VHDL_1993          ; VHDL_1993          ;
; State Machine Processing                                                   ; Auto               ; Auto               ;
; Safe State Machine                                                         ; Off                ; Off                ;
; Extract Verilog State Machines                                             ; On                 ; On                 ;
; Extract VHDL State Machines                                                ; On                 ; On                 ;
; Ignore Verilog initial constructs                                          ; Off                ; Off                ;
; Iteration limit for constant Verilog loops                                 ; 5000               ; 5000               ;
; Iteration limit for non-constant Verilog loops                             ; 250                ; 250                ;
; Add Pass-Through Logic to Inferred RAMs                                    ; On                 ; On                 ;
; Infer RAMs from Raw Logic                                                  ; On                 ; On                 ;
; Parallel Synthesis                                                         ; On                 ; On                 ;
; DSP Block Balancing                                                        ; Auto               ; Auto               ;
; NOT Gate Push-Back                                                         ; On                 ; On                 ;
; Power-Up Don't Care                                                        ; On                 ; On                 ;
; Remove Redundant Logic Cells                                               ; Off                ; Off                ;
; Remove Duplicate Registers                                                 ; On                 ; On                 ;
; Ignore CARRY Buffers                                                       ; Off                ; Off                ;
; Ignore CASCADE Buffers                                                     ; Off                ; Off                ;
; Ignore GLOBAL Buffers                                                      ; Off                ; Off                ;
; Ignore ROW GLOBAL Buffers                                                  ; Off                ; Off                ;
; Ignore LCELL Buffers                                                       ; Off                ; Off                ;
; Ignore SOFT Buffers                                                        ; On                 ; On                 ;
; Limit AHDL Integers to 32 Bits                                             ; Off                ; Off                ;
; Optimization Technique                                                     ; Balanced           ; Balanced           ;
; Carry Chain Length                                                         ; 70                 ; 70                 ;
; Auto Carry Chains                                                          ; On                 ; On                 ;
; Auto Open-Drain Pins                                                       ; On                 ; On                 ;
; Perform WYSIWYG Primitive Resynthesis                                      ; Off                ; Off                ;
; Auto ROM Replacement                                                       ; On                 ; On                 ;
; Auto RAM Replacement                                                       ; On                 ; On                 ;
; Auto DSP Block Replacement                                                 ; On                 ; On                 ;
; Auto Shift Register Replacement                                            ; Auto               ; Auto               ;
; Allow Shift Register Merging across Hierarchies                            ; Auto               ; Auto               ;
; Auto Clock Enable Replacement                                              ; On                 ; On                 ;
; Strict RAM Replacement                                                     ; Off                ; Off                ;
; Allow Synchronous Control Signals                                          ; On                 ; On                 ;
; Force Use of Synchronous Clear Signals                                     ; Off                ; Off                ;
; Auto RAM Block Balancing                                                   ; On                 ; On                 ;
; Auto RAM to Logic Cell Conversion                                          ; Off                ; Off                ;
; Auto Resource Sharing                                                      ; Off                ; Off                ;
; Allow Any RAM Size For Recognition                                         ; Off                ; Off                ;
; Allow Any ROM Size For Recognition                                         ; Off                ; Off                ;
; Allow Any Shift Register Size For Recognition                              ; Off                ; Off                ;
; Use LogicLock Constraints during Resource Balancing                        ; On                 ; On                 ;
; Ignore translate_off and synthesis_off directives                          ; Off                ; Off                ;
; Timing-Driven Synthesis                                                    ; On                 ; On                 ;
; Report Parameter Settings                                                  ; On                 ; On                 ;
; Report Source Assignments                                                  ; On                 ; On                 ;
; Report Connectivity Checks                                                 ; On                 ; On                 ;
; Ignore Maximum Fan-Out Assignments                                         ; Off                ; Off                ;
; Synchronization Register Chain Length                                      ; 2                  ; 2                  ;
; PowerPlay Power Optimization                                               ; Normal compilation ; Normal compilation ;
; HDL message level                                                          ; Level2             ; Level2             ;
; Suppress Register Optimization Related Messages                            ; Off                ; Off                ;
; Number of Removed Registers Reported in Synthesis Report                   ; 5000               ; 5000               ;
; Number of Swept Nodes Reported in Synthesis Report                         ; 5000               ; 5000               ;
; Number of Inverted Registers Reported in Synthesis Report                  ; 100                ; 100                ;
; Clock MUX Protection                                                       ; On                 ; On                 ;
; Auto Gated Clock Conversion                                                ; Off                ; Off                ;
; Block Design Naming                                                        ; Auto               ; Auto               ;
; SDC constraint protection                                                  ; Off                ; Off                ;
; Synthesis Effort                                                           ; Auto               ; Auto               ;
; Shift Register Replacement - Allow Asynchronous Clear Signal               ; On                 ; On                 ;
; Pre-Mapping Resynthesis Optimization                                       ; Off                ; Off                ;
; Analysis & Synthesis Message Level                                         ; Medium             ; Medium             ;
; Disable Register Merging Across Hierarchies                                ; Auto               ; Auto               ;
; Resource Aware Inference For Block RAM                                     ; On                 ; On                 ;
; Synthesis Seed                                                             ; 1                  ; 1                  ;
+----------------------------------------------------------------------------+--------------------+--------------------+


+------------------------------------------+
; Parallel Compilation                     ;
+----------------------------+-------------+
; Processors                 ; Number      ;
+----------------------------+-------------+
; Number detected on machine ; 16          ;
; Maximum allowed            ; 10          ;
;                            ;             ;
; Average used               ; 1.00        ;
; Maximum used               ; 2           ;
;                            ;             ;
; Usage by Processor         ; % Time Used ;
;     Processor 1            ; 100.0%      ;
;     Processor 2            ; < 0.1%      ;
;     Processors 3-16        ;   0.0%      ;
+----------------------------+-------------+


+-----------------------------------------------------------------------------------------------------------------------------------------------------------------------+
; Analysis & Synthesis Source Files Read                                                                                                                                ;
+----------------------------------+-----------------+------------------------------+-------------------------------------------------------------------------+---------+
; File Name with User-Entered Path ; Used in Netlist ; File Type                    ; File Name with Absolute Path                                            ; Library ;
+----------------------------------+-----------------+------------------------------+-------------------------------------------------------------------------+---------+
; clock_top_scheme1.vhd            ; yes             ; User VHDL File               ; C:/Users/Lenovo/Desktop/shudiankeshe/scheme1/clock_top_scheme1.vhd      ;         ;
; count_sec_bin.vhd                ; yes             ; User VHDL File               ; C:/Users/Lenovo/Desktop/shudiankeshe/scheme1/count_sec_bin.vhd          ;         ;
; count_min_bin.vhd                ; yes             ; User VHDL File               ; C:/Users/Lenovo/Desktop/shudiankeshe/scheme1/count_min_bin.vhd          ;         ;
; count_hour_bin.vhd               ; yes             ; User VHDL File               ; C:/Users/Lenovo/Desktop/shudiankeshe/scheme1/count_hour_bin.vhd         ;         ;
; bin2bcd.vhd                      ; yes             ; User VHDL File               ; C:/Users/Lenovo/Desktop/shudiankeshe/scheme1/bin2bcd.vhd                ;         ;
; seg7_decoder.vhd                 ; yes             ; User VHDL File               ; C:/Users/Lenovo/Desktop/shudiankeshe/scheme1/seg7_decoder.vhd           ;         ;
; ../digitalClock/diver.vhd        ; yes             ; User VHDL File               ; C:/Users/Lenovo/Desktop/shudiankeshe/digitalClock/diver.vhd             ;         ;
; ../digitalClock/mux21a.vhd       ; yes             ; User VHDL File               ; C:/Users/Lenovo/Desktop/shudiankeshe/digitalClock/mux21a.vhd            ;         ;
; ../digitalClock/mmux21a.vhd      ; yes             ; User VHDL File               ; C:/Users/Lenovo/Desktop/shudiankeshe/digitalClock/mmux21a.vhd           ;         ;
; ../digitalClock/switch.vhd       ; yes             ; User VHDL File               ; C:/Users/Lenovo/Desktop/shudiankeshe/digitalClock/switch.vhd            ;         ;
; ../digitalClock/trigger.vhd      ; yes             ; User VHDL File               ; C:/Users/Lenovo/Desktop/shudiankeshe/digitalClock/trigger.vhd           ;         ;
; ../digitalClock/baoshi.vhd       ; yes             ; User VHDL File               ; C:/Users/Lenovo/Desktop/shudiankeshe/digitalClock/baoshi.vhd            ;         ;
; ../digitalClock/alarm.vhd        ; yes             ; User VHDL File               ; C:/Users/Lenovo/Desktop/shudiankeshe/digitalClock/alarm.vhd             ;         ;
; lpm_divide.tdf                   ; yes             ; Megafunction                 ; d:/quartus/quartus/libraries/megafunctions/lpm_divide.tdf               ;         ;
; abs_divider.inc                  ; yes             ; Megafunction                 ; d:/quartus/quartus/libraries/megafunctions/abs_divider.inc              ;         ;
; sign_div_unsign.inc              ; yes             ; Megafunction                 ; d:/quartus/quartus/libraries/megafunctions/sign_div_unsign.inc          ;         ;
; aglobal131.inc                   ; yes             ; Megafunction                 ; d:/quartus/quartus/libraries/megafunctions/aglobal131.inc               ;         ;
; db/lpm_divide_d8m.tdf            ; yes             ; Auto-Generated Megafunction  ; C:/Users/Lenovo/Desktop/shudiankeshe/scheme1/db/lpm_divide_d8m.tdf      ;         ;
; db/sign_div_unsign_bkh.tdf       ; yes             ; Auto-Generated Megafunction  ; C:/Users/Lenovo/Desktop/shudiankeshe/scheme1/db/sign_div_unsign_bkh.tdf ;         ;
; db/alt_u_div_13f.tdf             ; yes             ; Auto-Generated Megafunction  ; C:/Users/Lenovo/Desktop/shudiankeshe/scheme1/db/alt_u_div_13f.tdf       ;         ;
; db/add_sub_unc.tdf               ; yes             ; Auto-Generated Megafunction  ; C:/Users/Lenovo/Desktop/shudiankeshe/scheme1/db/add_sub_unc.tdf         ;         ;
; db/add_sub_vnc.tdf               ; yes             ; Auto-Generated Megafunction  ; C:/Users/Lenovo/Desktop/shudiankeshe/scheme1/db/add_sub_vnc.tdf         ;         ;
; db/lpm_divide_8gm.tdf            ; yes             ; Auto-Generated Megafunction  ; C:/Users/Lenovo/Desktop/shudiankeshe/scheme1/db/lpm_divide_8gm.tdf      ;         ;
; db/sign_div_unsign_9kh.tdf       ; yes             ; Auto-Generated Megafunction  ; C:/Users/Lenovo/Desktop/shudiankeshe/scheme1/db/sign_div_unsign_9kh.tdf ;         ;
; db/alt_u_div_t2f.tdf             ; yes             ; Auto-Generated Megafunction  ; C:/Users/Lenovo/Desktop/shudiankeshe/scheme1/db/alt_u_div_t2f.tdf       ;         ;
+----------------------------------+-----------------+------------------------------+-------------------------------------------------------------------------+---------+


+----------------------------------------------------------------------+
; Analysis & Synthesis Resource Usage Summary                          ;
+---------------------------------------------+------------------------+
; Resource                                    ; Usage                  ;
+---------------------------------------------+------------------------+
; Estimated Total logic elements              ; 541                    ;
;                                             ;                        ;
; Total combinational functions               ; 541                    ;
; Logic element usage by number of LUT inputs ;                        ;
;     -- 4 input functions                    ; 126                    ;
;     -- 3 input functions                    ; 200                    ;
;     -- <=2 input functions                  ; 215                    ;
;                                             ;                        ;
; Logic elements by mode                      ;                        ;
;     -- normal mode                          ; 387                    ;
;     -- arithmetic mode                      ; 154                    ;
;                                             ;                        ;
; Total registers                             ; 39                     ;
;     -- Dedicated logic registers            ; 39                     ;
;     -- I/O registers                        ; 0                      ;
;                                             ;                        ;
; I/O pins                                    ; 72                     ;
; Embedded Multiplier 9-bit elements          ; 0                      ;
; Maximum fan-out node                        ; trigger:U_TRIGGER|temp ;
; Maximum fan-out                             ; 31                     ;
; Total fan-out                               ; 1688                   ;
; Average fan-out                             ; 2.33                   ;
+---------------------------------------------+------------------------+


+-------------------------------------------------------------------------------------------------------------------------------------------------------------------------------------------------------------------------------------------------------------------------------------------------------------------+
; Analysis & Synthesis Resource Utilization by Entity                                                                                                                                                                                                                                                               ;
+-------------------------------------------+-------------------+--------------+-------------+--------------+---------+-----------+------+--------------+--------------------------------------------------------------------------------------------------------------------------------------------+--------------+
; Compilation Hierarchy Node                ; LC Combinationals ; LC Registers ; Memory Bits ; DSP Elements ; DSP 9x9 ; DSP 18x18 ; Pins ; Virtual Pins ; Full Hierarchy Name                                                                                                                        ; Library Name ;
+-------------------------------------------+-------------------+--------------+-------------+--------------+---------+-----------+------+--------------+--------------------------------------------------------------------------------------------------------------------------------------------+--------------+
; |clock_top_scheme1                        ; 541 (1)           ; 39 (0)       ; 0           ; 0            ; 0       ; 0         ; 72   ; 0            ; |clock_top_scheme1                                                                                                                         ; work         ;
;    |alarm:U_ALARM|                        ; 9 (9)             ; 0 (0)        ; 0           ; 0            ; 0       ; 0         ; 0    ; 0            ; |clock_top_scheme1|alarm:U_ALARM                                                                                                           ; work         ;
;    |baoshi:U_BAOSHI|                      ; 4 (4)             ; 0 (0)        ; 0           ; 0            ; 0       ; 0         ; 0    ; 0            ; |clock_top_scheme1|baoshi:U_BAOSHI                                                                                                         ; work         ;
;    |bin2bcd:U_ABIN2BCD_HOUR|              ; 49 (4)            ; 0 (0)        ; 0           ; 0            ; 0       ; 0         ; 0    ; 0            ; |clock_top_scheme1|bin2bcd:U_ABIN2BCD_HOUR                                                                                                 ; work         ;
;       |lpm_divide:Div0|                   ; 19 (0)            ; 0 (0)        ; 0           ; 0            ; 0       ; 0         ; 0    ; 0            ; |clock_top_scheme1|bin2bcd:U_ABIN2BCD_HOUR|lpm_divide:Div0                                                                                 ; work         ;
;          |lpm_divide_8gm:auto_generated|  ; 19 (0)            ; 0 (0)        ; 0           ; 0            ; 0       ; 0         ; 0    ; 0            ; |clock_top_scheme1|bin2bcd:U_ABIN2BCD_HOUR|lpm_divide:Div0|lpm_divide_8gm:auto_generated                                                   ; work         ;
;             |sign_div_unsign_9kh:divider| ; 19 (0)            ; 0 (0)        ; 0           ; 0            ; 0       ; 0         ; 0    ; 0            ; |clock_top_scheme1|bin2bcd:U_ABIN2BCD_HOUR|lpm_divide:Div0|lpm_divide_8gm:auto_generated|sign_div_unsign_9kh:divider                       ; work         ;
;                |alt_u_div_t2f:divider|    ; 19 (19)           ; 0 (0)        ; 0           ; 0            ; 0       ; 0         ; 0    ; 0            ; |clock_top_scheme1|bin2bcd:U_ABIN2BCD_HOUR|lpm_divide:Div0|lpm_divide_8gm:auto_generated|sign_div_unsign_9kh:divider|alt_u_div_t2f:divider ; work         ;
;       |lpm_divide:Mod0|                   ; 26 (0)            ; 0 (0)        ; 0           ; 0            ; 0       ; 0         ; 0    ; 0            ; |clock_top_scheme1|bin2bcd:U_ABIN2BCD_HOUR|lpm_divide:Mod0                                                                                 ; work         ;
;          |lpm_divide_d8m:auto_generated|  ; 26 (0)            ; 0 (0)        ; 0           ; 0            ; 0       ; 0         ; 0    ; 0            ; |clock_top_scheme1|bin2bcd:U_ABIN2BCD_HOUR|lpm_divide:Mod0|lpm_divide_d8m:auto_generated                                                   ; work         ;
;             |sign_div_unsign_bkh:divider| ; 26 (0)            ; 0 (0)        ; 0           ; 0            ; 0       ; 0         ; 0    ; 0            ; |clock_top_scheme1|bin2bcd:U_ABIN2BCD_HOUR|lpm_divide:Mod0|lpm_divide_d8m:auto_generated|sign_div_unsign_bkh:divider                       ; work         ;
;                |alt_u_div_13f:divider|    ; 26 (26)           ; 0 (0)        ; 0           ; 0            ; 0       ; 0         ; 0    ; 0            ; |clock_top_scheme1|bin2bcd:U_ABIN2BCD_HOUR|lpm_divide:Mod0|lpm_divide_d8m:auto_generated|sign_div_unsign_bkh:divider|alt_u_div_13f:divider ; work         ;
;    |bin2bcd:U_ABIN2BCD_MIN|               ; 73 (1)            ; 0 (0)        ; 0           ; 0            ; 0       ; 0         ; 0    ; 0            ; |clock_top_scheme1|bin2bcd:U_ABIN2BCD_MIN                                                                                                  ; work         ;
;       |lpm_divide:Div0|                   ; 32 (0)            ; 0 (0)        ; 0           ; 0            ; 0       ; 0         ; 0    ; 0            ; |clock_top_scheme1|bin2bcd:U_ABIN2BCD_MIN|lpm_divide:Div0                                                                                  ; work         ;
;          |lpm_divide_8gm:auto_generated|  ; 32 (0)            ; 0 (0)        ; 0           ; 0            ; 0       ; 0         ; 0    ; 0            ; |clock_top_scheme1|bin2bcd:U_ABIN2BCD_MIN|lpm_divide:Div0|lpm_divide_8gm:auto_generated                                                    ; work         ;
;             |sign_div_unsign_9kh:divider| ; 32 (0)            ; 0 (0)        ; 0           ; 0            ; 0       ; 0         ; 0    ; 0            ; |clock_top_scheme1|bin2bcd:U_ABIN2BCD_MIN|lpm_divide:Div0|lpm_divide_8gm:auto_generated|sign_div_unsign_9kh:divider                        ; work         ;
;                |alt_u_div_t2f:divider|    ; 32 (32)           ; 0 (0)        ; 0           ; 0            ; 0       ; 0         ; 0    ; 0            ; |clock_top_scheme1|bin2bcd:U_ABIN2BCD_MIN|lpm_divide:Div0|lpm_divide_8gm:auto_generated|sign_div_unsign_9kh:divider|alt_u_div_t2f:divider  ; work         ;
;       |lpm_divide:Mod0|                   ; 40 (0)            ; 0 (0)        ; 0           ; 0            ; 0       ; 0         ; 0    ; 0            ; |clock_top_scheme1|bin2bcd:U_ABIN2BCD_MIN|lpm_divide:Mod0                                                                                  ; work         ;
;          |lpm_divide_d8m:auto_generated|  ; 40 (0)            ; 0 (0)        ; 0           ; 0            ; 0       ; 0         ; 0    ; 0            ; |clock_top_scheme1|bin2bcd:U_ABIN2BCD_MIN|lpm_divide:Mod0|lpm_divide_d8m:auto_generated                                                    ; work         ;
;             |sign_div_unsign_bkh:divider| ; 40 (0)            ; 0 (0)        ; 0           ; 0            ; 0       ; 0         ; 0    ; 0            ; |clock_top_scheme1|bin2bcd:U_ABIN2BCD_MIN|lpm_divide:Mod0|lpm_divide_d8m:auto_generated|sign_div_unsign_bkh:divider                        ; work         ;
;                |alt_u_div_13f:divider|    ; 40 (40)           ; 0 (0)        ; 0           ; 0            ; 0       ; 0         ; 0    ; 0            ; |clock_top_scheme1|bin2bcd:U_ABIN2BCD_MIN|lpm_divide:Mod0|lpm_divide_d8m:auto_generated|sign_div_unsign_bkh:divider|alt_u_div_13f:divider  ; work         ;
;    |bin2bcd:U_ABIN2BCD_SEC|               ; 69 (1)            ; 0 (0)        ; 0           ; 0            ; 0       ; 0         ; 0    ; 0            ; |clock_top_scheme1|bin2bcd:U_ABIN2BCD_SEC                                                                                                  ; work         ;
;       |lpm_divide:Div0|                   ; 32 (0)            ; 0 (0)        ; 0           ; 0            ; 0       ; 0         ; 0    ; 0            ; |clock_top_scheme1|bin2bcd:U_ABIN2BCD_SEC|lpm_divide:Div0                                                                                  ; work         ;
;          |lpm_divide_8gm:auto_generated|  ; 32 (0)            ; 0 (0)        ; 0           ; 0            ; 0       ; 0         ; 0    ; 0            ; |clock_top_scheme1|bin2bcd:U_ABIN2BCD_SEC|lpm_divide:Div0|lpm_divide_8gm:auto_generated                                                    ; work         ;
;             |sign_div_unsign_9kh:divider| ; 32 (0)            ; 0 (0)        ; 0           ; 0            ; 0       ; 0         ; 0    ; 0            ; |clock_top_scheme1|bin2bcd:U_ABIN2BCD_SEC|lpm_divide:Div0|lpm_divide_8gm:auto_generated|sign_div_unsign_9kh:divider                        ; work         ;
;                |alt_u_div_t2f:divider|    ; 32 (32)           ; 0 (0)        ; 0           ; 0            ; 0       ; 0         ; 0    ; 0            ; |clock_top_scheme1|bin2bcd:U_ABIN2BCD_SEC|lpm_divide:Div0|lpm_divide_8gm:auto_generated|sign_div_unsign_9kh:divider|alt_u_div_t2f:divider  ; work         ;
;       |lpm_divide:Mod0|                   ; 36 (0)            ; 0 (0)        ; 0           ; 0            ; 0       ; 0         ; 0    ; 0            ; |clock_top_scheme1|bin2bcd:U_ABIN2BCD_SEC|lpm_divide:Mod0                                                                                  ; work         ;
;          |lpm_divide_d8m:auto_generated|  ; 36 (0)            ; 0 (0)        ; 0           ; 0            ; 0       ; 0         ; 0    ; 0            ; |clock_top_scheme1|bin2bcd:U_ABIN2BCD_SEC|lpm_divide:Mod0|lpm_divide_d8m:auto_generated                                                    ; work         ;
;             |sign_div_unsign_bkh:divider| ; 36 (0)            ; 0 (0)        ; 0           ; 0            ; 0       ; 0         ; 0    ; 0            ; |clock_top_scheme1|bin2bcd:U_ABIN2BCD_SEC|lpm_divide:Mod0|lpm_divide_d8m:auto_generated|sign_div_unsign_bkh:divider                        ; work         ;
;                |alt_u_div_13f:divider|    ; 36 (36)           ; 0 (0)        ; 0           ; 0            ; 0       ; 0         ; 0    ; 0            ; |clock_top_scheme1|bin2bcd:U_ABIN2BCD_SEC|lpm_divide:Mod0|lpm_divide_d8m:auto_generated|sign_div_unsign_bkh:divider|alt_u_div_13f:divider  ; work         ;
;    |bin2bcd:U_BIN2BCD_HOUR|               ; 49 (4)            ; 0 (0)        ; 0           ; 0            ; 0       ; 0         ; 0    ; 0            ; |clock_top_scheme1|bin2bcd:U_BIN2BCD_HOUR                                                                                                  ; work         ;
;       |lpm_divide:Div0|                   ; 19 (0)            ; 0 (0)        ; 0           ; 0            ; 0       ; 0         ; 0    ; 0            ; |clock_top_scheme1|bin2bcd:U_BIN2BCD_HOUR|lpm_divide:Div0                                                                                  ; work         ;
;          |lpm_divide_8gm:auto_generated|  ; 19 (0)            ; 0 (0)        ; 0           ; 0            ; 0       ; 0         ; 0    ; 0            ; |clock_top_scheme1|bin2bcd:U_BIN2BCD_HOUR|lpm_divide:Div0|lpm_divide_8gm:auto_generated                                                    ; work         ;
;             |sign_div_unsign_9kh:divider| ; 19 (0)            ; 0 (0)        ; 0           ; 0            ; 0       ; 0         ; 0    ; 0            ; |clock_top_scheme1|bin2bcd:U_BIN2BCD_HOUR|lpm_divide:Div0|lpm_divide_8gm:auto_generated|sign_div_unsign_9kh:divider                        ; work         ;
;                |alt_u_div_t2f:divider|    ; 19 (19)           ; 0 (0)        ; 0           ; 0            ; 0       ; 0         ; 0    ; 0            ; |clock_top_scheme1|bin2bcd:U_BIN2BCD_HOUR|lpm_divide:Div0|lpm_divide_8gm:auto_generated|sign_div_unsign_9kh:divider|alt_u_div_t2f:divider  ; work         ;
;       |lpm_divide:Mod0|                   ; 26 (0)            ; 0 (0)        ; 0           ; 0            ; 0       ; 0         ; 0    ; 0            ; |clock_top_scheme1|bin2bcd:U_BIN2BCD_HOUR|lpm_divide:Mod0                                                                                  ; work         ;
;          |lpm_divide_d8m:auto_generated|  ; 26 (0)            ; 0 (0)        ; 0           ; 0            ; 0       ; 0         ; 0    ; 0            ; |clock_top_scheme1|bin2bcd:U_BIN2BCD_HOUR|lpm_divide:Mod0|lpm_divide_d8m:auto_generated                                                    ; work         ;
;             |sign_div_unsign_bkh:divider| ; 26 (0)            ; 0 (0)        ; 0           ; 0            ; 0       ; 0         ; 0    ; 0            ; |clock_top_scheme1|bin2bcd:U_BIN2BCD_HOUR|lpm_divide:Mod0|lpm_divide_d8m:auto_generated|sign_div_unsign_bkh:divider                        ; work         ;
;                |alt_u_div_13f:divider|    ; 26 (26)           ; 0 (0)        ; 0           ; 0            ; 0       ; 0         ; 0    ; 0            ; |clock_top_scheme1|bin2bcd:U_BIN2BCD_HOUR|lpm_divide:Mod0|lpm_divide_d8m:auto_generated|sign_div_unsign_bkh:divider|alt_u_div_13f:divider  ; work         ;
;    |bin2bcd:U_BIN2BCD_MIN|                ; 73 (1)            ; 0 (0)        ; 0           ; 0            ; 0       ; 0         ; 0    ; 0            ; |clock_top_scheme1|bin2bcd:U_BIN2BCD_MIN                                                                                                   ; work         ;
;       |lpm_divide:Div0|                   ; 32 (0)            ; 0 (0)        ; 0           ; 0            ; 0       ; 0         ; 0    ; 0            ; |clock_top_scheme1|bin2bcd:U_BIN2BCD_MIN|lpm_divide:Div0                                                                                   ; work         ;
;          |lpm_divide_8gm:auto_generated|  ; 32 (0)            ; 0 (0)        ; 0           ; 0            ; 0       ; 0         ; 0    ; 0            ; |clock_top_scheme1|bin2bcd:U_BIN2BCD_MIN|lpm_divide:Div0|lpm_divide_8gm:auto_generated                                                     ; work         ;
;             |sign_div_unsign_9kh:divider| ; 32 (0)            ; 0 (0)        ; 0           ; 0            ; 0       ; 0         ; 0    ; 0            ; |clock_top_scheme1|bin2bcd:U_BIN2BCD_MIN|lpm_divide:Div0|lpm_divide_8gm:auto_generated|sign_div_unsign_9kh:divider                         ; work         ;
;                |alt_u_div_t2f:divider|    ; 32 (32)           ; 0 (0)        ; 0           ; 0            ; 0       ; 0         ; 0    ; 0            ; |clock_top_scheme1|bin2bcd:U_BIN2BCD_MIN|lpm_divide:Div0|lpm_divide_8gm:auto_generated|sign_div_unsign_9kh:divider|alt_u_div_t2f:divider   ; work         ;
;       |lpm_divide:Mod0|                   ; 40 (0)            ; 0 (0)        ; 0           ; 0            ; 0       ; 0         ; 0    ; 0            ; |clock_top_scheme1|bin2bcd:U_BIN2BCD_MIN|lpm_divide:Mod0                                                                                   ; work         ;
;          |lpm_divide_d8m:auto_generated|  ; 40 (0)            ; 0 (0)        ; 0           ; 0            ; 0       ; 0         ; 0    ; 0            ; |clock_top_scheme1|bin2bcd:U_BIN2BCD_MIN|lpm_divide:Mod0|lpm_divide_d8m:auto_generated                                                     ; work         ;
;             |sign_div_unsign_bkh:divider| ; 40 (0)            ; 0 (0)        ; 0           ; 0            ; 0       ; 0         ; 0    ; 0            ; |clock_top_scheme1|bin2bcd:U_BIN2BCD_MIN|lpm_divide:Mod0|lpm_divide_d8m:auto_generated|sign_div_unsign_bkh:divider                         ; work         ;
;                |alt_u_div_13f:divider|    ; 40 (40)           ; 0 (0)        ; 0           ; 0            ; 0       ; 0         ; 0    ; 0            ; |clock_top_scheme1|bin2bcd:U_BIN2BCD_MIN|lpm_divide:Mod0|lpm_divide_d8m:auto_generated|sign_div_unsign_bkh:divider|alt_u_div_13f:divider   ; work         ;
;    |bin2bcd:U_BIN2BCD_SEC|                ; 69 (1)            ; 0 (0)        ; 0           ; 0            ; 0       ; 0         ; 0    ; 0            ; |clock_top_scheme1|bin2bcd:U_BIN2BCD_SEC                                                                                                   ; work         ;
;       |lpm_divide:Div0|                   ; 32 (0)            ; 0 (0)        ; 0           ; 0            ; 0       ; 0         ; 0    ; 0            ; |clock_top_scheme1|bin2bcd:U_BIN2BCD_SEC|lpm_divide:Div0                                                                                   ; work         ;
;          |lpm_divide_8gm:auto_generated|  ; 32 (0)            ; 0 (0)        ; 0           ; 0            ; 0       ; 0         ; 0    ; 0            ; |clock_top_scheme1|bin2bcd:U_BIN2BCD_SEC|lpm_divide:Div0|lpm_divide_8gm:auto_generated                                                     ; work         ;
;             |sign_div_unsign_9kh:divider| ; 32 (0)            ; 0 (0)        ; 0           ; 0            ; 0       ; 0         ; 0    ; 0            ; |clock_top_scheme1|bin2bcd:U_BIN2BCD_SEC|lpm_divide:Div0|lpm_divide_8gm:auto_generated|sign_div_unsign_9kh:divider                         ; work         ;
;                |alt_u_div_t2f:divider|    ; 32 (32)           ; 0 (0)        ; 0           ; 0            ; 0       ; 0         ; 0    ; 0            ; |clock_top_scheme1|bin2bcd:U_BIN2BCD_SEC|lpm_divide:Div0|lpm_divide_8gm:auto_generated|sign_div_unsign_9kh:divider|alt_u_div_t2f:divider   ; work         ;
;       |lpm_divide:Mod0|                   ; 36 (0)            ; 0 (0)        ; 0           ; 0            ; 0       ; 0         ; 0    ; 0            ; |clock_top_scheme1|bin2bcd:U_BIN2BCD_SEC|lpm_divide:Mod0                                                                                   ; work         ;
;          |lpm_divide_d8m:auto_generated|  ; 36 (0)            ; 0 (0)        ; 0           ; 0            ; 0       ; 0         ; 0    ; 0            ; |clock_top_scheme1|bin2bcd:U_BIN2BCD_SEC|lpm_divide:Mod0|lpm_divide_d8m:auto_generated                                                     ; work         ;
;             |sign_div_unsign_bkh:divider| ; 36 (0)            ; 0 (0)        ; 0           ; 0            ; 0       ; 0         ; 0    ; 0            ; |clock_top_scheme1|bin2bcd:U_BIN2BCD_SEC|lpm_divide:Mod0|lpm_divide_d8m:auto_generated|sign_div_unsign_bkh:divider                         ; work         ;
;                |alt_u_div_13f:divider|    ; 36 (36)           ; 0 (0)        ; 0           ; 0            ; 0       ; 0         ; 0    ; 0            ; |clock_top_scheme1|bin2bcd:U_BIN2BCD_SEC|lpm_divide:Mod0|lpm_divide_d8m:auto_generated|sign_div_unsign_bkh:divider|alt_u_div_13f:divider   ; work         ;
;    |count_hour_bin:U_HOUR_ALARM|          ; 8 (8)             ; 5 (5)        ; 0           ; 0            ; 0       ; 0         ; 0    ; 0            ; |clock_top_scheme1|count_hour_bin:U_HOUR_ALARM                                                                                             ; work         ;
;    |count_hour_bin:U_HOUR_BIN|            ; 8 (8)             ; 5 (5)        ; 0           ; 0            ; 0       ; 0         ; 0    ; 0            ; |clock_top_scheme1|count_hour_bin:U_HOUR_BIN                                                                                               ; work         ;
;    |count_min_bin:U_MIN_ALARM|            ; 11 (11)           ; 6 (6)        ; 0           ; 0            ; 0       ; 0         ; 0    ; 0            ; |clock_top_scheme1|count_min_bin:U_MIN_ALARM                                                                                               ; work         ;
;    |count_min_bin:U_MIN_BIN|              ; 12 (12)           ; 6 (6)        ; 0           ; 0            ; 0       ; 0         ; 0    ; 0            ; |clock_top_scheme1|count_min_bin:U_MIN_BIN                                                                                                 ; work         ;
;    |count_sec_bin:U_SEC_ALARM|            ; 11 (11)           ; 6 (6)        ; 0           ; 0            ; 0       ; 0         ; 0    ; 0            ; |clock_top_scheme1|count_sec_bin:U_SEC_ALARM                                                                                               ; work         ;
;    |count_sec_bin:U_SEC_BIN|              ; 12 (12)           ; 6 (6)        ; 0           ; 0            ; 0       ; 0         ; 0    ; 0            ; |clock_top_scheme1|count_sec_bin:U_SEC_BIN                                                                                                 ; work         ;
;    |diver:U_DIVER|                        ; 4 (4)             ; 4 (4)        ; 0           ; 0            ; 0       ; 0         ; 0    ; 0            ; |clock_top_scheme1|diver:U_DIVER                                                                                                           ; work         ;
;    |mmux21a:U_MUX_DISP0|                  ; 17 (17)           ; 0 (0)        ; 0           ; 0            ; 0       ; 0         ; 0    ; 0            ; |clock_top_scheme1|mmux21a:U_MUX_DISP0                                                                                                     ; work         ;
;    |mmux21a:U_MUX_DISP1|                  ; 3 (3)             ; 0 (0)        ; 0           ; 0            ; 0       ; 0         ; 0    ; 0            ; |clock_top_scheme1|mmux21a:U_MUX_DISP1                                                                                                     ; work         ;
;    |mmux21a:U_MUX_DISP2|                  ; 4 (4)             ; 0 (0)        ; 0           ; 0            ; 0       ; 0         ; 0    ; 0            ; |clock_top_scheme1|mmux21a:U_MUX_DISP2                                                                                                     ; work         ;
;    |mmux21a:U_MUX_DISP3|                  ; 3 (3)             ; 0 (0)        ; 0           ; 0            ; 0       ; 0         ; 0    ; 0            ; |clock_top_scheme1|mmux21a:U_MUX_DISP3                                                                                                     ; work         ;
;    |mmux21a:U_MUX_DISP4|                  ; 4 (4)             ; 0 (0)        ; 0           ; 0            ; 0       ; 0         ; 0    ; 0            ; |clock_top_scheme1|mmux21a:U_MUX_DISP4                                                                                                     ; work         ;
;    |mmux21a:U_MUX_DISP5|                  ; 2 (2)             ; 0 (0)        ; 0           ; 0            ; 0       ; 0         ; 0    ; 0            ; |clock_top_scheme1|mmux21a:U_MUX_DISP5                                                                                                     ; work         ;
;    |mux21a:U_MUX_HOUR|                    ; 1 (1)             ; 0 (0)        ; 0           ; 0            ; 0       ; 0         ; 0    ; 0            ; |clock_top_scheme1|mux21a:U_MUX_HOUR                                                                                                       ; work         ;
;    |mux21a:U_MUX_MIN|                     ; 1 (1)             ; 0 (0)        ; 0           ; 0            ; 0       ; 0         ; 0    ; 0            ; |clock_top_scheme1|mux21a:U_MUX_MIN                                                                                                        ; work         ;
;    |seg7_decoder:U_SEG_HOUR0|             ; 7 (7)             ; 0 (0)        ; 0           ; 0            ; 0       ; 0         ; 0    ; 0            ; |clock_top_scheme1|seg7_decoder:U_SEG_HOUR0                                                                                                ; work         ;
;    |seg7_decoder:U_SEG_HOUR1|             ; 3 (3)             ; 0 (0)        ; 0           ; 0            ; 0       ; 0         ; 0    ; 0            ; |clock_top_scheme1|seg7_decoder:U_SEG_HOUR1                                                                                                ; work         ;
;    |seg7_decoder:U_SEG_MIN0|              ; 7 (7)             ; 0 (0)        ; 0           ; 0            ; 0       ; 0         ; 0    ; 0            ; |clock_top_scheme1|seg7_decoder:U_SEG_MIN0                                                                                                 ; work         ;
;    |seg7_decoder:U_SEG_MIN1|              ; 7 (7)             ; 0 (0)        ; 0           ; 0            ; 0       ; 0         ; 0    ; 0            ; |clock_top_scheme1|seg7_decoder:U_SEG_MIN1                                                                                                 ; work         ;
;    |seg7_decoder:U_SEG_SEC0|              ; 7 (7)             ; 0 (0)        ; 0           ; 0            ; 0       ; 0         ; 0    ; 0            ; |clock_top_scheme1|seg7_decoder:U_SEG_SEC0                                                                                                 ; work         ;
;    |seg7_decoder:U_SEG_SEC1|              ; 7 (7)             ; 0 (0)        ; 0           ; 0            ; 0       ; 0         ; 0    ; 0            ; |clock_top_scheme1|seg7_decoder:U_SEG_SEC1                                                                                                 ; work         ;
;    |switch:U_SW_HOUR|                     ; 2 (2)             ; 0 (0)        ; 0           ; 0            ; 0       ; 0         ; 0    ; 0            ; |clock_top_scheme1|switch:U_SW_HOUR                                                                                                        ; work         ;
;    |switch:U_SW_MIN|                      ; 2 (2)             ; 0 (0)        ; 0           ; 0            ; 0       ; 0         ; 0    ; 0            ; |clock_top_scheme1|switch:U_SW_MIN                                                                                                         ; work         ;
;    |switch:U_SW_SEC|                      ; 1 (1)             ; 0 (0)        ; 0           ; 0            ; 0       ; 0         ; 0    ; 0            ; |clock_top_scheme1|switch:U_SW_SEC                                                                                                         ; work         ;
;    |trigger:U_TRIGGER|                    ; 1 (1)             ; 1 (1)        ; 0           ; 0            ; 0       ; 0         ; 0    ; 0            ; |clock_top_scheme1|trigger:U_TRIGGER                                                                                                       ; work         ;
+-------------------------------------------+-------------------+--------------+-------------+--------------+---------+-----------+------+--------------+--------------------------------------------------------------------------------------------------------------------------------------------+--------------+
Note: For table entries with two numbers listed, the numbers in parentheses indicate the number of resources of the given type used by the specific entity alone. The numbers listed outside of parentheses indicate the total resources of the given type used by the specific entity and all of its sub-entities in the hierarchy.


+--------------------------------------------------------------------------------+
; Registers Removed During Synthesis                                             ;
+---------------------------------------+----------------------------------------+
; Register name                         ; Reason for Removal                     ;
+---------------------------------------+----------------------------------------+
; diver:U_DIVER|cnt_1                   ; Stuck at GND due to stuck port data_in ;
; Total Number of Removed Registers = 1 ;                                        ;
+---------------------------------------+----------------------------------------+


+------------------------------------------------------+
; General Register Statistics                          ;
+----------------------------------------------+-------+
; Statistic                                    ; Value ;
+----------------------------------------------+-------+
; Total registers                              ; 39    ;
; Number of registers using Synchronous Clear  ; 0     ;
; Number of registers using Synchronous Load   ; 0     ;
; Number of registers using Asynchronous Clear ; 0     ;
; Number of registers using Asynchronous Load  ; 0     ;
; Number of registers using Clock Enable       ; 17    ;
; Number of registers using Preset             ; 0     ;
+----------------------------------------------+-------+


+----------------------------------------------------------------------------------------+
; Parameter Settings for Inferred Entity Instance: bin2bcd:U_BIN2BCD_SEC|lpm_divide:Mod0 ;
+------------------------+----------------+----------------------------------------------+
; Parameter Name         ; Value          ; Type                                         ;
+------------------------+----------------+----------------------------------------------+
; LPM_WIDTHN             ; 6              ; Untyped                                      ;
; LPM_WIDTHD             ; 6              ; Untyped                                      ;
; LPM_NREPRESENTATION    ; UNSIGNED       ; Untyped                                      ;
; LPM_DREPRESENTATION    ; UNSIGNED       ; Untyped                                      ;
; LPM_PIPELINE           ; 0              ; Untyped                                      ;
; LPM_REMAINDERPOSITIVE  ; TRUE           ; Untyped                                      ;
; MAXIMIZE_SPEED         ; 5              ; Untyped                                      ;
; CBXI_PARAMETER         ; lpm_divide_d8m ; Untyped                                      ;
; CARRY_CHAIN            ; MANUAL         ; Untyped                                      ;
; OPTIMIZE_FOR_SPEED     ; 5              ; Untyped                                      ;
; AUTO_CARRY_CHAINS      ; ON             ; AUTO_CARRY                                   ;
; IGNORE_CARRY_BUFFERS   ; OFF            ; IGNORE_CARRY                                 ;
; AUTO_CASCADE_CHAINS    ; ON             ; AUTO_CASCADE                                 ;
; IGNORE_CASCADE_BUFFERS ; OFF            ; IGNORE_CASCADE                               ;
+------------------------+----------------+----------------------------------------------+
Note: In order to hide this table in the UI and the text report file, please set the "Show Parameter Settings in Synthesis Report" option in "Analysis and Synthesis Settings -> More Settings" to "Off".


+-----------------------------------------------------------------------------------------+
; Parameter Settings for Inferred Entity Instance: bin2bcd:U_ABIN2BCD_SEC|lpm_divide:Mod0 ;
+------------------------+----------------+-----------------------------------------------+
; Parameter Name         ; Value          ; Type                                          ;
+------------------------+----------------+-----------------------------------------------+
; LPM_WIDTHN             ; 6              ; Untyped                                       ;
; LPM_WIDTHD             ; 6              ; Untyped                                       ;
; LPM_NREPRESENTATION    ; UNSIGNED       ; Untyped                                       ;
; LPM_DREPRESENTATION    ; UNSIGNED       ; Untyped                                       ;
; LPM_PIPELINE           ; 0              ; Untyped                                       ;
; LPM_REMAINDERPOSITIVE  ; TRUE           ; Untyped                                       ;
; MAXIMIZE_SPEED         ; 5              ; Untyped                                       ;
; CBXI_PARAMETER         ; lpm_divide_d8m ; Untyped                                       ;
; CARRY_CHAIN            ; MANUAL         ; Untyped                                       ;
; OPTIMIZE_FOR_SPEED     ; 5              ; Untyped                                       ;
; AUTO_CARRY_CHAINS      ; ON             ; AUTO_CARRY                                    ;
; IGNORE_CARRY_BUFFERS   ; OFF            ; IGNORE_CARRY                                  ;
; AUTO_CASCADE_CHAINS    ; ON             ; AUTO_CASCADE                                  ;
; IGNORE_CASCADE_BUFFERS ; OFF            ; IGNORE_CASCADE                                ;
+------------------------+----------------+-----------------------------------------------+
Note: In order to hide this table in the UI and the text report file, please set the "Show Parameter Settings in Synthesis Report" option in "Analysis and Synthesis Settings -> More Settings" to "Off".


+----------------------------------------------------------------------------------------+
; Parameter Settings for Inferred Entity Instance: bin2bcd:U_BIN2BCD_SEC|lpm_divide:Div0 ;
+------------------------+----------------+----------------------------------------------+
; Parameter Name         ; Value          ; Type                                         ;
+------------------------+----------------+----------------------------------------------+
; LPM_WIDTHN             ; 6              ; Untyped                                      ;
; LPM_WIDTHD             ; 4              ; Untyped                                      ;
; LPM_NREPRESENTATION    ; UNSIGNED       ; Untyped                                      ;
; LPM_DREPRESENTATION    ; UNSIGNED       ; Untyped                                      ;
; LPM_PIPELINE           ; 0              ; Untyped                                      ;
; LPM_REMAINDERPOSITIVE  ; TRUE           ; Untyped                                      ;
; MAXIMIZE_SPEED         ; 5              ; Untyped                                      ;
; CBXI_PARAMETER         ; lpm_divide_8gm ; Untyped                                      ;
; CARRY_CHAIN            ; MANUAL         ; Untyped                                      ;
; OPTIMIZE_FOR_SPEED     ; 5              ; Untyped                                      ;
; AUTO_CARRY_CHAINS      ; ON             ; AUTO_CARRY                                   ;
; IGNORE_CARRY_BUFFERS   ; OFF            ; IGNORE_CARRY                                 ;
; AUTO_CASCADE_CHAINS    ; ON             ; AUTO_CASCADE                                 ;
; IGNORE_CASCADE_BUFFERS ; OFF            ; IGNORE_CASCADE                               ;
+------------------------+----------------+----------------------------------------------+
Note: In order to hide this table in the UI and the text report file, please set the "Show Parameter Settings in Synthesis Report" option in "Analysis and Synthesis Settings -> More Settings" to "Off".


+-----------------------------------------------------------------------------------------+
; Parameter Settings for Inferred Entity Instance: bin2bcd:U_ABIN2BCD_SEC|lpm_divide:Div0 ;
+------------------------+----------------+-----------------------------------------------+
; Parameter Name         ; Value          ; Type                                          ;
+------------------------+----------------+-----------------------------------------------+
; LPM_WIDTHN             ; 6              ; Untyped                                       ;
; LPM_WIDTHD             ; 4              ; Untyped                                       ;
; LPM_NREPRESENTATION    ; UNSIGNED       ; Untyped                                       ;
; LPM_DREPRESENTATION    ; UNSIGNED       ; Untyped                                       ;
; LPM_PIPELINE           ; 0              ; Untyped                                       ;
; LPM_REMAINDERPOSITIVE  ; TRUE           ; Untyped                                       ;
; MAXIMIZE_SPEED         ; 5              ; Untyped                                       ;
; CBXI_PARAMETER         ; lpm_divide_8gm ; Untyped                                       ;
; CARRY_CHAIN            ; MANUAL         ; Untyped                                       ;
; OPTIMIZE_FOR_SPEED     ; 5              ; Untyped                                       ;
; AUTO_CARRY_CHAINS      ; ON             ; AUTO_CARRY                                    ;
; IGNORE_CARRY_BUFFERS   ; OFF            ; IGNORE_CARRY                                  ;
; AUTO_CASCADE_CHAINS    ; ON             ; AUTO_CASCADE                                  ;
; IGNORE_CASCADE_BUFFERS ; OFF            ; IGNORE_CASCADE                                ;
+------------------------+----------------+-----------------------------------------------+
Note: In order to hide this table in the UI and the text report file, please set the "Show Parameter Settings in Synthesis Report" option in "Analysis and Synthesis Settings -> More Settings" to "Off".


+----------------------------------------------------------------------------------------+
; Parameter Settings for Inferred Entity Instance: bin2bcd:U_BIN2BCD_MIN|lpm_divide:Mod0 ;
+------------------------+----------------+----------------------------------------------+
; Parameter Name         ; Value          ; Type                                         ;
+------------------------+----------------+----------------------------------------------+
; LPM_WIDTHN             ; 6              ; Untyped                                      ;
; LPM_WIDTHD             ; 6              ; Untyped                                      ;
; LPM_NREPRESENTATION    ; UNSIGNED       ; Untyped                                      ;
; LPM_DREPRESENTATION    ; UNSIGNED       ; Untyped                                      ;
; LPM_PIPELINE           ; 0              ; Untyped                                      ;
; LPM_REMAINDERPOSITIVE  ; TRUE           ; Untyped                                      ;
; MAXIMIZE_SPEED         ; 5              ; Untyped                                      ;
; CBXI_PARAMETER         ; lpm_divide_d8m ; Untyped                                      ;
; CARRY_CHAIN            ; MANUAL         ; Untyped                                      ;
; OPTIMIZE_FOR_SPEED     ; 5              ; Untyped                                      ;
; AUTO_CARRY_CHAINS      ; ON             ; AUTO_CARRY                                   ;
; IGNORE_CARRY_BUFFERS   ; OFF            ; IGNORE_CARRY                                 ;
; AUTO_CASCADE_CHAINS    ; ON             ; AUTO_CASCADE                                 ;
; IGNORE_CASCADE_BUFFERS ; OFF            ; IGNORE_CASCADE                               ;
+------------------------+----------------+----------------------------------------------+
Note: In order to hide this table in the UI and the text report file, please set the "Show Parameter Settings in Synthesis Report" option in "Analysis and Synthesis Settings -> More Settings" to "Off".


+-----------------------------------------------------------------------------------------+
; Parameter Settings for Inferred Entity Instance: bin2bcd:U_ABIN2BCD_MIN|lpm_divide:Mod0 ;
+------------------------+----------------+-----------------------------------------------+
; Parameter Name         ; Value          ; Type                                          ;
+------------------------+----------------+-----------------------------------------------+
; LPM_WIDTHN             ; 6              ; Untyped                                       ;
; LPM_WIDTHD             ; 6              ; Untyped                                       ;
; LPM_NREPRESENTATION    ; UNSIGNED       ; Untyped                                       ;
; LPM_DREPRESENTATION    ; UNSIGNED       ; Untyped                                       ;
; LPM_PIPELINE           ; 0              ; Untyped                                       ;
; LPM_REMAINDERPOSITIVE  ; TRUE           ; Untyped                                       ;
; MAXIMIZE_SPEED         ; 5              ; Untyped                                       ;
; CBXI_PARAMETER         ; lpm_divide_d8m ; Untyped                                       ;
; CARRY_CHAIN            ; MANUAL         ; Untyped                                       ;
; OPTIMIZE_FOR_SPEED     ; 5              ; Untyped                                       ;
; AUTO_CARRY_CHAINS      ; ON             ; AUTO_CARRY                                    ;
; IGNORE_CARRY_BUFFERS   ; OFF            ; IGNORE_CARRY                                  ;
; AUTO_CASCADE_CHAINS    ; ON             ; AUTO_CASCADE                                  ;
; IGNORE_CASCADE_BUFFERS ; OFF            ; IGNORE_CASCADE                                ;
+------------------------+----------------+-----------------------------------------------+
Note: In order to hide this table in the UI and the text report file, please set the "Show Parameter Settings in Synthesis Report" option in "Analysis and Synthesis Settings -> More Settings" to "Off".


+----------------------------------------------------------------------------------------+
; Parameter Settings for Inferred Entity Instance: bin2bcd:U_BIN2BCD_MIN|lpm_divide:Div0 ;
+------------------------+----------------+----------------------------------------------+
; Parameter Name         ; Value          ; Type                                         ;
+------------------------+----------------+----------------------------------------------+
; LPM_WIDTHN             ; 6              ; Untyped                                      ;
; LPM_WIDTHD             ; 4              ; Untyped                                      ;
; LPM_NREPRESENTATION    ; UNSIGNED       ; Untyped                                      ;
; LPM_DREPRESENTATION    ; UNSIGNED       ; Untyped                                      ;
; LPM_PIPELINE           ; 0              ; Untyped                                      ;
; LPM_REMAINDERPOSITIVE  ; TRUE           ; Untyped                                      ;
; MAXIMIZE_SPEED         ; 5              ; Untyped                                      ;
; CBXI_PARAMETER         ; lpm_divide_8gm ; Untyped                                      ;
; CARRY_CHAIN            ; MANUAL         ; Untyped                                      ;
; OPTIMIZE_FOR_SPEED     ; 5              ; Untyped                                      ;
; AUTO_CARRY_CHAINS      ; ON             ; AUTO_CARRY                                   ;
; IGNORE_CARRY_BUFFERS   ; OFF            ; IGNORE_CARRY                                 ;
; AUTO_CASCADE_CHAINS    ; ON             ; AUTO_CASCADE                                 ;
; IGNORE_CASCADE_BUFFERS ; OFF            ; IGNORE_CASCADE                               ;
+------------------------+----------------+----------------------------------------------+
Note: In order to hide this table in the UI and the text report file, please set the "Show Parameter Settings in Synthesis Report" option in "Analysis and Synthesis Settings -> More Settings" to "Off".


+-----------------------------------------------------------------------------------------+
; Parameter Settings for Inferred Entity Instance: bin2bcd:U_ABIN2BCD_MIN|lpm_divide:Div0 ;
+------------------------+----------------+-----------------------------------------------+
; Parameter Name         ; Value          ; Type                                          ;
+------------------------+----------------+-----------------------------------------------+
; LPM_WIDTHN             ; 6              ; Untyped                                       ;
; LPM_WIDTHD             ; 4              ; Untyped                                       ;
; LPM_NREPRESENTATION    ; UNSIGNED       ; Untyped                                       ;
; LPM_DREPRESENTATION    ; UNSIGNED       ; Untyped                                       ;
; LPM_PIPELINE           ; 0              ; Untyped                                       ;
; LPM_REMAINDERPOSITIVE  ; TRUE           ; Untyped                                       ;
; MAXIMIZE_SPEED         ; 5              ; Untyped                                       ;
; CBXI_PARAMETER         ; lpm_divide_8gm ; Untyped                                       ;
; CARRY_CHAIN            ; MANUAL         ; Untyped                                       ;
; OPTIMIZE_FOR_SPEED     ; 5              ; Untyped                                       ;
; AUTO_CARRY_CHAINS      ; ON             ; AUTO_CARRY                                    ;
; IGNORE_CARRY_BUFFERS   ; OFF            ; IGNORE_CARRY                                  ;
; AUTO_CASCADE_CHAINS    ; ON             ; AUTO_CASCADE                                  ;
; IGNORE_CASCADE_BUFFERS ; OFF            ; IGNORE_CASCADE                                ;
+------------------------+----------------+-----------------------------------------------+
Note: In order to hide this table in the UI and the text report file, please set the "Show Parameter Settings in Synthesis Report" option in "Analysis and Synthesis Settings -> More Settings" to "Off".


+-----------------------------------------------------------------------------------------+
; Parameter Settings for Inferred Entity Instance: bin2bcd:U_BIN2BCD_HOUR|lpm_divide:Mod0 ;
+------------------------+----------------+-----------------------------------------------+
; Parameter Name         ; Value          ; Type                                          ;
+------------------------+----------------+-----------------------------------------------+
; LPM_WIDTHN             ; 6              ; Untyped                                       ;
; LPM_WIDTHD             ; 6              ; Untyped                                       ;
; LPM_NREPRESENTATION    ; UNSIGNED       ; Untyped                                       ;
; LPM_DREPRESENTATION    ; UNSIGNED       ; Untyped                                       ;
; LPM_PIPELINE           ; 0              ; Untyped                                       ;
; LPM_REMAINDERPOSITIVE  ; TRUE           ; Untyped                                       ;
; MAXIMIZE_SPEED         ; 5              ; Untyped                                       ;
; CBXI_PARAMETER         ; lpm_divide_d8m ; Untyped                                       ;
; CARRY_CHAIN            ; MANUAL         ; Untyped                                       ;
; OPTIMIZE_FOR_SPEED     ; 5              ; Untyped                                       ;
; AUTO_CARRY_CHAINS      ; ON             ; AUTO_CARRY                                    ;
; IGNORE_CARRY_BUFFERS   ; OFF            ; IGNORE_CARRY                                  ;
; AUTO_CASCADE_CHAINS    ; ON             ; AUTO_CASCADE                                  ;
; IGNORE_CASCADE_BUFFERS ; OFF            ; IGNORE_CASCADE                                ;
+------------------------+----------------+-----------------------------------------------+
Note: In order to hide this table in the UI and the text report file, please set the "Show Parameter Settings in Synthesis Report" option in "Analysis and Synthesis Settings -> More Settings" to "Off".


+------------------------------------------------------------------------------------------+
; Parameter Settings for Inferred Entity Instance: bin2bcd:U_ABIN2BCD_HOUR|lpm_divide:Mod0 ;
+------------------------+----------------+------------------------------------------------+
; Parameter Name         ; Value          ; Type                                           ;
+------------------------+----------------+------------------------------------------------+
; LPM_WIDTHN             ; 6              ; Untyped                                        ;
; LPM_WIDTHD             ; 6              ; Untyped                                        ;
; LPM_NREPRESENTATION    ; UNSIGNED       ; Untyped                                        ;
; LPM_DREPRESENTATION    ; UNSIGNED       ; Untyped                                        ;
; LPM_PIPELINE           ; 0              ; Untyped                                        ;
; LPM_REMAINDERPOSITIVE  ; TRUE           ; Untyped                                        ;
; MAXIMIZE_SPEED         ; 5              ; Untyped                                        ;
; CBXI_PARAMETER         ; lpm_divide_d8m ; Untyped                                        ;
; CARRY_CHAIN            ; MANUAL         ; Untyped                                        ;
; OPTIMIZE_FOR_SPEED     ; 5              ; Untyped                                        ;
; AUTO_CARRY_CHAINS      ; ON             ; AUTO_CARRY                                     ;
; IGNORE_CARRY_BUFFERS   ; OFF            ; IGNORE_CARRY                                   ;
; AUTO_CASCADE_CHAINS    ; ON             ; AUTO_CASCADE                                   ;
; IGNORE_CASCADE_BUFFERS ; OFF            ; IGNORE_CASCADE                                 ;
+------------------------+----------------+------------------------------------------------+
Note: In order to hide this table in the UI and the text report file, please set the "Show Parameter Settings in Synthesis Report" option in "Analysis and Synthesis Settings -> More Settings" to "Off".


+-----------------------------------------------------------------------------------------+
; Parameter Settings for Inferred Entity Instance: bin2bcd:U_BIN2BCD_HOUR|lpm_divide:Div0 ;
+------------------------+----------------+-----------------------------------------------+
; Parameter Name         ; Value          ; Type                                          ;
+------------------------+----------------+-----------------------------------------------+
; LPM_WIDTHN             ; 6              ; Untyped                                       ;
; LPM_WIDTHD             ; 4              ; Untyped                                       ;
; LPM_NREPRESENTATION    ; UNSIGNED       ; Untyped                                       ;
; LPM_DREPRESENTATION    ; UNSIGNED       ; Untyped                                       ;
; LPM_PIPELINE           ; 0              ; Untyped                                       ;
; LPM_REMAINDERPOSITIVE  ; TRUE           ; Untyped                                       ;
; MAXIMIZE_SPEED         ; 5              ; Untyped                                       ;
; CBXI_PARAMETER         ; lpm_divide_8gm ; Untyped                                       ;
; CARRY_CHAIN            ; MANUAL         ; Untyped                                       ;
; OPTIMIZE_FOR_SPEED     ; 5              ; Untyped                                       ;
; AUTO_CARRY_CHAINS      ; ON             ; AUTO_CARRY                                    ;
; IGNORE_CARRY_BUFFERS   ; OFF            ; IGNORE_CARRY                                  ;
; AUTO_CASCADE_CHAINS    ; ON             ; AUTO_CASCADE                                  ;
; IGNORE_CASCADE_BUFFERS ; OFF            ; IGNORE_CASCADE                                ;
+------------------------+----------------+-----------------------------------------------+
Note: In order to hide this table in the UI and the text report file, please set the "Show Parameter Settings in Synthesis Report" option in "Analysis and Synthesis Settings -> More Settings" to "Off".


+------------------------------------------------------------------------------------------+
; Parameter Settings for Inferred Entity Instance: bin2bcd:U_ABIN2BCD_HOUR|lpm_divide:Div0 ;
+------------------------+----------------+------------------------------------------------+
; Parameter Name         ; Value          ; Type                                           ;
+------------------------+----------------+------------------------------------------------+
; LPM_WIDTHN             ; 6              ; Untyped                                        ;
; LPM_WIDTHD             ; 4              ; Untyped                                        ;
; LPM_NREPRESENTATION    ; UNSIGNED       ; Untyped                                        ;
; LPM_DREPRESENTATION    ; UNSIGNED       ; Untyped                                        ;
; LPM_PIPELINE           ; 0              ; Untyped                                        ;
; LPM_REMAINDERPOSITIVE  ; TRUE           ; Untyped                                        ;
; MAXIMIZE_SPEED         ; 5              ; Untyped                                        ;
; CBXI_PARAMETER         ; lpm_divide_8gm ; Untyped                                        ;
; CARRY_CHAIN            ; MANUAL         ; Untyped                                        ;
; OPTIMIZE_FOR_SPEED     ; 5              ; Untyped                                        ;
; AUTO_CARRY_CHAINS      ; ON             ; AUTO_CARRY                                     ;
; IGNORE_CARRY_BUFFERS   ; OFF            ; IGNORE_CARRY                                   ;
; AUTO_CASCADE_CHAINS    ; ON             ; AUTO_CASCADE                                   ;
; IGNORE_CASCADE_BUFFERS ; OFF            ; IGNORE_CASCADE                                 ;
+------------------------+----------------+------------------------------------------------+
Note: In order to hide this table in the UI and the text report file, please set the "Show Parameter Settings in Synthesis Report" option in "Analysis and Synthesis Settings -> More Settings" to "Off".


+-----------------------------------------------------+
; Port Connectivity Checks: "bin2bcd:U_ABIN2BCD_HOUR" ;
+--------+-------+----------+-------------------------+
; Port   ; Type  ; Severity ; Details                 ;
+--------+-------+----------+-------------------------+
; bin[5] ; Input ; Info     ; Stuck at GND            ;
; mode   ; Input ; Info     ; Stuck at VCC            ;
+--------+-------+----------+-------------------------+


+----------------------------------------------------+
; Port Connectivity Checks: "bin2bcd:U_ABIN2BCD_MIN" ;
+------+-------+----------+--------------------------+
; Port ; Type  ; Severity ; Details                  ;
+------+-------+----------+--------------------------+
; mode ; Input ; Info     ; Stuck at GND             ;
+------+-------+----------+--------------------------+


+----------------------------------------------------+
; Port Connectivity Checks: "bin2bcd:U_ABIN2BCD_SEC" ;
+------+-------+----------+--------------------------+
; Port ; Type  ; Severity ; Details                  ;
+------+-------+----------+--------------------------+
; mode ; Input ; Info     ; Stuck at GND             ;
+------+-------+----------+--------------------------+


+----------------------------------------------------------------------------------------------------------------+
; Port Connectivity Checks: "count_hour_bin:U_HOUR_ALARM"                                                        ;
+------+--------+----------+-------------------------------------------------------------------------------------+
; Port ; Type   ; Severity ; Details                                                                             ;
+------+--------+----------+-------------------------------------------------------------------------------------+
; rst  ; Input  ; Info     ; Stuck at GND                                                                        ;
; cout ; Output ; Info     ; Connected to dangling logic. Logic that only feeds a dangling port will be removed. ;
+------+--------+----------+-------------------------------------------------------------------------------------+


+----------------------------------------------------------------------------------------------------------------+
; Port Connectivity Checks: "count_min_bin:U_MIN_ALARM"                                                          ;
+------+--------+----------+-------------------------------------------------------------------------------------+
; Port ; Type   ; Severity ; Details                                                                             ;
+------+--------+----------+-------------------------------------------------------------------------------------+
; rst  ; Input  ; Info     ; Stuck at GND                                                                        ;
; cout ; Output ; Info     ; Connected to dangling logic. Logic that only feeds a dangling port will be removed. ;
+------+--------+----------+-------------------------------------------------------------------------------------+


+----------------------------------------------------------------------------------------------------------------+
; Port Connectivity Checks: "count_sec_bin:U_SEC_ALARM"                                                          ;
+------+--------+----------+-------------------------------------------------------------------------------------+
; Port ; Type   ; Severity ; Details                                                                             ;
+------+--------+----------+-------------------------------------------------------------------------------------+
; rst  ; Input  ; Info     ; Stuck at GND                                                                        ;
; cout ; Output ; Info     ; Connected to dangling logic. Logic that only feeds a dangling port will be removed. ;
+------+--------+----------+-------------------------------------------------------------------------------------+


+----------------------------------------------------------------------------------------------------------------+
; Port Connectivity Checks: "switch:U_SW_SEC"                                                                    ;
+------+--------+----------+-------------------------------------------------------------------------------------+
; Port ; Type   ; Severity ; Details                                                                             ;
+------+--------+----------+-------------------------------------------------------------------------------------+
; s1   ; Output ; Info     ; Connected to dangling logic. Logic that only feeds a dangling port will be removed. ;
+------+--------+----------+-------------------------------------------------------------------------------------+


+----------------------------------------------------+
; Port Connectivity Checks: "bin2bcd:U_BIN2BCD_HOUR" ;
+--------+-------+----------+------------------------+
; Port   ; Type  ; Severity ; Details                ;
+--------+-------+----------+------------------------+
; bin[5] ; Input ; Info     ; Stuck at GND           ;
; mode   ; Input ; Info     ; Stuck at VCC           ;
+--------+-------+----------+------------------------+


+---------------------------------------------------+
; Port Connectivity Checks: "bin2bcd:U_BIN2BCD_MIN" ;
+------+-------+----------+-------------------------+
; Port ; Type  ; Severity ; Details                 ;
+------+-------+----------+-------------------------+
; mode ; Input ; Info     ; Stuck at GND            ;
+------+-------+----------+-------------------------+


+---------------------------------------------------+
; Port Connectivity Checks: "bin2bcd:U_BIN2BCD_SEC" ;
+------+-------+----------+-------------------------+
; Port ; Type  ; Severity ; Details                 ;
+------+-------+----------+-------------------------+
; mode ; Input ; Info     ; Stuck at GND            ;
+------+-------+----------+-------------------------+


+----------------------------------------------------------------------------------------------------------------+
; Port Connectivity Checks: "count_hour_bin:U_HOUR_BIN"                                                          ;
+------+--------+----------+-------------------------------------------------------------------------------------+
; Port ; Type   ; Severity ; Details                                                                             ;
+------+--------+----------+-------------------------------------------------------------------------------------+
; rst  ; Input  ; Info     ; Stuck at GND                                                                        ;
; en   ; Input  ; Info     ; Stuck at VCC                                                                        ;
; cout ; Output ; Info     ; Connected to dangling logic. Logic that only feeds a dangling port will be removed. ;
+------+--------+----------+-------------------------------------------------------------------------------------+


+-----------------------------------------------------+
; Port Connectivity Checks: "count_min_bin:U_MIN_BIN" ;
+------+-------+----------+---------------------------+
; Port ; Type  ; Severity ; Details                   ;
+------+-------+----------+---------------------------+
; rst  ; Input ; Info     ; Stuck at GND              ;
; en   ; Input ; Info     ; Stuck at VCC              ;
+------+-------+----------+---------------------------+


+-----------------------------------------------------+
; Port Connectivity Checks: "count_sec_bin:U_SEC_BIN" ;
+------+-------+----------+---------------------------+
; Port ; Type  ; Severity ; Details                   ;
+------+-------+----------+---------------------------+
; rst  ; Input ; Info     ; Stuck at GND              ;
; en   ; Input ; Info     ; Stuck at VCC              ;
+------+-------+----------+---------------------------+


+-------------------------------+
; Elapsed Time Per Partition    ;
+----------------+--------------+
; Partition Name ; Elapsed Time ;
+----------------+--------------+
; Top            ; 00:00:01     ;
+----------------+--------------+


+-------------------------------+
; Analysis & Synthesis Messages ;
+-------------------------------+
Info: *******************************************************************
Info: Running Quartus II 64-Bit Analysis & Synthesis
    Info: Version 13.1.0 Build 162 10/23/2013 SJ Full Version
    Info: Processing started: Mon Jun 15 21:47:00 2026
Info: Command: quartus_map --read_settings_files=on --write_settings_files=off clock_top_scheme1 -c clock_top_scheme1
Info (11104): Parallel Compilation has detected 16 hyper-threaded processors. However, the extra hyper-threaded processors will not be used by default. Parallel Compilation will use 10 of the 10 physical processors detected instead.
Info (12021): Found 2 design units, including 1 entities, in source file clock_top_scheme1.vhd
    Info (12022): Found design unit 1: clock_top_scheme1-structural
    Info (12023): Found entity 1: clock_top_scheme1
Info (12021): Found 2 design units, including 1 entities, in source file count_sec_bin.vhd
    Info (12022): Found design unit 1: count_sec_bin-behavioral
    Info (12023): Found entity 1: count_sec_bin
Info (12021): Found 2 design units, including 1 entities, in source file count_min_bin.vhd
    Info (12022): Found design unit 1: count_min_bin-behavioral
    Info (12023): Found entity 1: count_min_bin
Info (12021): Found 2 design units, including 1 entities, in source file count_hour_bin.vhd
    Info (12022): Found design unit 1: count_hour_bin-behavioral
    Info (12023): Found entity 1: count_hour_bin
Info (12021): Found 2 design units, including 1 entities, in source file bin2bcd.vhd
    Info (12022): Found design unit 1: bin2bcd-behavioral
    Info (12023): Found entity 1: bin2bcd
Info (12021): Found 2 design units, including 1 entities, in source file seg7_decoder.vhd
    Info (12022): Found design unit 1: seg7_decoder-behavioral
    Info (12023): Found entity 1: seg7_decoder
Info (12021): Found 2 design units, including 1 entities, in source file time_adjust.vhd
    Info (12022): Found design unit 1: time_adjust-behavioral
    Info (12023): Found entity 1: time_adjust
Info (12021): Found 2 design units, including 1 entities, in source file clear_debounce.vhd
    Info (12022): Found design unit 1: clear_debounce-behavioral
    Info (12023): Found entity 1: clear_debounce
Info (12021): Found 2 design units, including 1 entities, in source file /users/lenovo/desktop/shudiankeshe/digitalclock/diver.vhd
    Info (12022): Found design unit 1: diver-a
    Info (12023): Found entity 1: diver
Info (12021): Found 2 design units, including 1 entities, in source file /users/lenovo/desktop/shudiankeshe/digitalclock/mux21a.vhd
    Info (12022): Found design unit 1: mux21a-one
    Info (12023): Found entity 1: mux21a
Info (12021): Found 2 design units, including 1 entities, in source file /users/lenovo/desktop/shudiankeshe/digitalclock/mmux21a.vhd
    Info (12022): Found design unit 1: mmux21a-one
    Info (12023): Found entity 1: mmux21a
Info (12021): Found 2 design units, including 1 entities, in source file /users/lenovo/desktop/shudiankeshe/digitalclock/switch.vhd
    Info (12022): Found design unit 1: switch-a
    Info (12023): Found entity 1: switch
Info (12021): Found 2 design units, including 1 entities, in source file /users/lenovo/desktop/shudiankeshe/digitalclock/trigger.vhd
    Info (12022): Found design unit 1: trigger-bhv
    Info (12023): Found entity 1: trigger
Info (12021): Found 2 design units, including 1 entities, in source file /users/lenovo/desktop/shudiankeshe/digitalclock/baoshi.vhd
    Info (12022): Found design unit 1: baoshi-cml
    Info (12023): Found entity 1: baoshi
Info (12021): Found 2 design units, including 1 entities, in source file /users/lenovo/desktop/shudiankeshe/digitalclock/alarm.vhd
    Info (12022): Found design unit 1: alarm-a
    Info (12023): Found entity 1: alarm
Info (12127): Elaborating entity "clock_top_scheme1" for the top level hierarchy
Warning (10036): Verilog HDL or VHDL warning at clock_top_scheme1.vhd(155): object "key_sec_n" assigned a value but never read
Info (12128): Elaborating entity "diver" for hierarchy "diver:U_DIVER"
Info (12128): Elaborating entity "count_sec_bin" for hierarchy "count_sec_bin:U_SEC_BIN"
Warning (10492): VHDL Process Statement warning at count_sec_bin.vhd(31): signal "m_clk" is read inside the Process Statement but isn't in the Process Statement's sensitivity list
Info (12128): Elaborating entity "count_min_bin" for hierarchy "count_min_bin:U_MIN_BIN"
Warning (10492): VHDL Process Statement warning at count_min_bin.vhd(31): signal "m_clk" is read inside the Process Statement but isn't in the Process Statement's sensitivity list
Info (12128): Elaborating entity "count_hour_bin" for hierarchy "count_hour_bin:U_HOUR_BIN"
Warning (10492): VHDL Process Statement warning at count_hour_bin.vhd(31): signal "m_clk" is read inside the Process Statement but isn't in the Process Statement's sensitivity list
Info (12128): Elaborating entity "bin2bcd" for hierarchy "bin2bcd:U_BIN2BCD_SEC"
Warning (10036): Verilog HDL or VHDL warning at bin2bcd.vhd(24): object "max_val" assigned a value but never read
Info (12128): Elaborating entity "mux21a" for hierarchy "mux21a:U_MUX_MIN"
Info (12128): Elaborating entity "switch" for hierarchy "switch:U_SW_SEC"
Info (12128): Elaborating entity "mmux21a" for hierarchy "mmux21a:U_MUX_DISP0"
Info (12128): Elaborating entity "seg7_decoder" for hierarchy "seg7_decoder:U_SEG_SEC0"
Info (12128): Elaborating entity "baoshi" for hierarchy "baoshi:U_BAOSHI"
Info (12128): Elaborating entity "alarm" for hierarchy "alarm:U_ALARM"
Info (12128): Elaborating entity "trigger" for hierarchy "trigger:U_TRIGGER"
Warning (10492): VHDL Process Statement warning at trigger.vhd(23): signal "temp" is read inside the Process Statement but isn't in the Process Statement's sensitivity list
Warning (19016): Clock multiplexers are found and protected
    Warning (19017): Found clock multiplexer mux21a:U_MUX_HOUR|y
    Warning (19017): Found clock multiplexer mux21a:U_MUX_MIN|y
Info (278001): Inferred 12 megafunctions from design logic
    Info (278004): Inferred divider/modulo megafunction ("lpm_divide") from the following logic: "bin2bcd:U_BIN2BCD_SEC|Mod0"
    Info (278004): Inferred divider/modulo megafunction ("lpm_divide") from the following logic: "bin2bcd:U_ABIN2BCD_SEC|Mod0"
    Info (278004): Inferred divider/modulo megafunction ("lpm_divide") from the following logic: "bin2bcd:U_BIN2BCD_SEC|Div0"
    Info (278004): Inferred divider/modulo megafunction ("lpm_divide") from the following logic: "bin2bcd:U_ABIN2BCD_SEC|Div0"
    Info (278004): Inferred divider/modulo megafunction ("lpm_divide") from the following logic: "bin2bcd:U_BIN2BCD_MIN|Mod0"
    Info (278004): Inferred divider/modulo megafunction ("lpm_divide") from the following logic: "bin2bcd:U_ABIN2BCD_MIN|Mod0"
    Info (278004): Inferred divider/modulo megafunction ("lpm_divide") from the following logic: "bin2bcd:U_BIN2BCD_MIN|Div0"
    Info (278004): Inferred divider/modulo megafunction ("lpm_divide") from the following logic: "bin2bcd:U_ABIN2BCD_MIN|Div0"
    Info (278004): Inferred divider/modulo megafunction ("lpm_divide") from the following logic: "bin2bcd:U_BIN2BCD_HOUR|Mod0"
    Info (278004): Inferred divider/modulo megafunction ("lpm_divide") from the following logic: "bin2bcd:U_ABIN2BCD_HOUR|Mod0"
    Info (278004): Inferred divider/modulo megafunction ("lpm_divide") from the following logic: "bin2bcd:U_BIN2BCD_HOUR|Div0"
    Info (278004): Inferred divider/modulo megafunction ("lpm_divide") from the following logic: "bin2bcd:U_ABIN2BCD_HOUR|Div0"
Info (12130): Elaborated megafunction instantiation "bin2bcd:U_BIN2BCD_SEC|lpm_divide:Mod0"
Info (12133): Instantiated megafunction "bin2bcd:U_BIN2BCD_SEC|lpm_divide:Mod0" with the following parameter:
    Info (12134): Parameter "LPM_WIDTHN" = "6"
    Info (12134): Parameter "LPM_WIDTHD" = "6"
    Info (12134): Parameter "LPM_NREPRESENTATION" = "UNSIGNED"
    Info (12134): Parameter "LPM_DREPRESENTATION" = "UNSIGNED"
Info (12021): Found 1 design units, including 1 entities, in source file db/lpm_divide_d8m.tdf
    Info (12023): Found entity 1: lpm_divide_d8m
Info (12021): Found 1 design units, including 1 entities, in source file db/sign_div_unsign_bkh.tdf
    Info (12023): Found entity 1: sign_div_unsign_bkh
Info (12021): Found 1 design units, including 1 entities, in source file db/alt_u_div_13f.tdf
    Info (12023): Found entity 1: alt_u_div_13f
Info (12021): Found 1 design units, including 1 entities, in source file db/add_sub_unc.tdf
    Info (12023): Found entity 1: add_sub_unc
Info (12021): Found 1 design units, including 1 entities, in source file db/add_sub_vnc.tdf
    Info (12023): Found entity 1: add_sub_vnc
Info (12130): Elaborated megafunction instantiation "bin2bcd:U_BIN2BCD_SEC|lpm_divide:Div0"
Info (12133): Instantiated megafunction "bin2bcd:U_BIN2BCD_SEC|lpm_divide:Div0" with the following parameter:
    Info (12134): Parameter "LPM_WIDTHN" = "6"
    Info (12134): Parameter "LPM_WIDTHD" = "4"
    Info (12134): Parameter "LPM_NREPRESENTATION" = "UNSIGNED"
    Info (12134): Parameter "LPM_DREPRESENTATION" = "UNSIGNED"
Info (12021): Found 1 design units, including 1 entities, in source file db/lpm_divide_8gm.tdf
    Info (12023): Found entity 1: lpm_divide_8gm
Info (12021): Found 1 design units, including 1 entities, in source file db/sign_div_unsign_9kh.tdf
    Info (12023): Found entity 1: sign_div_unsign_9kh
Info (12021): Found 1 design units, including 1 entities, in source file db/alt_u_div_t2f.tdf
    Info (12023): Found entity 1: alt_u_div_t2f
Info (12130): Elaborated megafunction instantiation "bin2bcd:U_BIN2BCD_HOUR|lpm_divide:Mod0"
Info (12133): Instantiated megafunction "bin2bcd:U_BIN2BCD_HOUR|lpm_divide:Mod0" with the following parameter:
    Info (12134): Parameter "LPM_WIDTHN" = "6"
    Info (12134): Parameter "LPM_WIDTHD" = "6"
    Info (12134): Parameter "LPM_NREPRESENTATION" = "UNSIGNED"
    Info (12134): Parameter "LPM_DREPRESENTATION" = "UNSIGNED"
Info (12130): Elaborated megafunction instantiation "bin2bcd:U_BIN2BCD_HOUR|lpm_divide:Div0"
Info (12133): Instantiated megafunction "bin2bcd:U_BIN2BCD_HOUR|lpm_divide:Div0" with the following parameter:
    Info (12134): Parameter "LPM_WIDTHN" = "6"
    Info (12134): Parameter "LPM_WIDTHD" = "4"
    Info (12134): Parameter "LPM_NREPRESENTATION" = "UNSIGNED"
    Info (12134): Parameter "LPM_DREPRESENTATION" = "UNSIGNED"
Warning (13024): Output pins are stuck at VCC or GND
    Warning (13410): Pin "sec1[3]" is stuck at GND
    Warning (13410): Pin "min1[3]" is stuck at GND
    Warning (13410): Pin "hour1[2]" is stuck at GND
    Warning (13410): Pin "hour1[3]" is stuck at GND
    Warning (13410): Pin "seg_hour1[1]" is stuck at VCC
Info (286030): Timing-Driven Synthesis is running
Info (16010): Generating hard_block partition "hard_block:auto_generated_inst"
    Info (16011): Adding 0 node(s), including 0 DDIO, 0 PLL, 0 transceiver and 0 LCELL
Info (21057): Implemented 613 device resources after synthesis - the final resource count might be different
    Info (21058): Implemented 5 input pins
    Info (21059): Implemented 67 output pins
    Info (21061): Implemented 541 logic cells
Info: Quartus II 64-Bit Analysis & Synthesis was successful. 0 errors, 15 warnings
    Info: Peak virtual memory: 4698 megabytes
    Info: Processing ended: Mon Jun 15 21:47:03 2026
    Info: Elapsed time: 00:00:03
    Info: Total CPU time (on all processors): 00:00:03


