\BOOKMARK [-1][-]{part.1}{\376\377\173\054\116\000\220\350\122\006\000\040\176\304\124\010\220\073\217\221\165\065\215\357\123\330\137\017\213\346\211\343}{}% 1
\BOOKMARK [0][-]{chapter.1}{\376\377\0008\000-\0003\177\026\170\001\126\150\040\024\040\024\0005\131\047\123\330\137\017\213\346\211\343}{part.1}% 2
\BOOKMARK [1][-]{section.1.1}{\376\377\123\330\137\017\0001\377\032\0001\0006\000-\0004\177\026\170\001\126\150}{chapter.1}% 3
\BOOKMARK [1][-]{section.1.2}{\376\377\123\330\137\017\0002\377\032\117\030\121\110\176\247\177\026\170\001\126\150\377\010\137\305\200\003\377\001\377\011}{chapter.1}% 4
\BOOKMARK [1][-]{section.1.3}{\376\377\123\330\137\017\0003\377\032\136\046\117\177\200\375\172\357\166\204\177\026\170\001\126\150}{chapter.1}% 5
\BOOKMARK [1][-]{section.1.4}{\376\377\123\330\137\017\0004\377\032\136\046\000G\000S\377\010\000G\000r\000o\000u\000p\000\040\000S\000e\000l\000e\000c\000t\377\011\217\223\121\372\166\204\177\026\170\001\126\150}{chapter.1}% 6
\BOOKMARK [1][-]{section.1.5}{\376\377\123\330\137\017\0005\377\032\117\116\165\065\136\163\147\011\145\110\166\204\177\026\170\001\126\150}{chapter.1}% 7
\BOOKMARK [1][-]{section.1.6}{\376\377\177\026\170\001\126\150\123\330\137\017\140\073\176\323}{chapter.1}% 8
\BOOKMARK [0][-]{chapter.2}{\376\377\0003\000-\0008\213\321\170\001\126\150\040\024\040\024\0005\131\047\123\330\137\017\213\346\211\343}{part.1}% 9
\BOOKMARK [1][-]{section.2.1}{\376\377\123\330\137\017\0001\377\032\0007\0004\000L\000S\0001\0003\0008\230\316\150\074\213\321\170\001\126\150\377\010\117\116\147\011\145\110\217\223\121\372\000+\116\011\117\177\200\375\172\357\377\011\040\024\040\024\137\305\200\003\377\001}{chapter.2}% 10
\BOOKMARK [1][-]{section.2.2}{\376\377\123\330\137\017\0002\377\032\165\050\213\321\170\001\126\150\133\236\163\260\116\373\141\017\220\073\217\221\121\375\145\160\377\010\137\305\200\003\377\001\377\011}{chapter.2}% 11
\BOOKMARK [1][-]{section.2.3}{\376\377\123\330\137\017\0003\377\032\165\050\0003\000-\0008\213\321\170\001\126\150\147\204\136\372\0004\000-\0001\0006\213\321\170\001\126\150\377\010\162\107\220\011\176\247\200\124\377\011}{chapter.2}% 12
\BOOKMARK [1][-]{section.2.4}{\376\377\123\330\137\017\0004\377\032\165\050\213\321\170\001\126\150\120\132\127\060\127\100\213\321\170\001}{chapter.2}% 13
\BOOKMARK [1][-]{section.2.5}{\376\377\123\330\137\017\0005\377\032\146\076\171\072\213\321\170\001\126\150\377\010\000B\000C\000D\041\222\0007\153\265\377\011}{chapter.2}% 14
\BOOKMARK [1][-]{section.2.6}{\376\377\213\321\170\001\126\150\123\330\137\017\140\073\176\323}{chapter.2}% 15
\BOOKMARK [0][-]{chapter.3}{\376\377\000B\000C\000D\213\321\170\001\126\150\040\024\040\024\0005\131\047\123\330\137\017\213\346\211\343}{part.1}% 16
\BOOKMARK [1][-]{section.3.1}{\376\377\123\330\137\017\0001\377\032\131\032\117\115\000B\000C\000D\122\250\140\001\142\153\143\317\146\076\171\072}{chapter.3}% 17
\BOOKMARK [1][-]{section.3.2}{\376\377\123\330\137\017\0002\377\032\136\046\225\001\133\130\166\204\000B\000C\000D\213\321\170\001\126\150}{chapter.3}% 18
\BOOKMARK [1][-]{section.3.3}{\376\377\123\330\137\017\0003\377\032\121\161\226\063\147\201\000\040\000v\000s\000\040\121\161\226\064\147\201\145\160\170\001\173\241}{chapter.3}% 19
\BOOKMARK [1][-]{section.3.4}{\376\377\123\330\137\017\0004\377\032\213\241\145\160\126\150\000+\213\321\170\001\126\150\000+\145\160\170\001\173\241\040\024\040\024\176\374\124\010\230\230}{chapter.3}% 20
\BOOKMARK [1][-]{section.3.5}{\376\377\123\330\137\017\0005\377\032\0001\0006\217\333\122\066\146\076\171\072\213\321\170\001\126\150\377\010\0000\000-\000F\377\011}{chapter.3}% 21
\BOOKMARK [0][-]{chapter.4}{\376\377\0004\220\011\0001\000\040\000M\000U\000X\040\024\040\024\0004\131\047\123\330\137\017\213\346\211\343}{part.1}% 22
\BOOKMARK [1][-]{section.4.1}{\376\377\123\330\137\017\0001\377\032\165\050\000M\000U\000X\133\236\163\260\116\373\141\017\220\073\217\221\121\375\145\160\377\010\137\305\200\003\377\001\377\011}{chapter.4}% 23
\BOOKMARK [1][-]{section.4.2}{\376\377\123\330\137\017\0002\377\032\123\314\0004\220\011\0001\000\040\000M\000U\000X\147\204\136\372\0008\220\011\0001\000\040\000M\000U\000X}{chapter.4}% 24
\BOOKMARK [1][-]{section.4.3}{\376\377\123\330\137\017\0003\377\032\136\046\117\177\200\375\172\357\166\204\000M\000U\000X}{chapter.4}% 25
\BOOKMARK [1][-]{section.4.4}{\376\377\123\330\137\017\0004\377\032\000M\000U\000X\142\151\134\125\040\024\040\024\0001\0006\220\011\0001}{chapter.4}% 26
\BOOKMARK [0][-]{chapter.5}{\376\377\0004\117\115\153\324\217\203\126\150\040\024\040\024\0004\131\047\123\330\137\017\213\346\211\343}{part.1}% 27
\BOOKMARK [1][-]{section.5.1}{\376\377\123\330\137\017\0001\377\032\0008\117\115\153\324\217\203\126\150\377\010\116\044\162\107\0004\117\115\176\247\200\124\377\011}{chapter.5}% 28
\BOOKMARK [1][-]{section.5.2}{\376\377\123\330\137\017\0002\377\032\123\352\217\223\121\372\000"\166\370\173\111\000"\166\204\153\324\217\203\126\150}{chapter.5}% 29
\BOOKMARK [1][-]{section.5.3}{\376\377\123\330\137\017\0003\377\032\153\324\217\203\126\150\000+\000M\000U\000X\133\236\163\260\123\326\147\000\131\047\120\074}{chapter.5}% 30
\BOOKMARK [1][-]{section.5.4}{\376\377\123\330\137\017\0004\377\032\136\046\117\177\200\375\166\204\153\324\217\203\126\150}{chapter.5}% 31
\BOOKMARK [0][-]{chapter.6}{\376\377\0004\117\115\122\240\154\325\126\150\040\024\040\024\0005\131\047\123\330\137\017\213\346\211\343}{part.1}% 32
\BOOKMARK [1][-]{section.6.1}{\376\377\123\330\137\017\0001\377\032\0008\117\115\000/\0001\0006\117\115\122\240\154\325\126\150\377\010\176\247\200\124\377\011}{chapter.6}% 33
\BOOKMARK [1][-]{section.6.2}{\376\377\123\330\137\017\0002\377\032\121\317\154\325\126\150\377\010\165\050\122\240\154\325\126\150\133\236\163\260\000A\000-\000B\377\011}{chapter.6}% 34
\BOOKMARK [1][-]{section.6.3}{\376\377\123\330\137\017\0003\377\032\122\240\154\325\126\150\000+\133\304\133\130\126\150\000=\175\057\122\240\126\150}{chapter.6}% 35
\BOOKMARK [1][-]{section.6.4}{\376\377\123\330\137\017\0004\377\032\136\046\156\242\121\372\150\300\155\113\166\204\122\240\154\325\126\150}{chapter.6}% 36
\BOOKMARK [1][-]{section.6.5}{\376\377\123\330\137\017\0005\377\032\000B\000C\000D\122\240\154\325\126\150}{chapter.6}% 37
\BOOKMARK [0][-]{chapter.7}{\376\377\176\247\200\124\000M\000U\000X\040\024\040\024\0004\131\047\123\330\137\017\213\346\211\343}{part.1}% 38
\BOOKMARK [1][-]{section.7.1}{\376\377\123\330\137\017\0001\377\032\165\050\0002\220\011\0001\000\040\000M\000U\000X\147\204\136\372\0008\220\011\0001\000\040\000M\000U\000X}{chapter.7}% 39
\BOOKMARK [1][-]{section.7.2}{\376\377\123\330\137\017\0002\377\032\165\050\0004\220\011\0001\000\040\000M\000U\000X\147\204\136\372\0001\0006\220\011\0001\000\040\000M\000U\000X}{chapter.7}% 40
\BOOKMARK [1][-]{section.7.3}{\376\377\123\330\137\017\0003\377\032\116\015\133\371\171\360\176\247\200\124\377\010\147\204\136\372\0006\220\011\0001\000\040\000M\000U\000X\377\011}{chapter.7}% 41
\BOOKMARK [1][-]{section.7.4}{\376\377\123\330\137\017\0004\377\032\000M\000U\000X\150\021\133\236\163\260\220\073\217\221\121\375\145\160}{chapter.7}% 42
\BOOKMARK [-1][-]{part.2}{\376\377\173\054\116\214\220\350\122\006\000\040\000D\211\346\123\321\126\150\123\330\137\017\213\346\211\343}{}% 43
\BOOKMARK [0][-]{chapter.8}{\376\377\000D\211\346\123\321\126\150\040\024\040\024\150\070\137\303\123\330\137\017\213\346\211\343}{part.2}% 44
\BOOKMARK [1][-]{section.8.1}{\376\377\123\330\137\017\0001\377\032\136\046\137\002\153\145\131\015\117\115\166\204\000D\211\346\123\321\126\150\000\040\000v\000s\000\040\136\046\124\014\153\145\131\015\117\115\166\204\000D\211\346\123\321\126\150}{chapter.8}% 45
\BOOKMARK [1][-]{section.8.2}{\376\377\123\330\137\017\0002\377\032\136\046\145\366\224\237\117\177\200\375\166\204\000D\211\346\123\321\126\150}{chapter.8}% 46
\BOOKMARK [1][-]{section.8.3}{\376\377\123\330\137\017\0003\377\032\131\032\117\115\000D\211\346\123\321\126\150\000=\133\304\133\130\126\150}{chapter.8}% 47
\BOOKMARK [1][-]{section.8.4}{\376\377\123\330\137\017\0004\377\032\000D\211\346\123\321\126\150\147\204\142\020\0002\122\006\230\221\126\150}{chapter.8}% 48
\BOOKMARK [1][-]{section.8.5}{\376\377\123\330\137\017\0005\377\032\136\372\172\313\000/\117\335\143\001\145\366\225\364\116\016\147\000\131\047\135\345\117\134\230\221\163\207}{chapter.8}% 49
\BOOKMARK [-1][-]{part.3}{\376\377\173\054\116\011\220\350\122\006\000\040\213\241\145\160\126\150\123\330\137\017\213\346\211\343}{}% 50
\BOOKMARK [0][-]{chapter.9}{\376\377\213\241\145\160\126\150\040\024\040\024\176\337\116\000\150\106\147\266\123\330\137\017\213\346\211\343}{part.3}% 51
\BOOKMARK [1][-]{section.9.1}{\376\377\123\330\137\017\0001\377\032\136\046\117\177\200\375\166\204\152\041\000N\213\241\145\160\126\150}{chapter.9}% 52
\BOOKMARK [1][-]{section.9.2}{\376\377\123\330\137\017\0002\377\032\136\046\124\014\153\145\122\240\217\175\166\204\152\041\000N\213\241\145\160\126\150}{chapter.9}% 53
\BOOKMARK [1][-]{section.9.3}{\376\377\123\330\137\017\0003\377\032\220\022\130\236\000/\220\022\121\317\123\314\124\021\213\241\145\160\126\150}{chapter.9}% 54
\BOOKMARK [1][-]{section.9.4}{\376\377\123\330\137\017\0004\377\032\120\022\213\241\145\366\213\241\145\160\126\150\377\010\230\204\177\156\041\222\0000\041\222\230\204\177\156\377\011}{chapter.9}% 55
\BOOKMARK [1][-]{section.9.5}{\376\377\123\330\137\017\0005\377\032\176\247\200\124\213\241\145\160\126\150\040\024\040\024\140\073\152\041\120\074\000=\116\130\171\357}{chapter.9}% 56
\BOOKMARK [1][-]{section.9.6}{\376\377\123\330\137\017\0006\377\032\150\074\226\367\170\001\213\241\145\160\126\150}{chapter.9}% 57
\BOOKMARK [-1][-]{part.4}{\376\377\173\054\126\333\220\350\122\006\000\040\122\006\230\221\126\150\123\330\137\017\213\346\211\343}{}% 58
\BOOKMARK [0][-]{chapter.10}{\376\377\122\006\230\221\126\150\040\024\040\024\121\150\220\350\123\330\137\017\213\346\211\343}{part.4}% 59
\BOOKMARK [1][-]{section.10.1}{\376\377\123\330\137\017\0001\377\032\166\364\143\245\123\326\000Q\000n\133\236\163\260\0002\000n\122\006\230\221}{chapter.10}% 60
\BOOKMARK [1][-]{section.10.2}{\376\377\123\330\137\017\0002\377\032\120\166\145\160\122\006\230\221\377\010\116\373\141\017\000M\377\011}{chapter.10}% 61
\BOOKMARK [1][-]{section.10.3}{\376\377\123\330\137\017\0003\377\032\131\107\145\160\122\006\230\221\377\010\123\314\154\277\154\325\377\011}{chapter.10}% 62
\BOOKMARK [1][-]{section.10.4}{\376\377\123\330\137\017\0004\377\032\123\140\172\172\153\324\123\357\214\003\122\006\230\221\126\150}{chapter.10}% 63
\BOOKMARK [1][-]{section.10.5}{\376\377\123\330\137\017\0005\377\032\131\032\176\247\122\006\230\221\126\150\377\010\122\006\230\221\153\324\166\370\116\130\377\011}{chapter.10}% 64
\BOOKMARK [1][-]{section.10.6}{\376\377\123\330\137\017\0006\377\032\171\322\201\011\121\262\123\321\165\037\126\150}{chapter.10}% 65
\BOOKMARK [-1][-]{part.5}{\376\377\173\054\116\224\220\350\122\006\000\040\136\217\122\027\123\321\165\037\126\150\123\330\137\017\213\346\211\343}{}% 66
\BOOKMARK [0][-]{chapter.11}{\376\377\136\217\122\027\123\321\165\037\126\150\040\024\040\024\121\150\220\350\123\330\137\017\213\346\211\343}{part.5}% 67
\BOOKMARK [1][-]{section.11.1}{\376\377\123\330\137\017\0001\377\032\116\373\141\017\124\150\147\037\136\217\122\027\377\010\213\241\145\160\126\150\000+\146\040\134\004\210\150\377\011}{chapter.11}% 68
\BOOKMARK [1][-]{section.11.2}{\376\377\123\330\137\017\0002\377\032\162\266\140\001\147\072\127\213\136\217\122\027\123\321\165\037\126\150}{chapter.11}% 69
\BOOKMARK [1][-]{section.11.3}{\376\377\123\330\137\017\0003\377\032\171\373\117\115\133\304\133\130\126\150\000+\000L\000F\000S\000R\123\321\165\037\126\150}{chapter.11}% 70
\BOOKMARK [1][-]{section.11.4}{\376\377\123\330\137\017\0004\377\032\000R\000O\000M\000/\147\345\142\176\210\150\127\213\136\217\122\027\123\321\165\037\126\150}{chapter.11}% 71
\BOOKMARK [-1][-]{part.6}{\376\377\173\054\121\155\220\350\122\006\000\040\171\373\117\115\133\304\133\130\126\150\123\330\137\017\213\346\211\343}{}% 72
\BOOKMARK [0][-]{chapter.12}{\376\377\171\373\117\115\133\304\133\130\126\150\040\024\040\024\121\150\220\350\123\330\137\017\213\346\211\343}{part.6}% 73
\BOOKMARK [1][-]{section.12.1}{\376\377\123\330\137\017\0001\377\032\116\062\136\166\217\154\143\142\377\010\000S\000I\000P\000O\377\011}{chapter.12}% 74
\BOOKMARK [1][-]{section.12.2}{\376\377\123\330\137\017\0002\377\032\136\166\116\062\217\154\143\142\377\010\000P\000I\000S\000O\377\011}{chapter.12}% 75
\BOOKMARK [1][-]{section.12.3}{\376\377\123\330\137\017\0003\377\032\123\314\124\021\171\373\117\115}{chapter.12}% 76
\BOOKMARK [1][-]{section.12.4}{\376\377\123\330\137\017\0004\377\032\137\252\163\257\171\373\117\115}{chapter.12}% 77
\BOOKMARK [1][-]{section.12.5}{\376\377\123\330\137\017\0005\377\032\173\227\147\057\171\373\117\115\377\010\117\335\143\001\173\046\123\367\117\115\377\011}{chapter.12}% 78
\BOOKMARK [-1][-]{part.7}{\376\377\173\054\116\003\220\350\122\006\000\040\163\257\137\142\213\241\145\160\126\150\123\330\137\017\213\346\211\343}{}% 79
\BOOKMARK [0][-]{chapter.13}{\376\377\163\257\137\142\213\241\145\160\126\150\040\024\040\024\121\150\220\350\123\330\137\017\213\346\211\343}{part.7}% 80
\BOOKMARK [1][-]{section.13.1}{\376\377\123\330\137\017\0001\377\032\000N\117\115\163\257\137\142\213\241\145\160\126\150}{chapter.13}% 81
\BOOKMARK [1][-]{section.13.2}{\376\377\123\330\137\017\0002\377\032\176\246\177\360\220\012\213\241\145\160\126\150\377\010\0002\000N\116\052\162\266\140\001\377\011}{chapter.13}% 82
\BOOKMARK [1][-]{section.13.3}{\376\377\123\330\137\017\0003\377\032\201\352\124\057\122\250\163\257\137\142\213\241\145\160\126\150}{chapter.13}% 83
\BOOKMARK [1][-]{section.13.4}{\376\377\123\330\137\017\0004\377\032\165\050\163\257\137\142\213\241\145\160\126\150\133\236\163\260\145\366\136\217\143\247\122\066\126\150}{chapter.13}% 84
\BOOKMARK [-1][-]{part.8}{\376\377\173\054\121\153\220\350\122\006\000\040\136\217\122\027\150\300\155\113\126\150\123\330\137\017\213\346\211\343}{}% 85
\BOOKMARK [0][-]{chapter.14}{\376\377\136\217\122\027\150\300\155\113\126\150\040\024\040\024\121\150\220\350\123\330\137\017\213\346\211\343}{part.8}% 86
\BOOKMARK [1][-]{section.14.1}{\376\377\123\330\137\017\0001\377\032\150\300\155\113\0001\0000\0001\0001\377\010\221\315\123\340\000\040\000v\000s\000\040\227\136\221\315\123\340\377\011}{chapter.14}% 87
\BOOKMARK [1][-]{section.14.2}{\376\377\123\330\137\017\0002\377\032\150\300\155\113\0001\0001\0000\0001}{chapter.14}% 88
\BOOKMARK [1][-]{section.14.3}{\376\377\123\330\137\017\0003\377\032\150\300\155\113\0001\0001\0001\0001\377\010\217\336\176\355\0004\116\052\0001\377\011}{chapter.14}% 89
\BOOKMARK [1][-]{section.14.4}{\376\377\123\330\137\017\0004\377\032\150\300\155\113\0000\0001\0000\0001}{chapter.14}% 90
\BOOKMARK [1][-]{section.14.5}{\376\377\123\330\137\017\0005\377\032\165\050\171\373\117\115\133\304\133\130\126\150\000+\153\324\217\203\126\150\146\377\116\343\162\266\140\001\147\072}{chapter.14}% 91
\BOOKMARK [-1][-]{part.9}{\376\377\173\054\116\135\220\350\122\006\000\040\000V\000H\000D\000L\176\374\124\010\123\330\137\017\213\346\211\343}{}% 92
\BOOKMARK [0][-]{chapter.15}{\376\377\000V\000H\000D\000L\176\374\124\010\040\024\040\024\121\150\220\350\123\330\137\017\213\346\211\343}{part.9}% 93
\BOOKMARK [1][-]{section.15.1}{\376\377\123\330\137\017\0001\377\032\000i\000f\000-\000e\000l\000s\000e\166\204\176\374\124\010\176\323\147\234}{chapter.15}% 94
\BOOKMARK [1][-]{section.15.2}{\376\377\123\330\137\017\0002\377\032\000c\000a\000s\000e\166\204\176\374\124\010\176\323\147\234}{chapter.15}% 95
\BOOKMARK [1][-]{section.15.3}{\376\377\123\330\137\017\0003\377\032\000s\000i\000g\000n\000a\000l\000\040\000v\000s\000\040\000v\000a\000r\000i\000a\000b\000l\000e}{chapter.15}% 96
\BOOKMARK [1][-]{section.15.4}{\376\377\123\330\137\017\0004\377\032\000p\000r\000o\000c\000e\000s\000s\166\204\176\374\124\010\176\323\147\234}{chapter.15}% 97
\BOOKMARK [1][-]{section.15.5}{\376\377\123\330\137\017\0005\377\032\136\070\211\301\000V\000H\000D\000L\152\041\137\017\041\222\170\154\116\366\133\371\161\147\210\150}{chapter.15}% 98
