\BOOKMARK [0][-]{chapter*.2}{\376\377\122\115\212\000}{}% 1
\BOOKMARK [-1][-]{part.1}{\376\377\173\054\116\000\220\350\122\006\000\040\176\304\124\010\220\073\217\221\165\065\215\357\117\123\174\373}{}% 2
\BOOKMARK [0][-]{chapter.1}{\376\377\0008\000-\0003\177\026\170\001\126\150}{part.1}% 3
\BOOKMARK [1][-]{section.1.1}{\376\377\173\054\116\000\153\145\377\032\211\343\121\263\116\300\116\110\225\356\230\230}{chapter.1}% 4
\BOOKMARK [1][-]{section.1.2}{\376\377\173\054\116\214\153\145\377\032\217\223\121\145\217\223\121\372\121\163\174\373}{chapter.1}% 5
\BOOKMARK [1][-]{section.1.3}{\376\377\173\054\116\011\153\145\377\032\167\037\120\074\210\150}{chapter.1}% 6
\BOOKMARK [1][-]{section.1.4}{\376\377\173\054\126\333\153\145\377\032\220\073\217\221\143\250\133\374}{chapter.1}% 7
\BOOKMARK [1][-]{section.1.5}{\376\377\173\054\116\224\153\145\377\032\176\323\147\204\123\026\213\276\213\241}{chapter.1}% 8
\BOOKMARK [1][-]{section.1.6}{\376\377\173\054\121\155\153\145\377\032\116\072\116\300\116\110\217\331\150\067\213\276\213\241}{chapter.1}% 9
\BOOKMARK [1][-]{section.1.7}{\376\377\173\054\116\003\153\145\377\032\200\003\213\325\136\070\211\301\123\330\137\017}{chapter.1}% 10
\BOOKMARK [1][-]{section.1.8}{\376\377\173\054\121\153\153\145\377\032\000V\000H\000D\000L\133\236\163\260}{chapter.1}% 11
\BOOKMARK [2][-]{subsection.1.8.1}{\376\377\146\156\220\032\0008\000-\0003\177\026\170\001\126\150}{section.1.8}% 12
\BOOKMARK [2][-]{subsection.1.8.2}{\376\377\117\030\121\110\176\247\177\026\170\001\126\150}{section.1.8}% 13
\BOOKMARK [1][-]{section.1.9}{\376\377\173\054\116\135\153\145\377\032\000T\000e\000s\000t\000b\000e\000n\000c\000h\232\214\213\301}{chapter.1}% 14
\BOOKMARK [1][-]{section.1.10}{\376\377\173\054\123\101\153\145\377\032\131\202\117\125\137\353\220\037\211\343\230\230}{chapter.1}% 15
\BOOKMARK [1][-]{section.1.11}{\376\377\123\330\137\017\213\346\211\343}{chapter.1}% 16
\BOOKMARK [0][-]{chapter.2}{\376\377\0008\000-\0003\177\026\170\001\126\150\040\024\040\024\0005\131\047\123\330\137\017\213\346\211\343}{part.1}% 17
\BOOKMARK [1][-]{section.2.1}{\376\377\123\330\137\017\0001\377\032\0001\0006\000-\0004\177\026\170\001\126\150}{chapter.2}% 18
\BOOKMARK [1][-]{section.2.2}{\376\377\123\330\137\017\0002\377\032\117\030\121\110\176\247\177\026\170\001\126\150\377\010\137\305\200\003\377\001\377\011}{chapter.2}% 19
\BOOKMARK [1][-]{section.2.3}{\376\377\123\330\137\017\0003\377\032\136\046\117\177\200\375\172\357\166\204\177\026\170\001\126\150}{chapter.2}% 20
\BOOKMARK [1][-]{section.2.4}{\376\377\123\330\137\017\0004\377\032\136\046\000G\000S\377\010\000G\000r\000o\000u\000p\000\040\000S\000e\000l\000e\000c\000t\377\011\217\223\121\372\166\204\177\026\170\001\126\150}{chapter.2}% 21
\BOOKMARK [1][-]{section.2.5}{\376\377\123\330\137\017\0005\377\032\117\116\165\065\136\163\147\011\145\110\166\204\177\026\170\001\126\150}{chapter.2}% 22
\BOOKMARK [1][-]{section.2.6}{\376\377\177\026\170\001\126\150\123\330\137\017\140\073\176\323}{chapter.2}% 23
\BOOKMARK [0][-]{chapter.3}{\376\377\0003\000-\0008\213\321\170\001\126\150}{part.1}% 24
\BOOKMARK [1][-]{section.3.1}{\376\377\173\054\116\000\153\145\377\032\211\343\121\263\116\300\116\110\225\356\230\230}{chapter.3}% 25
\BOOKMARK [1][-]{section.3.2}{\376\377\173\054\116\214\153\145\377\032\217\223\121\145\217\223\121\372\121\163\174\373}{chapter.3}% 26
\BOOKMARK [1][-]{section.3.3}{\376\377\173\054\116\011\153\145\377\032\167\037\120\074\210\150}{chapter.3}% 27
\BOOKMARK [1][-]{section.3.4}{\376\377\173\054\126\333\153\145\377\032\220\073\217\221\143\250\133\374}{chapter.3}% 28
\BOOKMARK [1][-]{section.3.5}{\376\377\173\054\116\224\153\145\377\032\176\323\147\204\123\026\213\276\213\241}{chapter.3}% 29
\BOOKMARK [1][-]{section.3.6}{\376\377\173\054\121\155\153\145\377\032\116\072\116\300\116\110\217\331\150\067\213\276\213\241}{chapter.3}% 30
\BOOKMARK [1][-]{section.3.7}{\376\377\173\054\116\003\153\145\377\032\200\003\213\325\136\070\211\301\123\330\137\017}{chapter.3}% 31
\BOOKMARK [1][-]{section.3.8}{\376\377\173\054\121\153\153\145\377\032\000V\000H\000D\000L\133\236\163\260}{chapter.3}% 32
\BOOKMARK [2][-]{subsection.3.8.1}{\376\377\146\156\220\032\0003\000-\0008\213\321\170\001\126\150\377\010\232\330\165\065\136\163\147\011\145\110\377\011}{section.3.8}% 33
\BOOKMARK [2][-]{subsection.3.8.2}{\376\377\0007\0004\000L\000S\0001\0003\0008\230\316\150\074\377\010\117\116\165\065\136\163\147\011\145\110\000\040\000+\000\040\117\177\200\375\172\357\377\011}{section.3.8}% 34
\BOOKMARK [1][-]{section.3.9}{\376\377\173\054\116\135\153\145\377\032\000T\000e\000s\000t\000b\000e\000n\000c\000h\232\214\213\301}{chapter.3}% 35
\BOOKMARK [1][-]{section.3.10}{\376\377\173\054\123\101\153\145\377\032\131\202\117\125\137\353\220\037\211\343\230\230}{chapter.3}% 36
\BOOKMARK [1][-]{section.3.11}{\376\377\123\330\137\017\213\346\211\343}{chapter.3}% 37
\BOOKMARK [0][-]{chapter.4}{\376\377\0003\000-\0008\213\321\170\001\126\150\040\024\040\024\0005\131\047\123\330\137\017\213\346\211\343}{part.1}% 38
\BOOKMARK [1][-]{section.4.1}{\376\377\123\330\137\017\0001\377\032\0007\0004\000L\000S\0001\0003\0008\230\316\150\074\213\321\170\001\126\150\377\010\117\116\147\011\145\110\217\223\121\372\000+\116\011\117\177\200\375\172\357\377\011\040\024\040\024\137\305\200\003\377\001}{chapter.4}% 39
\BOOKMARK [1][-]{section.4.2}{\376\377\123\330\137\017\0002\377\032\165\050\213\321\170\001\126\150\133\236\163\260\116\373\141\017\220\073\217\221\121\375\145\160\377\010\137\305\200\003\377\001\377\011}{chapter.4}% 40
\BOOKMARK [1][-]{section.4.3}{\376\377\123\330\137\017\0003\377\032\165\050\0003\000-\0008\213\321\170\001\126\150\147\204\136\372\0004\000-\0001\0006\213\321\170\001\126\150\377\010\162\107\220\011\176\247\200\124\377\011}{chapter.4}% 41
\BOOKMARK [1][-]{section.4.4}{\376\377\123\330\137\017\0004\377\032\165\050\213\321\170\001\126\150\120\132\127\060\127\100\213\321\170\001}{chapter.4}% 42
\BOOKMARK [1][-]{section.4.5}{\376\377\123\330\137\017\0005\377\032\146\076\171\072\213\321\170\001\126\150\377\010\000B\000C\000D\041\222\0007\153\265\377\011}{chapter.4}% 43
\BOOKMARK [1][-]{section.4.6}{\376\377\213\321\170\001\126\150\123\330\137\017\140\073\176\323}{chapter.4}% 44
\BOOKMARK [0][-]{chapter.5}{\376\377\000B\000C\000D\213\321\170\001\126\150}{part.1}% 45
\BOOKMARK [1][-]{section.5.1}{\376\377\173\054\116\000\153\145\377\032\211\343\121\263\116\300\116\110\225\356\230\230}{chapter.5}% 46
\BOOKMARK [1][-]{section.5.2}{\376\377\173\054\116\214\153\145\377\032\217\223\121\145\217\223\121\372\121\163\174\373}{chapter.5}% 47
\BOOKMARK [1][-]{section.5.3}{\376\377\173\054\116\011\153\145\377\032\167\037\120\074\210\150}{chapter.5}% 48
\BOOKMARK [1][-]{section.5.4}{\376\377\173\054\126\333\153\145\377\032\220\073\217\221\143\250\133\374}{chapter.5}% 49
\BOOKMARK [1][-]{section.5.5}{\376\377\173\054\116\224\153\145\377\032\176\323\147\204\123\026\213\276\213\241}{chapter.5}% 50
\BOOKMARK [1][-]{section.5.6}{\376\377\173\054\121\155\153\145\377\032\116\072\116\300\116\110\217\331\150\067\213\276\213\241}{chapter.5}% 51
\BOOKMARK [1][-]{section.5.7}{\376\377\173\054\116\003\153\145\377\032\200\003\213\325\136\070\211\301\123\330\137\017}{chapter.5}% 52
\BOOKMARK [1][-]{section.5.8}{\376\377\173\054\121\153\153\145\377\032\000V\000H\000D\000L\133\236\163\260}{chapter.5}% 53
\BOOKMARK [1][-]{section.5.9}{\376\377\173\054\116\135\153\145\377\032\000T\000e\000s\000t\000b\000e\000n\000c\000h\232\214\213\301}{chapter.5}% 54
\BOOKMARK [1][-]{section.5.10}{\376\377\173\054\123\101\153\145\377\032\131\202\117\125\137\353\220\037\211\343\230\230}{chapter.5}% 55
\BOOKMARK [1][-]{section.5.11}{\376\377\123\330\137\017\213\346\211\343}{chapter.5}% 56
\BOOKMARK [0][-]{chapter.6}{\376\377\000B\000C\000D\213\321\170\001\126\150\040\024\040\024\0005\131\047\123\330\137\017\213\346\211\343}{part.1}% 57
\BOOKMARK [1][-]{section.6.1}{\376\377\123\330\137\017\0001\377\032\131\032\117\115\000B\000C\000D\122\250\140\001\142\153\143\317\146\076\171\072}{chapter.6}% 58
\BOOKMARK [1][-]{section.6.2}{\376\377\123\330\137\017\0002\377\032\136\046\225\001\133\130\166\204\000B\000C\000D\213\321\170\001\126\150}{chapter.6}% 59
\BOOKMARK [1][-]{section.6.3}{\376\377\123\330\137\017\0003\377\032\121\161\226\063\147\201\000\040\000v\000s\000\040\121\161\226\064\147\201\145\160\170\001\173\241}{chapter.6}% 60
\BOOKMARK [1][-]{section.6.4}{\376\377\123\330\137\017\0004\377\032\213\241\145\160\126\150\000+\213\321\170\001\126\150\000+\145\160\170\001\173\241\040\024\040\024\176\374\124\010\230\230}{chapter.6}% 61
\BOOKMARK [1][-]{section.6.5}{\376\377\123\330\137\017\0005\377\032\0001\0006\217\333\122\066\146\076\171\072\213\321\170\001\126\150\377\010\0000\000-\000F\377\011}{chapter.6}% 62
\BOOKMARK [0][-]{chapter.7}{\376\377\0004\220\011\0001\145\160\143\156\220\011\142\351\126\150\377\010\000M\000U\000X\377\011}{part.1}% 63
\BOOKMARK [1][-]{section.7.1}{\376\377\173\054\116\000\153\145\377\032\211\343\121\263\116\300\116\110\225\356\230\230}{chapter.7}% 64
\BOOKMARK [1][-]{section.7.2}{\376\377\173\054\116\214\153\145\377\032\217\223\121\145\217\223\121\372\121\163\174\373}{chapter.7}% 65
\BOOKMARK [1][-]{section.7.3}{\376\377\173\054\116\011\153\145\377\032\167\037\120\074\210\150}{chapter.7}% 66
\BOOKMARK [1][-]{section.7.4}{\376\377\173\054\126\333\153\145\377\032\220\073\217\221\143\250\133\374}{chapter.7}% 67
\BOOKMARK [1][-]{section.7.5}{\376\377\173\054\116\224\153\145\377\032\176\323\147\204\123\026\213\276\213\241}{chapter.7}% 68
\BOOKMARK [1][-]{section.7.6}{\376\377\173\054\121\155\153\145\377\032\116\072\116\300\116\110\217\331\150\067\213\276\213\241}{chapter.7}% 69
\BOOKMARK [1][-]{section.7.7}{\376\377\173\054\116\003\153\145\377\032\200\003\213\325\136\070\211\301\123\330\137\017}{chapter.7}% 70
\BOOKMARK [1][-]{section.7.8}{\376\377\173\054\121\153\153\145\377\032\000V\000H\000D\000L\133\236\163\260}{chapter.7}% 71
\BOOKMARK [1][-]{section.7.9}{\376\377\173\054\116\135\153\145\377\032\000T\000e\000s\000t\000b\000e\000n\000c\000h\232\214\213\301}{chapter.7}% 72
\BOOKMARK [1][-]{section.7.10}{\376\377\173\054\123\101\153\145\377\032\131\202\117\125\137\353\220\037\211\343\230\230}{chapter.7}% 73
\BOOKMARK [1][-]{section.7.11}{\376\377\123\330\137\017\213\346\211\343}{chapter.7}% 74
\BOOKMARK [0][-]{chapter.8}{\376\377\0004\220\011\0001\000\040\000M\000U\000X\040\024\040\024\0004\131\047\123\330\137\017\213\346\211\343}{part.1}% 75
\BOOKMARK [1][-]{section.8.1}{\376\377\123\330\137\017\0001\377\032\165\050\000M\000U\000X\133\236\163\260\116\373\141\017\220\073\217\221\121\375\145\160\377\010\137\305\200\003\377\001\377\011}{chapter.8}% 76
\BOOKMARK [1][-]{section.8.2}{\376\377\123\330\137\017\0002\377\032\123\314\0004\220\011\0001\000\040\000M\000U\000X\147\204\136\372\0008\220\011\0001\000\040\000M\000U\000X}{chapter.8}% 77
\BOOKMARK [1][-]{section.8.3}{\376\377\123\330\137\017\0003\377\032\136\046\117\177\200\375\172\357\166\204\000M\000U\000X}{chapter.8}% 78
\BOOKMARK [1][-]{section.8.4}{\376\377\123\330\137\017\0004\377\032\000M\000U\000X\142\151\134\125\040\024\040\024\0001\0006\220\011\0001}{chapter.8}% 79
\BOOKMARK [0][-]{chapter.9}{\376\377\0004\117\115\145\160\143\156\153\324\217\203\126\150}{part.1}% 80
\BOOKMARK [1][-]{section.9.1}{\376\377\173\054\116\000\153\145\377\032\211\343\121\263\116\300\116\110\225\356\230\230}{chapter.9}% 81
\BOOKMARK [1][-]{section.9.2}{\376\377\173\054\116\214\153\145\377\032\217\223\121\145\217\223\121\372\121\163\174\373}{chapter.9}% 82
\BOOKMARK [1][-]{section.9.3}{\376\377\173\054\116\011\153\145\377\032\153\324\217\203\220\073\217\221}{chapter.9}% 83
\BOOKMARK [1][-]{section.9.4}{\376\377\173\054\126\333\153\145\377\032\220\073\217\221\143\250\133\374}{chapter.9}% 84
\BOOKMARK [1][-]{section.9.5}{\376\377\173\054\116\224\153\145\377\032\176\323\147\204\123\026\213\276\213\241}{chapter.9}% 85
\BOOKMARK [1][-]{section.9.6}{\376\377\173\054\121\155\153\145\377\032\116\072\116\300\116\110\217\331\150\067\213\276\213\241}{chapter.9}% 86
\BOOKMARK [1][-]{section.9.7}{\376\377\173\054\116\003\153\145\377\032\200\003\213\325\136\070\211\301\123\330\137\017}{chapter.9}% 87
\BOOKMARK [1][-]{section.9.8}{\376\377\173\054\121\153\153\145\377\032\000V\000H\000D\000L\133\236\163\260}{chapter.9}% 88
\BOOKMARK [1][-]{section.9.9}{\376\377\173\054\116\135\153\145\377\032\000T\000e\000s\000t\000b\000e\000n\000c\000h\232\214\213\301}{chapter.9}% 89
\BOOKMARK [1][-]{section.9.10}{\376\377\173\054\123\101\153\145\377\032\131\202\117\125\137\353\220\037\211\343\230\230}{chapter.9}% 90
\BOOKMARK [1][-]{section.9.11}{\376\377\123\330\137\017\213\346\211\343}{chapter.9}% 91
\BOOKMARK [0][-]{chapter.10}{\376\377\0004\117\115\153\324\217\203\126\150\040\024\040\024\0004\131\047\123\330\137\017\213\346\211\343}{part.1}% 92
\BOOKMARK [1][-]{section.10.1}{\376\377\123\330\137\017\0001\377\032\0008\117\115\153\324\217\203\126\150\377\010\116\044\162\107\0004\117\115\176\247\200\124\377\011}{chapter.10}% 93
\BOOKMARK [1][-]{section.10.2}{\376\377\123\330\137\017\0002\377\032\123\352\217\223\121\372\000"\166\370\173\111\000"\166\204\153\324\217\203\126\150}{chapter.10}% 94
\BOOKMARK [1][-]{section.10.3}{\376\377\123\330\137\017\0003\377\032\153\324\217\203\126\150\000+\000M\000U\000X\133\236\163\260\123\326\147\000\131\047\120\074}{chapter.10}% 95
\BOOKMARK [1][-]{section.10.4}{\376\377\123\330\137\017\0004\377\032\136\046\117\177\200\375\166\204\153\324\217\203\126\150}{chapter.10}% 96
\BOOKMARK [0][-]{chapter.11}{\376\377\0004\117\115\122\240\154\325\126\150}{part.1}% 97
\BOOKMARK [1][-]{section.11.1}{\376\377\173\054\116\000\153\145\377\032\211\343\121\263\116\300\116\110\225\356\230\230}{chapter.11}% 98
\BOOKMARK [1][-]{section.11.2}{\376\377\173\054\116\214\153\145\377\032\217\223\121\145\217\223\121\372\121\163\174\373}{chapter.11}% 99
\BOOKMARK [1][-]{section.11.3}{\376\377\173\054\116\011\153\145\377\032\116\000\117\115\121\150\122\240\126\150\040\024\040\024\147\000\127\372\147\054\166\204\122\240\154\325\123\125\121\103}{chapter.11}% 100
\BOOKMARK [1][-]{section.11.4}{\376\377\173\054\126\333\153\145\377\032\210\114\154\342\217\333\117\115\122\240\154\325\126\150\377\010\000R\000i\000p\000p\000l\000e\000\040\000C\000a\000r\000r\000y\000\040\000A\000d\000d\000e\000r\377\011}{chapter.11}% 101
\BOOKMARK [1][-]{section.11.5}{\376\377\173\054\116\224\153\145\377\032\176\323\147\204\123\026\213\276\213\241}{chapter.11}% 102
\BOOKMARK [1][-]{section.11.6}{\376\377\173\054\121\155\153\145\377\032\116\072\116\300\116\110\217\331\150\067\213\276\213\241}{chapter.11}% 103
\BOOKMARK [1][-]{section.11.7}{\376\377\173\054\116\003\153\145\377\032\200\003\213\325\136\070\211\301\123\330\137\017}{chapter.11}% 104
\BOOKMARK [1][-]{section.11.8}{\376\377\173\054\121\153\153\145\377\032\000V\000H\000D\000L\133\236\163\260}{chapter.11}% 105
\BOOKMARK [1][-]{section.11.9}{\376\377\173\054\116\135\153\145\377\032\000T\000e\000s\000t\000b\000e\000n\000c\000h\232\214\213\301}{chapter.11}% 106
\BOOKMARK [1][-]{section.11.10}{\376\377\173\054\123\101\153\145\377\032\131\202\117\125\137\353\220\037\211\343\230\230}{chapter.11}% 107
\BOOKMARK [1][-]{section.11.11}{\376\377\123\330\137\017\213\346\211\343}{chapter.11}% 108
\BOOKMARK [0][-]{chapter.12}{\376\377\0004\117\115\122\240\154\325\126\150\040\024\040\024\0005\131\047\123\330\137\017\213\346\211\343}{part.1}% 109
\BOOKMARK [1][-]{section.12.1}{\376\377\123\330\137\017\0001\377\032\0008\117\115\000/\0001\0006\117\115\122\240\154\325\126\150\377\010\176\247\200\124\377\011}{chapter.12}% 110
\BOOKMARK [1][-]{section.12.2}{\376\377\123\330\137\017\0002\377\032\121\317\154\325\126\150\377\010\165\050\122\240\154\325\126\150\133\236\163\260\000A\000-\000B\377\011}{chapter.12}% 111
\BOOKMARK [1][-]{section.12.3}{\376\377\123\330\137\017\0003\377\032\122\240\154\325\126\150\000+\133\304\133\130\126\150\000=\175\057\122\240\126\150}{chapter.12}% 112
\BOOKMARK [1][-]{section.12.4}{\376\377\123\330\137\017\0004\377\032\136\046\156\242\121\372\150\300\155\113\166\204\122\240\154\325\126\150}{chapter.12}% 113
\BOOKMARK [1][-]{section.12.5}{\376\377\123\330\137\017\0005\377\032\000B\000C\000D\122\240\154\325\126\150}{chapter.12}% 114
\BOOKMARK [0][-]{chapter.13}{\376\377\176\247\200\124\116\214\220\011\116\000\145\160\143\156\220\011\142\351\126\150}{part.1}% 115
\BOOKMARK [1][-]{section.13.1}{\376\377\173\054\116\000\153\145\377\032\211\343\121\263\116\300\116\110\225\356\230\230}{chapter.13}% 116
\BOOKMARK [1][-]{section.13.2}{\376\377\173\054\116\214\153\145\377\032\165\050\0002\220\011\0001\000\040\000M\000U\000X\147\204\136\372\0004\220\011\0001\000\040\000M\000U\000X}{chapter.13}% 117
\BOOKMARK [1][-]{section.13.3}{\376\377\173\054\116\011\153\145\377\032\167\037\120\074\210\150}{chapter.13}% 118
\BOOKMARK [1][-]{section.13.4}{\376\377\173\054\126\333\153\145\377\032\220\073\217\221\143\250\133\374}{chapter.13}% 119
\BOOKMARK [1][-]{section.13.5}{\376\377\173\054\116\224\153\145\377\032\176\323\147\204\123\026\213\276\213\241\040\024\040\024\220\032\165\050\176\247\200\124\211\304\137\213}{chapter.13}% 120
\BOOKMARK [1][-]{section.13.6}{\376\377\173\054\121\155\153\145\377\032\116\072\116\300\116\110\217\331\150\067\213\276\213\241}{chapter.13}% 121
\BOOKMARK [1][-]{section.13.7}{\376\377\173\054\116\003\153\145\377\032\200\003\213\325\136\070\211\301\123\330\137\017}{chapter.13}% 122
\BOOKMARK [1][-]{section.13.8}{\376\377\173\054\121\153\153\145\377\032\000V\000H\000D\000L\133\236\163\260}{chapter.13}% 123
\BOOKMARK [1][-]{section.13.9}{\376\377\173\054\116\135\153\145\377\032\000T\000e\000s\000t\000b\000e\000n\000c\000h\232\214\213\301}{chapter.13}% 124
\BOOKMARK [1][-]{section.13.10}{\376\377\173\054\123\101\153\145\377\032\131\202\117\125\137\353\220\037\211\343\230\230}{chapter.13}% 125
\BOOKMARK [1][-]{section.13.11}{\376\377\123\330\137\017\213\346\211\343}{chapter.13}% 126
\BOOKMARK [0][-]{chapter.14}{\376\377\176\247\200\124\000M\000U\000X\040\024\040\024\0004\131\047\123\330\137\017\213\346\211\343}{part.1}% 127
\BOOKMARK [1][-]{section.14.1}{\376\377\123\330\137\017\0001\377\032\165\050\0002\220\011\0001\000\040\000M\000U\000X\147\204\136\372\0008\220\011\0001\000\040\000M\000U\000X}{chapter.14}% 128
\BOOKMARK [1][-]{section.14.2}{\376\377\123\330\137\017\0002\377\032\165\050\0004\220\011\0001\000\040\000M\000U\000X\147\204\136\372\0001\0006\220\011\0001\000\040\000M\000U\000X}{chapter.14}% 129
\BOOKMARK [1][-]{section.14.3}{\376\377\123\330\137\017\0003\377\032\116\015\133\371\171\360\176\247\200\124\377\010\147\204\136\372\0006\220\011\0001\000\040\000M\000U\000X\377\011}{chapter.14}% 130
\BOOKMARK [1][-]{section.14.4}{\376\377\123\330\137\017\0004\377\032\000M\000U\000X\150\021\133\236\163\260\220\073\217\221\121\375\145\160}{chapter.14}% 131
\BOOKMARK [0][-]{chapter.15}{\376\377\176\304\124\010\220\073\217\221\165\065\215\357\377\032\176\337\116\000\213\276\213\241\131\127\215\357}{part.1}% 132
\BOOKMARK [1][-]{section.15.1}{\376\377\116\300\116\110\146\057\176\304\124\010\220\073\217\221\165\065\215\357}{chapter.15}% 133
\BOOKMARK [1][-]{section.15.2}{\376\377\176\304\124\010\220\073\217\221\165\065\215\357\214\061\174\373}{chapter.15}% 134
\BOOKMARK [1][-]{section.15.3}{\376\377\176\337\116\000\213\276\213\241\131\127\215\357}{chapter.15}% 135
\BOOKMARK [1][-]{section.15.4}{\376\377\200\003\213\325\116\055\147\000\232\330\230\221\166\204\176\304\124\010\220\073\217\221\200\003\160\271}{chapter.15}% 136
\BOOKMARK [1][-]{section.15.5}{\376\377\116\316\176\304\124\010\220\073\217\221\122\060\145\366\136\217\220\073\217\221}{chapter.15}% 137
\BOOKMARK [-1][-]{part.2}{\376\377\173\054\116\214\220\350\122\006\000\040\000D\211\346\123\321\126\150\117\123\174\373}{}% 138
\BOOKMARK [0][-]{chapter.16}{\376\377\000D\211\346\123\321\126\150\155\361\136\246\211\343\147\220}{part.2}% 139
\BOOKMARK [1][-]{section.16.1}{\376\377\116\072\116\300\116\110\176\304\124\010\220\073\217\221\116\015\200\375\133\130\120\250\117\341\140\157}{chapter.16}% 140
\BOOKMARK [1][-]{section.16.2}{\376\377\116\072\116\300\116\110\227\000\211\201\133\130\120\250}{chapter.16}% 141
\BOOKMARK [1][-]{section.16.3}{\376\377\116\300\116\110\123\353\162\266\140\001\377\037\116\300\116\110\123\353\213\260\137\306\377\037}{chapter.16}% 142
\BOOKMARK [1][-]{section.16.4}{\376\377\000D\211\346\123\321\126\150\122\060\136\225\117\335\133\130\116\206\116\300\116\110}{chapter.16}% 143
\BOOKMARK [2][-]{subsection.16.4.1}{\376\377\000D\211\346\123\321\126\150\166\204\217\223\121\145\217\223\121\372}{section.16.4}% 144
\BOOKMARK [1][-]{section.16.5}{\376\377\145\366\224\237\116\012\123\107\154\277\123\321\165\037\116\300\116\110}{chapter.16}% 145
\BOOKMARK [2][-]{subsection.16.5.1}{\376\377\220\020\142\315\122\006\147\220\377\032\000D\211\346\123\321\126\150\166\204\116\000\153\041\135\345\117\134\217\307\172\013}{section.16.5}% 146
\BOOKMARK [1][-]{section.16.6}{\376\377\000Q\000\050\000n\000\051\124\214\000Q\000\050\000n\000+\0001\000\051\122\060\136\225\146\057\116\300\116\110\141\017\140\035}{chapter.16}% 147
\BOOKMARK [1][-]{section.16.7}{\376\377\000F\000P\000G\000A\116\055\166\204\133\304\133\130\126\150\215\104\156\220\116\016\000D\211\346\123\321\126\150\121\163\174\373}{chapter.16}% 148
\BOOKMARK [1][-]{section.16.8}{\376\377\000D\211\346\123\321\126\150\166\204\000V\000H\000D\000L\133\236\163\260}{chapter.16}% 149
\BOOKMARK [2][-]{subsection.16.8.1}{\376\377\000V\000H\000D\000L\116\055\166\204\121\163\225\056\160\271}{section.16.8}% 150
\BOOKMARK [2][-]{subsection.16.8.2}{\376\377\176\374\124\010\142\020\116\300\116\110\170\154\116\366}{section.16.8}% 151
\BOOKMARK [1][-]{section.16.9}{\376\377\000D\211\346\123\321\126\150\000\040\000+\000\040\176\304\124\010\220\073\217\221\000\040\000=\000\040\116\000\122\007\145\366\136\217\165\065\215\357}{chapter.16}% 152
\BOOKMARK [1][-]{section.16.10}{\376\377\000T\000e\000s\000t\000b\000e\000n\000c\000h\232\214\213\301}{chapter.16}% 153
\BOOKMARK [1][-]{section.16.11}{\376\377\000D\211\346\123\321\126\150\117\123\174\373\140\073\176\323}{chapter.16}% 154
\BOOKMARK [1][-]{section.16.12}{\376\377\123\330\137\017\213\346\211\343}{chapter.16}% 155
\BOOKMARK [0][-]{chapter.17}{\376\377\000D\211\346\123\321\126\150\040\024\040\024\150\070\137\303\123\330\137\017\213\346\211\343}{part.2}% 156
\BOOKMARK [1][-]{section.17.1}{\376\377\123\330\137\017\0001\377\032\136\046\137\002\153\145\131\015\117\115\166\204\000D\211\346\123\321\126\150\000\040\000v\000s\000\040\136\046\124\014\153\145\131\015\117\115\166\204\000D\211\346\123\321\126\150}{chapter.17}% 157
\BOOKMARK [1][-]{section.17.2}{\376\377\123\330\137\017\0002\377\032\136\046\145\366\224\237\117\177\200\375\166\204\000D\211\346\123\321\126\150}{chapter.17}% 158
\BOOKMARK [1][-]{section.17.3}{\376\377\123\330\137\017\0003\377\032\131\032\117\115\000D\211\346\123\321\126\150\000=\133\304\133\130\126\150}{chapter.17}% 159
\BOOKMARK [1][-]{section.17.4}{\376\377\123\330\137\017\0004\377\032\000D\211\346\123\321\126\150\147\204\142\020\0002\122\006\230\221\126\150}{chapter.17}% 160
\BOOKMARK [1][-]{section.17.5}{\376\377\123\330\137\017\0005\377\032\136\372\172\313\000/\117\335\143\001\145\366\225\364\116\016\147\000\131\047\135\345\117\134\230\221\163\207}{chapter.17}% 161
\BOOKMARK [-1][-]{part.3}{\376\377\173\054\116\011\220\350\122\006\000\040\213\241\145\160\126\150\117\123\174\373}{}% 162
\BOOKMARK [0][-]{chapter.18}{\376\377\213\241\145\160\126\150\176\337\116\000\150\106\147\266\377\032\116\316\162\266\140\001\147\072\211\306\211\322\164\006\211\343\213\241\145\160\126\150}{part.3}% 163
\BOOKMARK [1][-]{section.18.1}{\376\377\147\000\221\315\211\201\166\204\116\000\123\345\213\335}{chapter.18}% 164
\BOOKMARK [1][-]{section.18.2}{\376\377\116\300\116\110\146\057\162\266\140\001}{chapter.18}% 165
\BOOKMARK [1][-]{section.18.3}{\376\377\116\300\116\110\146\057\162\266\140\001\217\154\171\373}{chapter.18}% 166
\BOOKMARK [1][-]{section.18.4}{\376\377\116\072\116\300\116\110\213\241\145\160\126\150\147\054\215\050\146\057\162\266\140\001\147\072}{chapter.18}% 167
\BOOKMARK [1][-]{section.18.5}{\376\377\116\072\116\300\116\110\213\241\145\160\126\150\147\054\215\050\146\057\000"\137\123\122\115\162\266\140\001\000+\0001\000"}{chapter.18}% 168
\BOOKMARK [1][-]{section.18.6}{\376\377\220\032\165\050\213\241\145\160\126\150\213\276\213\241\155\101\172\013}{chapter.18}% 169
\BOOKMARK [1][-]{section.18.7}{\376\377\116\072\116\300\116\110\142\100\147\011\213\241\145\160\126\150\147\054\215\050\116\012\146\057\116\000\116\052\225\356\230\230}{chapter.18}% 170
\BOOKMARK [1][-]{section.18.8}{\376\377\143\245\116\013\147\145\166\204\133\146\116\140\230\172\136\217}{chapter.18}% 171
\BOOKMARK [0][-]{chapter.19}{\376\377\0004\117\115\122\240\154\325\213\241\145\160\126\150\040\024\040\024\152\041\0002\000N\116\214\217\333\122\066\213\241\145\160\126\150}{part.3}% 172
\BOOKMARK [1][-]{section.19.1}{\376\377\136\224\165\050\176\337\116\000\150\106\147\266}{chapter.19}% 173
\BOOKMARK [1][-]{section.19.2}{\376\377\220\020\142\315\162\266\140\001\122\006\147\220}{chapter.19}% 174
\BOOKMARK [2][-]{subsection.19.2.1}{\376\377\122\035\131\313\162\266\140\001}{section.19.2}% 175
\BOOKMARK [2][-]{subsection.19.2.2}{\376\377\145\366\224\237\173\054\0001\142\315\122\060\173\054\0001\0006\142\315}{section.19.2}% 176
\BOOKMARK [1][-]{section.19.3}{\376\377\116\072\116\300\116\110\000Q\0000\177\373\217\154\147\000\137\353}{chapter.19}% 177
\BOOKMARK [1][-]{section.19.4}{\376\377\000V\000H\000D\000L\133\236\163\260}{chapter.19}% 178
\BOOKMARK [1][-]{section.19.5}{\376\377\121\205\220\350\133\304\133\130\126\150\123\330\123\026\217\307\172\013}{chapter.19}% 179
\BOOKMARK [1][-]{section.19.6}{\376\377\000T\000e\000s\000t\000b\000e\000n\000c\000h}{chapter.19}% 180
\BOOKMARK [0][-]{chapter.20}{\376\377\152\041\0001\0002\122\240\154\325\213\241\145\160\126\150}{part.3}% 181
\BOOKMARK [1][-]{section.20.1}{\376\377\136\224\165\050\176\337\116\000\150\106\147\266}{chapter.20}% 182
\BOOKMARK [1][-]{section.20.2}{\376\377\220\020\142\315\162\266\140\001\122\006\147\220}{chapter.20}% 183
\BOOKMARK [2][-]{subsection.20.2.1}{\376\377\121\163\225\056\225\356\230\230\377\032\116\072\116\300\116\110\152\041\0001\0002\116\015\200\375\201\352\161\066\156\242\121\372}{section.20.2}% 184
\BOOKMARK [1][-]{section.20.3}{\376\377\152\041\0001\0002\213\241\145\160\126\150\121\205\220\350\170\154\116\366\176\323\147\204}{chapter.20}% 185
\BOOKMARK [1][-]{section.20.4}{\376\377\000V\000H\000D\000L\133\236\163\260}{chapter.20}% 186
\BOOKMARK [1][-]{section.20.5}{\376\377\136\070\211\301\225\031\213\357\122\006\147\220}{chapter.20}% 187
\BOOKMARK [1][-]{section.20.6}{\376\377\000T\000e\000s\000t\000b\000e\000n\000c\000h}{chapter.20}% 188
\BOOKMARK [0][-]{chapter.21}{\376\377\152\041\0002\0004\213\241\145\160\126\150}{part.3}% 189
\BOOKMARK [1][-]{section.21.1}{\376\377\136\224\165\050\176\337\116\000\150\106\147\266}{chapter.21}% 190
\BOOKMARK [1][-]{section.21.2}{\376\377\121\163\225\056\162\266\140\001\122\006\147\220}{chapter.21}% 191
\BOOKMARK [1][-]{section.21.3}{\376\377\116\072\116\300\116\110\146\057\0005\117\115}{chapter.21}% 192
\BOOKMARK [1][-]{section.21.4}{\376\377\000V\000H\000D\000L\133\236\163\260}{chapter.21}% 193
\BOOKMARK [1][-]{section.21.5}{\376\377\116\016\152\041\0001\0002\166\204\153\324\217\203}{chapter.21}% 194
\BOOKMARK [0][-]{chapter.22}{\376\377\152\041\0006\0000\213\241\145\160\126\150}{part.3}% 195
\BOOKMARK [1][-]{section.22.1}{\376\377\136\224\165\050\176\337\116\000\150\106\147\266}{chapter.22}% 196
\BOOKMARK [1][-]{section.22.2}{\376\377\152\041\0006\0000\166\204\133\236\226\105\141\017\116\111}{chapter.22}% 197
\BOOKMARK [1][-]{section.22.3}{\376\377\000V\000H\000D\000L\133\236\163\260}{chapter.22}% 198
\BOOKMARK [1][-]{section.22.4}{\376\377\116\011\171\315\152\041\120\074\213\241\145\160\126\150\166\204\176\337\116\000\133\371\153\324}{chapter.22}% 199
\BOOKMARK [0][-]{chapter.23}{\376\377\152\041\116\072\116\373\141\017\120\074\166\204\116\214\217\333\122\066\213\241\145\160\126\150}{part.3}% 200
\BOOKMARK [1][-]{section.23.1}{\376\377\220\032\165\050\213\276\213\241\121\154\137\017}{chapter.23}% 201
\BOOKMARK [1][-]{section.23.2}{\376\377\116\072\116\300\116\110\217\331\116\052\152\041\147\177\220\002\165\050\116\216\116\373\141\017\000N}{chapter.23}% 202
\BOOKMARK [1][-]{section.23.3}{\376\377\133\236\117\213\377\032\152\041\0007\213\241\145\160\126\150}{chapter.23}% 203
\BOOKMARK [1][-]{section.23.4}{\376\377\133\236\117\213\377\032\152\041\0005\213\241\145\160\126\150}{chapter.23}% 204
\BOOKMARK [1][-]{section.23.5}{\376\377\133\236\117\213\377\032\152\041\0001\0000\0000\213\241\145\160\126\150}{chapter.23}% 205
\BOOKMARK [1][-]{section.23.6}{\376\377\217\271\165\114\140\305\121\265\122\006\147\220}{chapter.23}% 206
\BOOKMARK [2][-]{subsection.23.6.1}{\376\377\000N\000\040\000=\000\040\0002\000k\000\040\166\204\140\305\121\265}{section.23.6}% 207
\BOOKMARK [2][-]{subsection.23.6.2}{\376\377\000N\000\040\000=\000\040\0001\000\040\166\204\140\305\121\265}{section.23.6}% 208
\BOOKMARK [1][-]{section.23.7}{\376\377\200\003\213\325\136\070\211\301\123\330\137\017}{chapter.23}% 209
\BOOKMARK [1][-]{section.23.8}{\376\377\176\337\116\000\140\035\200\003\230\230}{chapter.23}% 210
\BOOKMARK [1][-]{section.23.9}{\376\377\123\330\137\017\213\346\211\343}{chapter.23}% 211
\BOOKMARK [0][-]{chapter.24}{\376\377\213\241\145\160\126\150\040\024\040\024\176\337\116\000\150\106\147\266\123\330\137\017\213\346\211\343}{part.3}% 212
\BOOKMARK [1][-]{section.24.1}{\376\377\123\330\137\017\0001\377\032\136\046\117\177\200\375\166\204\152\041\000N\213\241\145\160\126\150}{chapter.24}% 213
\BOOKMARK [1][-]{section.24.2}{\376\377\123\330\137\017\0002\377\032\136\046\124\014\153\145\122\240\217\175\166\204\152\041\000N\213\241\145\160\126\150}{chapter.24}% 214
\BOOKMARK [1][-]{section.24.3}{\376\377\123\330\137\017\0003\377\032\220\022\130\236\000/\220\022\121\317\123\314\124\021\213\241\145\160\126\150}{chapter.24}% 215
\BOOKMARK [1][-]{section.24.4}{\376\377\123\330\137\017\0004\377\032\120\022\213\241\145\366\213\241\145\160\126\150\377\010\230\204\177\156\041\222\0000\041\222\230\204\177\156\377\011}{chapter.24}% 216
\BOOKMARK [1][-]{section.24.5}{\376\377\123\330\137\017\0005\377\032\176\247\200\124\213\241\145\160\126\150\040\024\040\024\140\073\152\041\120\074\000=\116\130\171\357}{chapter.24}% 217
\BOOKMARK [1][-]{section.24.6}{\376\377\123\330\137\017\0006\377\032\150\074\226\367\170\001\213\241\145\160\126\150}{chapter.24}% 218
\BOOKMARK [0][-]{chapter.25}{\376\377\152\041\0001\0000\000\040\000B\000C\000D\213\241\145\160\126\150}{part.3}% 219
\BOOKMARK [1][-]{section.25.1}{\376\377\000B\000C\000D\213\241\145\160\126\150\116\016\116\214\217\333\122\066\213\241\145\160\126\150\166\204\147\054\215\050\123\072\122\053}{chapter.25}% 220
\BOOKMARK [1][-]{section.25.2}{\376\377\116\000\117\115\000B\000C\000D\213\241\145\160\126\150\000\040\000=\000\040\152\041\0001\0000\213\241\145\160\126\150}{chapter.25}% 221
\BOOKMARK [1][-]{section.25.3}{\376\377\220\020\142\315\162\266\140\001\122\006\147\220}{chapter.25}% 222
\BOOKMARK [1][-]{section.25.4}{\376\377\000V\000H\000D\000L\133\236\163\260}{chapter.25}% 223
\BOOKMARK [1][-]{section.25.5}{\376\377\000B\000C\000D\152\041\0001\0000\000\040\000v\000s\000\040\116\214\217\333\122\066\152\041\0001\0000}{chapter.25}% 224
\BOOKMARK [1][-]{section.25.6}{\376\377\000B\000C\000D\152\041\0001\0000\000\040\000v\000s\000\040\131\032\117\115\000B\000C\000D\213\241\145\160\126\150}{chapter.25}% 225
\BOOKMARK [0][-]{chapter.26}{\376\377\152\041\0002\0004\000\040\000B\000C\000D\213\241\145\160\126\150\116\016\152\041\0006\0000\000\040\000B\000C\000D\213\241\145\160\126\150}{part.3}% 226
\BOOKMARK [1][-]{section.26.1}{\376\377\000B\000C\000D\176\247\200\124\166\204\127\372\147\054\140\035\140\363}{chapter.26}% 227
\BOOKMARK [1][-]{section.26.2}{\376\377\152\041\0002\0004\000\040\000B\000C\000D\213\241\145\160\126\150}{chapter.26}% 228
\BOOKMARK [2][-]{subsection.26.2.1}{\376\377\116\044\171\315\133\236\163\260\145\271\150\110}{section.26.2}% 229
\BOOKMARK [2][-]{subsection.26.2.2}{\376\377\145\271\150\110\000A\377\032\000B\000C\000D\176\247\200\124\133\236\163\260}{section.26.2}% 230
\BOOKMARK [2][-]{subsection.26.2.3}{\376\377\145\271\150\110\000B\377\032\176\337\116\000\213\241\145\160}{section.26.2}% 231
\BOOKMARK [1][-]{section.26.3}{\376\377\152\041\0006\0000\000\040\000B\000C\000D\213\241\145\160\126\150}{chapter.26}% 232
\BOOKMARK [1][-]{section.26.4}{\376\377\000B\000C\000D\176\247\200\124\166\204\220\032\165\050\152\041\147\177}{chapter.26}% 233
\BOOKMARK [1][-]{section.26.5}{\376\377\145\160\133\127\224\237\210\150\166\204\133\214\145\164\176\323\147\204}{chapter.26}% 234
\BOOKMARK [1][-]{section.26.6}{\376\377\213\241\145\160\126\150\220\350\122\006\140\073\176\323}{chapter.26}% 235
\BOOKMARK [-1][-]{part.4}{\376\377\173\054\126\333\220\350\122\006\000\040\122\006\230\221\126\150\117\123\174\373}{}% 236
\BOOKMARK [0][-]{chapter.27}{\376\377\165\050\213\241\145\160\126\150\213\276\213\241\122\006\230\221\126\150}{part.4}% 237
\BOOKMARK [1][-]{section.27.1}{\376\377\116\300\116\110\146\057\122\006\230\221}{chapter.27}% 238
\BOOKMARK [1][-]{section.27.2}{\376\377\116\072\116\300\116\110\213\241\145\160\126\150\200\375\131\037\122\006\230\221\377\032\116\316\162\266\140\001\123\330\123\026\217\307\172\013\164\006\211\343}{chapter.27}% 239
\BOOKMARK [2][-]{subsection.27.2.1}{\376\377\126\336\230\176\0004\117\115\213\241\145\160\126\150\166\204\162\266\140\001\136\217\122\027}{section.27.2}% 240
\BOOKMARK [2][-]{subsection.27.2.2}{\376\377\121\163\225\056\211\302\133\337}{section.27.2}% 241
\BOOKMARK [1][-]{section.27.3}{\376\377\220\020\142\315\122\006\147\220\377\032\116\072\116\300\116\110\000Q\0000\131\051\161\066\116\214\122\006\230\221}{chapter.27}% 242
\BOOKMARK [1][-]{section.27.4}{\376\377\220\020\142\315\122\006\147\220\377\032\116\072\116\300\116\110\000Q\0001\131\051\161\066\126\333\122\006\230\221}{chapter.27}% 243
\BOOKMARK [1][-]{section.27.5}{\376\377\220\032\165\050\211\304\137\213}{chapter.27}% 244
\BOOKMARK [1][-]{section.27.6}{\376\377\120\166\145\160\122\006\230\221}{chapter.27}% 245
\BOOKMARK [2][-]{subsection.27.6.1}{\376\377\0006\122\006\230\221\126\150\213\276\213\241}{section.27.6}% 246
\BOOKMARK [1][-]{section.27.7}{\376\377\131\107\145\160\122\006\230\221}{chapter.27}% 247
\BOOKMARK [2][-]{subsection.27.7.1}{\376\377\0003\122\006\230\221\126\150\213\276\213\241}{section.27.7}% 248
\BOOKMARK [1][-]{section.27.8}{\376\377\116\373\141\017\145\164\145\160\122\006\230\221\166\204\176\337\116\000\213\276\213\241\155\101\172\013}{chapter.27}% 249
\BOOKMARK [1][-]{section.27.9}{\376\377\200\003\213\325\136\070\211\301\123\330\137\017}{chapter.27}% 250
\BOOKMARK [1][-]{section.27.10}{\376\377\122\006\230\221\126\150\116\016\213\241\145\160\126\150\166\204\121\163\174\373\140\073\176\323}{chapter.27}% 251
\BOOKMARK [1][-]{section.27.11}{\376\377\123\330\137\017\213\346\211\343}{chapter.27}% 252
\BOOKMARK [0][-]{chapter.28}{\376\377\122\006\230\221\126\150\040\024\040\024\121\150\220\350\123\330\137\017\213\346\211\343}{part.4}% 253
\BOOKMARK [1][-]{section.28.1}{\376\377\123\330\137\017\0001\377\032\166\364\143\245\123\326\000Q\000n\133\236\163\260\0002\000n\122\006\230\221}{chapter.28}% 254
\BOOKMARK [1][-]{section.28.2}{\376\377\123\330\137\017\0002\377\032\120\166\145\160\122\006\230\221\377\010\116\373\141\017\000M\377\011}{chapter.28}% 255
\BOOKMARK [1][-]{section.28.3}{\376\377\123\330\137\017\0003\377\032\131\107\145\160\122\006\230\221\377\010\123\314\154\277\154\325\377\011}{chapter.28}% 256
\BOOKMARK [1][-]{section.28.4}{\376\377\123\330\137\017\0004\377\032\123\140\172\172\153\324\123\357\214\003\122\006\230\221\126\150}{chapter.28}% 257
\BOOKMARK [1][-]{section.28.5}{\376\377\123\330\137\017\0005\377\032\131\032\176\247\122\006\230\221\126\150\377\010\122\006\230\221\153\324\166\370\116\130\377\011}{chapter.28}% 258
\BOOKMARK [1][-]{section.28.6}{\376\377\123\330\137\017\0006\377\032\171\322\201\011\121\262\123\321\165\037\126\150}{chapter.28}% 259
\BOOKMARK [-1][-]{part.5}{\376\377\173\054\116\224\220\350\122\006\000\040\136\217\122\027\123\321\165\037\126\150\117\123\174\373}{}% 260
\BOOKMARK [0][-]{chapter.29}{\376\377\165\050\213\241\145\160\126\150\213\276\213\241\136\217\122\027\123\321\165\037\126\150}{part.5}% 261
\BOOKMARK [1][-]{section.29.1}{\376\377\116\300\116\110\146\057\136\217\122\027}{chapter.29}% 262
\BOOKMARK [1][-]{section.29.2}{\376\377\116\072\116\300\116\110\213\241\145\160\126\150\123\357\116\345\116\247\165\037\136\217\122\027}{chapter.29}% 263
\BOOKMARK [1][-]{section.29.3}{\376\377\145\271\150\110\0001\377\032\213\241\145\160\126\150\000\040\000+\000\040\176\304\124\010\220\073\217\221\146\040\134\004}{chapter.29}% 264
\BOOKMARK [2][-]{subsection.29.3.1}{\376\377\213\276\213\241\136\217\122\027\377\032\0000\0001\0001\0000\000\040\0000\0001\0001\0000\000\040\0000\0001\0001\0000\000\040\000.\000.\000.}{section.29.3}% 265
\BOOKMARK [1][-]{section.29.4}{\376\377\145\271\150\110\0002\377\032\162\266\140\001\147\072\127\213\136\217\122\027\123\321\165\037\126\150}{chapter.29}% 266
\BOOKMARK [1][-]{section.29.5}{\376\377\145\271\150\110\0003\377\032\171\373\117\115\133\304\133\130\126\150\127\213\136\217\122\027\123\321\165\037\126\150}{chapter.29}% 267
\BOOKMARK [1][-]{section.29.6}{\376\377\145\271\150\110\0004\377\032\000R\000O\000M\000/\147\345\142\176\210\150\127\213\136\217\122\027\123\321\165\037\126\150}{chapter.29}% 268
\BOOKMARK [1][-]{section.29.7}{\376\377\145\271\150\110\153\324\217\203}{chapter.29}% 269
\BOOKMARK [1][-]{section.29.8}{\376\377\200\003\213\325\136\070\211\301\123\330\137\017}{chapter.29}% 270
\BOOKMARK [1][-]{section.29.9}{\376\377\123\330\137\017\213\346\211\343}{chapter.29}% 271
\BOOKMARK [0][-]{chapter.30}{\376\377\136\217\122\027\123\321\165\037\126\150\040\024\040\024\121\150\220\350\123\330\137\017\213\346\211\343}{part.5}% 272
\BOOKMARK [1][-]{section.30.1}{\376\377\123\330\137\017\0001\377\032\116\373\141\017\124\150\147\037\136\217\122\027\377\010\213\241\145\160\126\150\000+\146\040\134\004\210\150\377\011}{chapter.30}% 273
\BOOKMARK [1][-]{section.30.2}{\376\377\123\330\137\017\0002\377\032\162\266\140\001\147\072\127\213\136\217\122\027\123\321\165\037\126\150}{chapter.30}% 274
\BOOKMARK [1][-]{section.30.3}{\376\377\123\330\137\017\0003\377\032\171\373\117\115\133\304\133\130\126\150\000+\000L\000F\000S\000R\123\321\165\037\126\150}{chapter.30}% 275
\BOOKMARK [1][-]{section.30.4}{\376\377\123\330\137\017\0004\377\032\000R\000O\000M\000/\147\345\142\176\210\150\127\213\136\217\122\027\123\321\165\037\126\150}{chapter.30}% 276
\BOOKMARK [-1][-]{part.6}{\376\377\173\054\121\155\220\350\122\006\000\040\171\373\117\115\133\304\133\130\126\150\117\123\174\373}{}% 277
\BOOKMARK [0][-]{chapter.31}{\376\377\171\373\117\115\133\304\133\130\126\150}{part.6}% 278
\BOOKMARK [1][-]{section.31.1}{\376\377\121\110\136\372\172\313\145\160\143\156\155\101\122\250\166\204\140\035\176\364\152\041\127\213}{chapter.31}% 279
\BOOKMARK [1][-]{section.31.2}{\376\377\220\020\142\315\122\006\147\220\377\032\145\160\143\156\131\202\117\125\171\373\122\250}{chapter.31}% 280
\BOOKMARK [2][-]{subsection.31.2.1}{\376\377\122\035\131\313\147\141\116\366}{section.31.2}% 281
\BOOKMARK [2][-]{subsection.31.2.2}{\376\377\145\366\224\237\173\054\0000\142\315\377\010\122\035\131\313\162\266\140\001\377\011}{section.31.2}% 282
\BOOKMARK [2][-]{subsection.31.2.3}{\376\377\145\366\224\237\173\054\0001\142\315\116\012\123\107\154\277}{section.31.2}% 283
\BOOKMARK [2][-]{subsection.31.2.4}{\376\377\145\366\224\237\173\054\0002\142\315\116\012\123\107\154\277}{section.31.2}% 284
\BOOKMARK [2][-]{subsection.31.2.5}{\376\377\145\366\224\237\173\054\0003\142\315\116\012\123\107\154\277}{section.31.2}% 285
\BOOKMARK [2][-]{subsection.31.2.6}{\376\377\145\366\224\237\173\054\0004\142\315\116\012\123\107\154\277}{section.31.2}% 286
\BOOKMARK [2][-]{subsection.31.2.7}{\376\377\133\214\145\164\145\160\143\156\171\373\122\250\217\150\217\371}{section.31.2}% 287
\BOOKMARK [1][-]{section.31.3}{\376\377\150\070\137\303\151\202\137\365\140\073\176\323}{chapter.31}% 288
\BOOKMARK [1][-]{section.31.4}{\376\377\123\125\124\021\171\373\117\115\133\304\133\130\126\150\377\032\000V\000H\000D\000L\133\236\163\260}{chapter.31}% 289
\BOOKMARK [1][-]{section.31.5}{\376\377\123\314\124\021\171\373\117\115\133\304\133\130\126\150}{chapter.31}% 290
\BOOKMARK [1][-]{section.31.6}{\376\377\136\046\136\166\210\114\210\305\217\175\166\204\171\373\117\115\133\304\133\130\126\150}{chapter.31}% 291
\BOOKMARK [1][-]{section.31.7}{\376\377\126\333\171\315\217\223\121\145\217\223\121\372\176\304\124\010}{chapter.31}% 292
\BOOKMARK [1][-]{section.31.8}{\376\377\200\003\213\325\136\070\211\301\123\330\137\017}{chapter.31}% 293
\BOOKMARK [1][-]{section.31.9}{\376\377\000T\000e\000s\000t\000b\000e\000n\000c\000h}{chapter.31}% 294
\BOOKMARK [1][-]{section.31.10}{\376\377\123\330\137\017\213\346\211\343}{chapter.31}% 295
\BOOKMARK [0][-]{chapter.32}{\376\377\171\373\117\115\133\304\133\130\126\150\040\024\040\024\121\150\220\350\123\330\137\017\213\346\211\343}{part.6}% 296
\BOOKMARK [1][-]{section.32.1}{\376\377\123\330\137\017\0001\377\032\116\062\136\166\217\154\143\142\377\010\000S\000I\000P\000O\377\011}{chapter.32}% 297
\BOOKMARK [1][-]{section.32.2}{\376\377\123\330\137\017\0002\377\032\136\166\116\062\217\154\143\142\377\010\000P\000I\000S\000O\377\011}{chapter.32}% 298
\BOOKMARK [1][-]{section.32.3}{\376\377\123\330\137\017\0003\377\032\123\314\124\021\171\373\117\115}{chapter.32}% 299
\BOOKMARK [1][-]{section.32.4}{\376\377\123\330\137\017\0004\377\032\137\252\163\257\171\373\117\115}{chapter.32}% 300
\BOOKMARK [1][-]{section.32.5}{\376\377\123\330\137\017\0005\377\032\173\227\147\057\171\373\117\115\377\010\117\335\143\001\173\046\123\367\117\115\377\011}{chapter.32}% 301
\BOOKMARK [-1][-]{part.7}{\376\377\173\054\116\003\220\350\122\006\000\040\163\257\137\142\213\241\145\160\126\150\117\123\174\373}{}% 302
\BOOKMARK [0][-]{chapter.33}{\376\377\171\373\117\115\133\304\133\130\126\150\147\204\136\372\163\257\137\142\213\241\145\160\126\150}{part.7}% 303
\BOOKMARK [1][-]{section.33.1}{\376\377\116\316\171\373\117\115\133\304\133\130\126\150\121\372\123\321}{chapter.33}% 304
\BOOKMARK [1][-]{section.33.2}{\376\377\220\020\142\315\122\006\147\220\377\032\163\257\137\142\213\241\145\160\126\150\131\202\117\125\135\345\117\134}{chapter.33}% 305
\BOOKMARK [2][-]{subsection.33.2.1}{\376\377\145\366\224\237\173\054\0000\142\315\377\010\122\035\131\313\000/\131\015\117\115\124\016\377\011}{section.33.2}% 306
\BOOKMARK [2][-]{subsection.33.2.2}{\376\377\145\366\224\237\173\054\0001\142\315\116\012\123\107\154\277}{section.33.2}% 307
\BOOKMARK [2][-]{subsection.33.2.3}{\376\377\145\366\224\237\173\054\0002\142\315\116\012\123\107\154\277}{section.33.2}% 308
\BOOKMARK [2][-]{subsection.33.2.4}{\376\377\145\366\224\237\173\054\0003\142\315\116\012\123\107\154\277}{section.33.2}% 309
\BOOKMARK [2][-]{subsection.33.2.5}{\376\377\145\366\224\237\173\054\0004\142\315\116\012\123\107\154\277}{section.33.2}% 310
\BOOKMARK [2][-]{subsection.33.2.6}{\376\377\133\214\145\164\166\204\137\252\163\257\217\307\172\013}{section.33.2}% 311
\BOOKMARK [1][-]{section.33.3}{\376\377\163\257\137\142\213\241\145\160\126\150\000\040\000v\000s\000\040\146\156\220\032\213\241\145\160\126\150}{chapter.33}% 312
\BOOKMARK [1][-]{section.33.4}{\376\377\116\072\116\300\116\110\123\315\231\210\124\016\137\142\142\020\137\252\163\257\162\266\140\001}{chapter.33}% 313
\BOOKMARK [1][-]{section.33.5}{\376\377\176\246\177\360\220\012\213\241\145\160\126\150\377\010\142\155\163\257\137\142\213\241\145\160\126\150\377\011}{chapter.33}% 314
\BOOKMARK [1][-]{section.33.6}{\376\377\000V\000H\000D\000L\133\236\163\260}{chapter.33}% 315
\BOOKMARK [2][-]{subsection.33.6.1}{\376\377\176\246\177\360\220\012\213\241\145\160\126\150\000V\000H\000D\000L}{section.33.6}% 316
\BOOKMARK [1][-]{section.33.7}{\376\377\200\003\213\325\136\070\211\301\123\330\137\017}{chapter.33}% 317
\BOOKMARK [1][-]{section.33.8}{\376\377\000T\000e\000s\000t\000b\000e\000n\000c\000h}{chapter.33}% 318
\BOOKMARK [1][-]{section.33.9}{\376\377\123\330\137\017\213\346\211\343}{chapter.33}% 319
\BOOKMARK [0][-]{chapter.34}{\376\377\163\257\137\142\213\241\145\160\126\150\040\024\040\024\121\150\220\350\123\330\137\017\213\346\211\343}{part.7}% 320
\BOOKMARK [1][-]{section.34.1}{\376\377\123\330\137\017\0001\377\032\000N\117\115\163\257\137\142\213\241\145\160\126\150}{chapter.34}% 321
\BOOKMARK [1][-]{section.34.2}{\376\377\123\330\137\017\0002\377\032\176\246\177\360\220\012\213\241\145\160\126\150\377\010\0002\000N\116\052\162\266\140\001\377\011}{chapter.34}% 322
\BOOKMARK [1][-]{section.34.3}{\376\377\123\330\137\017\0003\377\032\201\352\124\057\122\250\163\257\137\142\213\241\145\160\126\150}{chapter.34}% 323
\BOOKMARK [1][-]{section.34.4}{\376\377\123\330\137\017\0004\377\032\165\050\163\257\137\142\213\241\145\160\126\150\133\236\163\260\145\366\136\217\143\247\122\066\126\150}{chapter.34}% 324
\BOOKMARK [-1][-]{part.8}{\376\377\173\054\121\153\220\350\122\006\000\040\136\217\122\027\150\300\155\113\126\150\117\123\174\373}{}% 325
\BOOKMARK [0][-]{chapter.35}{\376\377\136\217\122\027\150\300\155\113\126\150\040\024\040\024\162\266\140\001\147\072\166\204\150\070\137\303\136\224\165\050}{part.8}% 326
\BOOKMARK [1][-]{section.35.1}{\376\377\116\300\116\110\146\057\136\217\122\027\150\300\155\113\126\150}{chapter.35}% 327
\BOOKMARK [1][-]{section.35.2}{\376\377\116\072\116\300\116\110\136\217\122\027\150\300\155\113\126\150\116\000\133\232\146\057\162\266\140\001\147\072}{chapter.35}% 328
\BOOKMARK [1][-]{section.35.3}{\376\377\0001\0000\0001\0001\136\217\122\027\150\300\155\113\126\150\040\024\040\024\000M\000o\000o\000r\000e\127\213\377\010\123\357\221\315\123\340\150\300\155\113\377\011}{chapter.35}% 329
\BOOKMARK [2][-]{subsection.35.3.1}{\376\377\162\266\140\001\133\232\116\111\377\010\0005\162\266\140\001\116\045\150\074\000M\000o\000o\000r\000e\377\011}{section.35.3}% 330
\BOOKMARK [2][-]{subsection.35.3.2}{\376\377\162\266\140\001\217\154\171\373\126\376}{section.35.3}% 331
\BOOKMARK [2][-]{subsection.35.3.3}{\376\377\162\266\140\001\217\154\171\373\122\006\147\220}{section.35.3}% 332
\BOOKMARK [2][-]{subsection.35.3.4}{\376\377\162\266\140\001\217\154\171\373\210\150}{section.35.3}% 333
\BOOKMARK [2][-]{subsection.35.3.5}{\376\377\000V\000H\000D\000L\133\236\163\260\377\010\116\044\153\265\137\017\377\014\137\002\153\145\232\330\165\065\136\163\131\015\117\115\377\011}{section.35.3}% 334
\BOOKMARK [1][-]{section.35.4}{\376\377\0001\0001\0000\0001\136\217\122\027\150\300\155\113\126\150\377\010\000M\000o\000o\000r\000e\127\213\377\011}{chapter.35}% 335
\BOOKMARK [1][-]{section.35.5}{\376\377\221\315\123\340\150\300\155\113\000\040\000v\000s\000\040\227\136\221\315\123\340\150\300\155\113}{chapter.35}% 336
\BOOKMARK [1][-]{section.35.6}{\376\377\000M\000o\000o\000r\000e\127\213\000\040\000v\000s\000\040\000M\000e\000a\000l\000y\127\213\040\024\040\024\200\003\213\325\137\305\200\003\150\070\137\303\133\371\153\324}{chapter.35}% 337
\BOOKMARK [2][-]{subsection.35.6.1}{\376\377\116\044\171\315\162\266\140\001\147\072\152\041\127\213\166\204\150\071\147\054\123\072\122\053}{section.35.6}% 338
\BOOKMARK [2][-]{subsection.35.6.2}{\376\377\000M\000o\000o\000r\000e\127\213\0001\0000\0001\0001\136\217\122\027\150\300\155\113\126\150\377\010\0005\162\266\140\001\377\011}{section.35.6}% 339
\BOOKMARK [2][-]{subsection.35.6.3}{\376\377\000M\000e\000a\000l\000y\127\213\0001\0000\0001\0001\136\217\122\027\150\300\155\113\126\150\377\010\0004\162\266\140\001\377\011}{section.35.6}% 340
\BOOKMARK [2][-]{subsection.35.6.4}{\376\377\133\214\145\164\133\371\153\324\210\150}{section.35.6}% 341
\BOOKMARK [2][-]{subsection.35.6.5}{\376\377\000V\000H\000D\000L\133\236\163\260\133\371\153\324\377\010\116\044\153\265\137\017\377\014\137\002\153\145\232\330\165\065\136\163\131\015\117\115\377\011}{section.35.6}% 342
\BOOKMARK [2][-]{subsection.35.6.6}{\376\377\217\223\121\372\145\366\136\217\133\371\153\324}{section.35.6}% 343
\BOOKMARK [2][-]{subsection.35.6.7}{\376\377\200\003\213\325\131\202\117\125\220\011\142\351}{section.35.6}% 344
\BOOKMARK [2][-]{subsection.35.6.8}{\376\377\170\154\116\366\176\374\124\010\176\323\147\234\133\371\153\324}{section.35.6}% 345
\BOOKMARK [1][-]{section.35.7}{\376\377\200\003\213\325\136\070\211\301\123\330\137\017}{chapter.35}% 346
\BOOKMARK [1][-]{section.35.8}{\376\377\000T\000e\000s\000t\000b\000e\000n\000c\000h}{chapter.35}% 347
\BOOKMARK [1][-]{section.35.9}{\376\377\123\330\137\017\213\346\211\343}{chapter.35}% 348
\BOOKMARK [0][-]{chapter.36}{\376\377\136\217\122\027\150\300\155\113\126\150\040\024\040\024\121\150\220\350\123\330\137\017\213\346\211\343}{part.8}% 349
\BOOKMARK [1][-]{section.36.1}{\376\377\123\330\137\017\0001\377\032\150\300\155\113\0001\0000\0001\0001\377\010\221\315\123\340\000\040\000v\000s\000\040\227\136\221\315\123\340\377\011}{chapter.36}% 350
\BOOKMARK [1][-]{section.36.2}{\376\377\123\330\137\017\0002\377\032\150\300\155\113\0001\0001\0000\0001}{chapter.36}% 351
\BOOKMARK [1][-]{section.36.3}{\376\377\123\330\137\017\0003\377\032\150\300\155\113\0001\0001\0001\0001\377\010\217\336\176\355\0004\116\052\0001\377\011}{chapter.36}% 352
\BOOKMARK [1][-]{section.36.4}{\376\377\123\330\137\017\0004\377\032\150\300\155\113\0000\0001\0000\0001}{chapter.36}% 353
\BOOKMARK [1][-]{section.36.5}{\376\377\123\330\137\017\0005\377\032\165\050\171\373\117\115\133\304\133\130\126\150\000+\153\324\217\203\126\150\146\377\116\343\162\266\140\001\147\072}{chapter.36}% 354
\BOOKMARK [-1][-]{part.9}{\376\377\173\054\116\135\220\350\122\006\000\040\000V\000H\000D\000L\170\154\116\366\176\374\124\010\116\023\230\230}{}% 355
\BOOKMARK [0][-]{chapter.37}{\376\377\000V\000H\000D\000L\170\154\116\366\176\374\124\010\116\023\230\230}{part.9}% 356
\BOOKMARK [1][-]{section.37.1}{\376\377\133\146\116\140\166\356\150\007}{chapter.37}% 357
\BOOKMARK [1][-]{section.37.2}{\376\377\000i\000f\000-\000e\000l\000s\000e\000\040\176\374\124\010\142\020\116\300\116\110}{chapter.37}% 358
\BOOKMARK [2][-]{subsection.37.2.1}{\376\377\000i\000f\000-\000e\000l\000s\000e\176\247\200\124}{section.37.2}% 359
\BOOKMARK [1][-]{section.37.3}{\376\377\000c\000a\000s\000e\000\040\176\374\124\010\142\020\116\300\116\110}{chapter.37}% 360
\BOOKMARK [1][-]{section.37.4}{\376\377\000p\000r\000o\000c\000e\000s\000s\000\040\176\374\124\010\142\020\116\300\116\110}{chapter.37}% 361
\BOOKMARK [1][-]{section.37.5}{\376\377\000s\000i\000g\000n\000a\000l\000\040\133\371\136\224\116\300\116\110\170\154\116\366}{chapter.37}% 362
\BOOKMARK [1][-]{section.37.6}{\376\377\000v\000a\000r\000i\000a\000b\000l\000e\000\040\133\371\136\224\116\300\116\110\170\154\116\366}{chapter.37}% 363
\BOOKMARK [1][-]{section.37.7}{\376\377\136\070\211\301\000V\000H\000D\000L\152\041\137\017\166\204\170\154\116\366\133\371\136\224}{chapter.37}% 364
\BOOKMARK [2][-]{subsection.37.7.1}{\376\377\213\241\145\160\126\150\116\343\170\001\000\040\041\222\000\040\116\300\116\110\176\323\147\204}{section.37.7}% 365
\BOOKMARK [2][-]{subsection.37.7.2}{\376\377\171\373\117\115\133\304\133\130\126\150\116\343\170\001\000\040\041\222\000\040\116\300\116\110\176\323\147\204}{section.37.7}% 366
\BOOKMARK [2][-]{subsection.37.7.3}{\376\377\162\266\140\001\147\072\116\343\170\001\000\040\041\222\000\040\116\300\116\110\176\323\147\204}{section.37.7}% 367
\BOOKMARK [1][-]{section.37.8}{\376\377\000V\000H\000D\000L\177\026\170\001\230\316\150\074\133\371\170\154\116\366\166\204\137\161\124\315}{chapter.37}% 368
\BOOKMARK [1][-]{section.37.9}{\376\377\121\163\225\056\176\374\124\010\211\304\122\031}{chapter.37}% 369
\BOOKMARK [1][-]{section.37.10}{\376\377\123\330\137\017\213\346\211\343}{chapter.37}% 370
\BOOKMARK [0][-]{chapter.38}{\376\377\000V\000H\000D\000L\176\374\124\010\040\024\040\024\121\150\220\350\123\330\137\017\213\346\211\343}{part.9}% 371
\BOOKMARK [1][-]{section.38.1}{\376\377\123\330\137\017\0001\377\032\000i\000f\000-\000e\000l\000s\000e\166\204\176\374\124\010\176\323\147\234}{chapter.38}% 372
\BOOKMARK [1][-]{section.38.2}{\376\377\123\330\137\017\0002\377\032\000c\000a\000s\000e\166\204\176\374\124\010\176\323\147\234}{chapter.38}% 373
\BOOKMARK [1][-]{section.38.3}{\376\377\123\330\137\017\0003\377\032\000s\000i\000g\000n\000a\000l\000\040\000v\000s\000\040\000v\000a\000r\000i\000a\000b\000l\000e}{chapter.38}% 374
\BOOKMARK [1][-]{section.38.4}{\376\377\123\330\137\017\0004\377\032\000p\000r\000o\000c\000e\000s\000s\166\204\176\374\124\010\176\323\147\234}{chapter.38}% 375
\BOOKMARK [1][-]{section.38.5}{\376\377\123\330\137\017\0005\377\032\136\070\211\301\000V\000H\000D\000L\152\041\137\017\041\222\170\154\116\366\133\371\161\147\210\150}{chapter.38}% 376
\BOOKMARK [-1][-]{part.10}{\376\377\173\054\123\101\220\350\122\006\000\040\200\003\213\325\213\255\176\303\117\123\174\373}{}% 377
\BOOKMARK [0][-]{chapter.39}{\376\377\213\241\145\160\126\150\200\003\213\325\123\330\137\017\230\230}{part.10}% 378
\BOOKMARK [0][-]{chapter.40}{\376\377\122\006\230\221\126\150\200\003\213\325\123\330\137\017\230\230}{part.10}% 379
\BOOKMARK [0][-]{chapter.41}{\376\377\171\373\117\115\133\304\133\130\126\150\200\003\213\325\123\330\137\017\230\230}{part.10}% 380
\BOOKMARK [0][-]{chapter.42}{\376\377\163\257\137\142\213\241\145\160\126\150\200\003\213\325\123\330\137\017\230\230}{part.10}% 381
\BOOKMARK [0][-]{chapter.43}{\376\377\136\217\122\027\150\300\155\113\126\150\200\003\213\325\123\330\137\017\230\230}{part.10}% 382
\BOOKMARK [1][-]{section.43.1}{\376\377\121\150\116\146\140\073\176\323}{chapter.43}% 383
