\BOOKMARK [-1][-]{part.1}{\376\377\173\054\116\000\220\350\122\006\000\040\213\241\145\160\126\150\123\330\137\017\230\230\211\343\147\220\377\010\0002\0000\230\230\377\011}{}% 1
\BOOKMARK [0][-]{chapter.1}{\376\377\213\241\145\160\126\150\123\330\137\017\230\230\377\010\0002\0000\230\230\133\214\145\164\211\343\147\220\377\011}{part.1}% 2
\BOOKMARK [1][-]{section.1.1}{\376\377\230\230\0001\377\032\152\041\0007\213\241\145\160\126\150}{chapter.1}% 3
\BOOKMARK [1][-]{section.1.2}{\376\377\230\230\0002\377\032\152\041\0005\213\241\145\160\126\150}{chapter.1}% 4
\BOOKMARK [1][-]{section.1.3}{\376\377\230\230\0003\377\032\152\041\0001\0002\213\241\145\160\126\150}{chapter.1}% 5
\BOOKMARK [1][-]{section.1.4}{\376\377\230\230\0004\377\032\152\041\0001\0003\213\241\145\160\126\150}{chapter.1}% 6
\BOOKMARK [1][-]{section.1.5}{\376\377\230\230\0005\377\032\152\041\0002\0004\213\241\145\160\126\150}{chapter.1}% 7
\BOOKMARK [1][-]{section.1.6}{\376\377\230\230\0006\377\032\152\041\0006\0000\213\241\145\160\126\150\377\010\116\214\217\333\122\066\377\011}{chapter.1}% 8
\BOOKMARK [1][-]{section.1.7}{\376\377\230\230\0007\377\032\152\041\0001\0000\000\040\000B\000C\000D\213\241\145\160\126\150}{chapter.1}% 9
\BOOKMARK [1][-]{section.1.8}{\376\377\230\230\0008\377\032\152\041\0006\0000\000\040\000B\000C\000D\213\241\145\160\126\150\377\010\176\247\200\124\145\271\150\110\377\011}{chapter.1}% 10
\BOOKMARK [1][-]{section.1.9}{\376\377\230\230\0009\377\032\152\041\0002\0004\000\040\000B\000C\000D\213\241\145\160\126\150\377\010\176\247\200\124\145\271\150\110\377\011}{chapter.1}% 11
\BOOKMARK [1][-]{section.1.10}{\376\377\230\230\0001\0000\377\032\152\041\0001\0000\0000\000\040\000B\000C\000D\213\241\145\160\126\150}{chapter.1}% 12
\BOOKMARK [1][-]{section.1.11}{\376\377\230\230\0001\0001\377\032\136\046\117\177\200\375\172\357\000e\000n\166\204\152\041\0008\213\241\145\160\126\150}{chapter.1}% 13
\BOOKMARK [1][-]{section.1.12}{\376\377\230\230\0001\0002\377\032\136\046\124\014\153\145\122\240\217\175\166\204\152\041\0001\0000\213\241\145\160\126\150}{chapter.1}% 14
\BOOKMARK [1][-]{section.1.13}{\376\377\230\230\0001\0003\377\032\123\314\124\021\213\241\145\160\126\150\377\010\220\022\130\236\000/\220\022\121\317\377\011}{chapter.1}% 15
\BOOKMARK [1][-]{section.1.14}{\376\377\230\230\0001\0004\377\032\131\032\116\052\213\241\145\160\126\150\176\247\200\124\040\024\040\024\152\041\0004\0000}{chapter.1}% 16
\BOOKMARK [1][-]{section.1.15}{\376\377\230\230\0001\0005\377\032\176\331\133\232\000V\000H\000D\000L\143\250\145\255\152\041\120\074}{chapter.1}% 17
\BOOKMARK [1][-]{section.1.16}{\376\377\230\230\0001\0006\377\032\136\046\146\202\120\134\166\204\152\041\0001\0002\213\241\145\160\126\150}{chapter.1}% 18
\BOOKMARK [1][-]{section.1.17}{\376\377\230\230\0001\0007\377\032\120\022\213\241\145\366\213\241\145\160\126\150\377\010\220\022\121\317\377\014\230\204\177\156\120\074\041\222\0000\377\011}{chapter.1}% 19
\BOOKMARK [1][-]{section.1.18}{\376\377\230\230\0001\0008\377\032\145\160\133\127\224\237\150\070\137\303\040\024\040\024\145\366\000/\122\006\000/\171\322\176\247\200\124}{chapter.1}% 20
\BOOKMARK [1][-]{section.1.19}{\376\377\230\230\0001\0009\377\032\213\241\145\160\126\150\147\000\131\047\135\345\117\134\230\221\163\207\122\006\147\220}{chapter.1}% 21
\BOOKMARK [1][-]{section.1.20}{\376\377\230\230\0002\0000\377\032\150\074\226\367\170\001\213\241\145\160\126\150}{chapter.1}% 22
\BOOKMARK [1][-]{section.1.21}{\376\377\213\241\145\160\126\150\174\173\230\230\166\356\377\032\176\337\116\000\171\322\147\100\140\073\176\323}{chapter.1}% 23
\BOOKMARK [-1][-]{part.2}{\376\377\173\054\116\214\220\350\122\006\000\040\122\006\230\221\126\150\123\330\137\017\230\230\211\343\147\220\377\010\0001\0005\230\230\377\011}{}% 24
\BOOKMARK [0][-]{chapter.2}{\376\377\122\006\230\221\126\150\123\330\137\017\230\230\377\010\0001\0005\230\230\133\214\145\164\211\343\147\220\377\011}{part.2}% 25
\BOOKMARK [1][-]{section.2.1}{\376\377\230\230\0001\377\032\0002\122\006\230\221\126\150\377\010\000D\211\346\123\321\126\150\201\352\177\373\217\154\377\011}{chapter.2}% 26
\BOOKMARK [1][-]{section.2.2}{\376\377\230\230\0002\377\032\0004\122\006\230\221\126\150\377\010\165\050\213\241\145\160\126\150\000Q\0001\217\223\121\372\377\011}{chapter.2}% 27
\BOOKMARK [1][-]{section.2.3}{\376\377\230\230\0003\377\032\0008\122\006\230\221\126\150\377\010\000Q\0002\217\223\121\372\377\011}{chapter.2}% 28
\BOOKMARK [1][-]{section.2.4}{\376\377\230\230\0004\377\032\0006\122\006\230\221\126\150\377\010\123\140\172\172\153\324\0005\0000\000\045\377\011}{chapter.2}% 29
\BOOKMARK [1][-]{section.2.5}{\376\377\230\230\0005\377\032\0001\0000\122\006\230\221\126\150}{chapter.2}% 30
\BOOKMARK [1][-]{section.2.6}{\376\377\230\230\0006\377\032\0003\122\006\230\221\126\150\377\010\131\107\145\160\122\006\230\221\377\014\123\314\154\277\154\325\377\011}{chapter.2}% 31
\BOOKMARK [1][-]{section.2.7}{\376\377\230\230\0007\377\032\0005\122\006\230\221\126\150}{chapter.2}% 32
\BOOKMARK [1][-]{section.2.8}{\376\377\230\230\0008\377\032\0001\0000\0000\122\006\230\221\126\150}{chapter.2}% 33
\BOOKMARK [1][-]{section.2.9}{\376\377\230\230\0009\377\032\171\322\201\011\121\262\123\321\165\037\126\150\377\010\0001\000H\000z\377\011}{chapter.2}% 34
\BOOKMARK [1][-]{section.2.10}{\376\377\230\230\0001\0000\377\032\123\357\214\003\122\006\230\221\153\324\166\204\122\006\230\221\126\150}{chapter.2}% 35
\BOOKMARK [1][-]{section.2.11}{\376\377\230\230\0001\0001\377\032\123\140\172\172\153\324\123\357\214\003\122\006\230\221\126\150}{chapter.2}% 36
\BOOKMARK [1][-]{section.2.12}{\376\377\230\230\0001\0002\377\032\131\032\176\247\122\006\230\221\126\150\176\247\200\124}{chapter.2}% 37
\BOOKMARK [1][-]{section.2.13}{\376\377\230\230\0001\0003\377\032\176\331\133\232\154\342\137\142\143\250\145\255\122\006\230\221\153\324}{chapter.2}% 38
\BOOKMARK [1][-]{section.2.14}{\376\377\230\230\0001\0004\377\032\000Q\000n\230\221\163\207\213\241\173\227}{chapter.2}% 39
\BOOKMARK [1][-]{section.2.15}{\376\377\230\230\0001\0005\377\032\116\373\141\017\145\164\145\160\122\006\230\221\166\204\176\337\116\000\213\276\213\241\155\101\172\013}{chapter.2}% 40
\BOOKMARK [-1][-]{part.3}{\376\377\173\054\116\011\220\350\122\006\000\040\171\373\117\115\133\304\133\130\126\150\123\330\137\017\230\230\211\343\147\220\377\010\0001\0005\230\230\377\011}{}% 41
\BOOKMARK [0][-]{chapter.3}{\376\377\171\373\117\115\133\304\133\130\126\150\123\330\137\017\230\230\377\010\0001\0005\230\230\133\214\145\164\211\343\147\220\377\011}{part.3}% 42
\BOOKMARK [1][-]{section.3.1}{\376\377\230\230\0001\377\032\116\062\121\145\136\166\121\372\377\010\000S\000I\000P\000O\377\011}{chapter.3}% 43
\BOOKMARK [1][-]{section.3.2}{\376\377\230\230\0002\377\032\136\166\116\062\217\154\143\142\377\010\000P\000I\000S\000O\377\011}{chapter.3}% 44
\BOOKMARK [1][-]{section.3.3}{\376\377\230\230\0003\377\032\123\314\124\021\171\373\117\115\133\304\133\130\126\150}{chapter.3}% 45
\BOOKMARK [1][-]{section.3.4}{\376\377\230\230\0004\377\032\0007\0004\000L\000S\0001\0009\0004\230\316\150\074\220\032\165\050\171\373\117\115\133\304\133\130\126\150}{chapter.3}% 46
\BOOKMARK [1][-]{section.3.5}{\376\377\230\230\0005\377\032\0008\117\115\171\373\117\115\133\304\133\130\126\150}{chapter.3}% 47
\BOOKMARK [1][-]{section.3.6}{\376\377\230\230\0006\377\032\137\252\163\257\171\373\117\115\133\304\133\130\126\150}{chapter.3}% 48
\BOOKMARK [1][-]{section.3.7}{\376\377\230\230\0007\377\032\173\227\147\057\123\363\171\373\133\304\133\130\126\150}{chapter.3}% 49
\BOOKMARK [1][-]{section.3.8}{\376\377\230\230\0008\377\032\171\373\117\115\133\304\133\130\126\150\133\236\163\260\000\327\0002\124\214\000\367\0002}{chapter.3}% 50
\BOOKMARK [1][-]{section.3.9}{\376\377\230\230\0009\377\032\171\373\117\115\133\304\133\130\126\150\136\217\122\027\150\300\155\113\145\271\150\110}{chapter.3}% 51
\BOOKMARK [1][-]{section.3.10}{\376\377\230\230\0001\0000\377\032\136\366\217\337\176\277}{chapter.3}% 52
\BOOKMARK [1][-]{section.3.11}{\376\377\230\230\0001\0001\377\032\116\062\210\114\220\032\117\341\143\245\145\066\126\150}{chapter.3}% 53
\BOOKMARK [1][-]{section.3.12}{\376\377\230\230\0001\0002\377\032\176\331\133\232\122\035\120\074\124\214\217\223\121\145\136\217\122\027\377\014\143\250\145\255\133\304\133\130\126\150\162\266\140\001}{chapter.3}% 54
\BOOKMARK [1][-]{section.3.13}{\376\377\230\230\0001\0003\377\032\0004\117\115\000L\000F\000S\000R\377\010\117\052\226\217\147\072\136\217\122\027\377\011}{chapter.3}% 55
\BOOKMARK [1][-]{section.3.14}{\376\377\230\230\0001\0004\377\032\171\373\117\115\133\304\133\130\126\150\000T\000e\000s\000t\000b\000e\000n\000c\000h\213\276\213\241}{chapter.3}% 56
\BOOKMARK [1][-]{section.3.15}{\376\377\230\230\0001\0005\377\032\171\373\117\115\133\304\133\130\126\150\213\276\213\241\203\003\137\017\140\073\176\323}{chapter.3}% 57
\BOOKMARK [-1][-]{part.4}{\376\377\173\054\126\333\220\350\122\006\000\040\163\257\137\142\213\241\145\160\126\150\123\330\137\017\230\230\211\343\147\220\377\010\0001\0005\230\230\377\011}{}% 58
\BOOKMARK [0][-]{chapter.4}{\376\377\163\257\137\142\213\241\145\160\126\150\123\330\137\017\230\230\377\010\0001\0005\230\230\133\214\145\164\211\343\147\220\377\011}{part.4}% 59
\BOOKMARK [1][-]{section.4.1}{\376\377\230\230\0001\377\032\0004\117\115\163\257\137\142\213\241\145\160\126\150}{chapter.4}% 60
\BOOKMARK [1][-]{section.4.2}{\376\377\230\230\0002\377\032\0008\117\115\163\257\137\142\213\241\145\160\126\150}{chapter.4}% 61
\BOOKMARK [1][-]{section.4.3}{\376\377\230\230\0003\377\032\0004\117\115\176\246\177\360\220\012\213\241\145\160\126\150\377\010\142\155\163\257\137\142\377\011}{chapter.4}% 62
\BOOKMARK [1][-]{section.4.4}{\376\377\230\230\0004\377\032\163\257\137\142\213\241\145\160\126\150\000\040\000v\000s\000\040\116\214\217\333\122\066\213\241\145\160\126\150}{chapter.4}% 63
\BOOKMARK [1][-]{section.4.5}{\376\377\230\230\0005\377\032\201\352\124\057\122\250\163\257\137\142\213\241\145\160\126\150}{chapter.4}% 64
\BOOKMARK [1][-]{section.4.6}{\376\377\230\230\0006\377\032\201\352\124\057\122\250\176\246\177\360\220\012\213\241\145\160\126\150}{chapter.4}% 65
\BOOKMARK [1][-]{section.4.7}{\376\377\230\230\0007\377\032\165\050\163\257\137\142\213\241\145\160\126\150\120\132\136\217\122\027\123\321\165\037\126\150}{chapter.4}% 66
\BOOKMARK [1][-]{section.4.8}{\376\377\230\230\0008\377\032\135\346\171\373\163\257\137\142\213\241\145\160\126\150}{chapter.4}% 67
\BOOKMARK [1][-]{section.4.9}{\376\377\230\230\0009\377\032\000N\117\115\163\257\137\142\213\241\145\160\126\150\162\266\140\001\145\160\143\250\133\374}{chapter.4}% 68
\BOOKMARK [1][-]{section.4.10}{\376\377\230\230\0001\0000\377\032\0005\117\115\163\257\137\142\213\241\145\160\126\150\145\366\136\217\143\247\122\066\126\150}{chapter.4}% 69
\BOOKMARK [1][-]{section.4.11}{\376\377\230\230\0001\0001\377\032\176\331\133\232\154\342\137\142\122\044\145\255\213\241\145\160\126\150\174\173\127\213}{chapter.4}% 70
\BOOKMARK [1][-]{section.4.12}{\376\377\230\230\0001\0002\377\032\000L\000F\000S\000R\000\040\000v\000s\000\040\163\257\137\142\213\241\145\160\126\150}{chapter.4}% 71
\BOOKMARK [1][-]{section.4.13}{\376\377\230\230\0001\0003\377\032\176\246\177\360\220\012\213\241\145\160\126\150\120\132\122\006\230\221\126\150}{chapter.4}% 72
\BOOKMARK [1][-]{section.4.14}{\376\377\230\230\0001\0004\377\032\116\373\141\017\000N\117\115\163\257\137\142\213\241\145\160\126\150\152\041\147\177}{chapter.4}% 73
\BOOKMARK [1][-]{section.4.15}{\376\377\230\230\0001\0005\377\032\163\257\137\142\213\241\145\160\126\150\174\173\176\337\116\000\171\322\147\100}{chapter.4}% 74
\BOOKMARK [-1][-]{part.5}{\376\377\173\054\116\224\220\350\122\006\000\040\136\217\122\027\150\300\155\113\126\150\123\330\137\017\230\230\211\343\147\220\377\010\0002\0000\230\230\377\011}{}% 75
\BOOKMARK [0][-]{chapter.5}{\376\377\136\217\122\027\150\300\155\113\126\150\123\330\137\017\230\230\377\010\0002\0000\230\230\133\214\145\164\211\343\147\220\377\011}{part.5}% 76
\BOOKMARK [1][-]{section.5.1}{\376\377\230\230\0001\377\032\150\300\155\113\0001\0000\0001\0001\377\010\000M\000o\000o\000r\000e\127\213\377\014\227\136\221\315\123\340\377\011}{chapter.5}% 77
\BOOKMARK [1][-]{section.5.2}{\376\377\230\230\0002\377\032\150\300\155\113\0001\0000\0001\0001\377\010\221\315\123\340\150\300\155\113\377\011}{chapter.5}% 78
\BOOKMARK [1][-]{section.5.3}{\376\377\230\230\0003\377\032\150\300\155\113\0001\0001\0000\0001\377\010\221\315\123\340\377\011}{chapter.5}% 79
\BOOKMARK [1][-]{section.5.4}{\376\377\230\230\0004\377\032\150\300\155\113\0000\0001\0000\0001\377\010\221\315\123\340\377\011}{chapter.5}% 80
\BOOKMARK [1][-]{section.5.5}{\376\377\230\230\0005\377\032\150\300\155\113\0001\0001\0001\0001\377\010\217\336\176\355\0004\116\052\0001\377\011}{chapter.5}% 81
\BOOKMARK [1][-]{section.5.6}{\376\377\230\230\0006\377\032\150\300\155\113\0001\0000\0000\0001\377\010\221\315\123\340\377\011}{chapter.5}% 82
\BOOKMARK [1][-]{section.5.7}{\376\377\230\230\0007\377\032\150\300\155\113\0000\0001\0000\377\010\0003\117\115\136\217\122\027\377\011}{chapter.5}% 83
\BOOKMARK [1][-]{section.5.8}{\376\377\230\230\0008\377\032\150\300\155\113\0001\0000\0001\377\010\0003\117\115\136\217\122\027\377\011}{chapter.5}% 84
\BOOKMARK [1][-]{section.5.9}{\376\377\230\230\0009\377\032\124\014\145\366\150\300\155\113\0001\0000\0001\0001\124\214\0001\0001\0000\0001\377\010\124\010\136\166\162\266\140\001\147\072\377\011}{chapter.5}% 85
\BOOKMARK [1][-]{section.5.10}{\376\377\230\230\0001\0000\377\032\150\300\155\113\136\217\122\027\225\177\136\246\123\357\221\115\177\156\377\010\171\373\117\115\133\304\133\130\126\150\145\271\150\110\377\011}{chapter.5}% 86
\BOOKMARK [1][-]{section.5.11}{\376\377\230\230\0001\0001\377\032\176\337\213\241\150\300\155\113\153\041\145\160}{chapter.5}% 87
\BOOKMARK [1][-]{section.5.12}{\376\377\230\230\0001\0002\377\032\136\046\215\205\145\366\150\300\155\113\166\204\136\217\122\027\150\300\155\113\126\150}{chapter.5}% 88
\BOOKMARK [1][-]{section.5.13}{\376\377\230\230\0001\0003\377\032\000M\000o\000o\000r\000e\127\213\000\040\000v\000s\000\040\000M\000e\000a\000l\000y\127\213\133\371\153\324}{chapter.5}% 89
\BOOKMARK [1][-]{section.5.14}{\376\377\230\230\0001\0004\377\032\0004\117\115\136\166\210\114\136\217\122\027\150\300\155\113}{chapter.5}% 90
\BOOKMARK [1][-]{section.5.15}{\376\377\230\230\0001\0005\377\032\150\300\155\113\123\005\124\053\000"\145\340\121\163\117\115\000"\166\204\136\217\122\027}{chapter.5}% 91
\BOOKMARK [1][-]{section.5.16}{\376\377\230\230\0001\0006\377\032\176\331\133\232\162\266\140\001\126\376\121\231\000V\000H\000D\000L}{chapter.5}% 92
\BOOKMARK [1][-]{section.5.17}{\376\377\230\230\0001\0007\377\032\176\331\133\232\217\223\121\145\136\217\122\027\124\214\162\266\140\001\147\072\377\014\154\102\217\223\121\372\136\217\122\027}{chapter.5}% 93
\BOOKMARK [1][-]{section.5.18}{\376\377\230\230\0001\0008\377\032\162\266\140\001\177\026\170\001\117\030\123\026}{chapter.5}% 94
\BOOKMARK [1][-]{section.5.19}{\376\377\230\230\0001\0009\377\032\136\217\122\027\150\300\155\113\126\150\152\041\147\177\123\026}{chapter.5}% 95
\BOOKMARK [1][-]{section.5.20}{\376\377\230\230\0002\0000\377\032\136\217\122\027\150\300\155\113\126\150\171\322\147\100\140\073\176\323}{chapter.5}% 96
