Flow report for clock_top_1
Mon Jun 15 21:08:47 2026
Quartus II 64-Bit Version 13.1.0 Build 162 10/23/2013 SJ Full Version


---------------------
; Table of Contents ;
---------------------
  1. Legal Notice
  2. Flow Summary
  3. Flow Settings
  4. Flow Non-Default Global Settings
  5. Flow Elapsed Time
  6. Flow OS Summary
  7. Flow Log
  8. Flow Messages
  9. Flow Suppressed Messages



----------------
; Legal Notice ;
----------------
Copyright (C) 1991-2013 Altera Corporation
Your use of Altera Corporation's design tools, logic functions 
and other software and tools, and its AMPP partner logic 
functions, and any output files from any of the foregoing 
(including device programming or simulation files), and any 
associated documentation or information are expressly subject 
to the terms and conditions of the Altera Program License 
Subscription Agreement, Altera MegaCore Function License 
Agreement, or other applicable license agreement, including, 
without limitation, that your use is for the sole purpose of 
programming logic devices manufactured by Altera and sold by 
Altera or its authorized distributors.  Please refer to the 
applicable agreement for further details.



+----------------------------------------------------------------------------------+
; Flow Summary                                                                     ;
+------------------------------------+---------------------------------------------+
; Flow Status                        ; Successful - Mon Jun 15 21:08:47 2026       ;
; Quartus II 64-Bit Version          ; 13.1.0 Build 162 10/23/2013 SJ Full Version ;
; Revision Name                      ; clock_top_1                                 ;
; Top-level Entity Name              ; clock_top_1                                 ;
; Family                             ; Cyclone III                                 ;
; Total logic elements               ; 125 / 5,136 ( 2 % )                         ;
;     Total combinational functions  ; 123 / 5,136 ( 2 % )                         ;
;     Dedicated logic registers      ; 53 / 5,136 ( 1 % )                          ;
; Total registers                    ; 53                                          ;
; Total pins                         ; 30 / 183 ( 16 % )                           ;
; Total virtual pins                 ; 0                                           ;
; Total memory bits                  ; 0 / 423,936 ( 0 % )                         ;
; Embedded Multiplier 9-bit elements ; 0 / 46 ( 0 % )                              ;
; Total PLLs                         ; 0 / 2 ( 0 % )                               ;
; Device                             ; EP3C5F256C6                                 ;
; Timing Models                      ; Final                                       ;
+------------------------------------+---------------------------------------------+


+-----------------------------------------+
; Flow Settings                           ;
+-------------------+---------------------+
; Option            ; Setting             ;
+-------------------+---------------------+
; Start date & time ; 06/15/2026 21:08:34 ;
; Main task         ; Compilation         ;
; Revision Name     ; clock_top_1         ;
+-------------------+---------------------+


+--------------------------------------------------------------------------------------------------------------------------------------------------------+
; Flow Non-Default Global Settings                                                                                                                       ;
+-------------------------------------+-------------------------------------------------------------------+---------------+-------------+----------------+
; Assignment Name                     ; Value                                                             ; Default Value ; Entity Name ; Section Id     ;
+-------------------------------------+-------------------------------------------------------------------+---------------+-------------+----------------+
; COMPILER_SIGNATURE_ID               ; 207724484424780.178152891432948                                   ; --            ; --          ; --             ;
; EDA_GENERATE_FUNCTIONAL_NETLIST     ; Off                                                               ; --            ; --          ; eda_simulation ;
; EDA_NETLIST_WRITER_OUTPUT_DIR       ; C:/Users/Lenovo/Desktop/digitalClock-VHDL-master/simulation/qsim/ ; --            ; --          ; eda_simulation ;
; EDA_OUTPUT_DATA_FORMAT              ; Verilog Hdl                                                       ; --            ; --          ; eda_simulation ;
; EDA_SIMULATION_TOOL                 ; ModelSim-Altera (Verilog)                                         ; <None>        ; --          ; --             ;
; EDA_TIME_SCALE                      ; 1 ps                                                              ; --            ; --          ; eda_simulation ;
; PARTITION_COLOR                     ; 16764057                                                          ; --            ; --          ; Top            ;
; PARTITION_FITTER_PRESERVATION_LEVEL ; PLACEMENT_AND_ROUTING                                             ; --            ; --          ; Top            ;
; PARTITION_NETLIST_TYPE              ; SOURCE                                                            ; --            ; --          ; Top            ;
; PROJECT_OUTPUT_DIRECTORY            ; output_files                                                      ; --            ; --          ; --             ;
+-------------------------------------+-------------------------------------------------------------------+---------------+-------------+----------------+


+-------------------------------------------------------------------------------------------------------------------------------+
; Flow Elapsed Time                                                                                                             ;
+---------------------------+--------------+-------------------------+---------------------+------------------------------------+
; Module Name               ; Elapsed Time ; Average Processors Used ; Peak Virtual Memory ; Total CPU Time (on all processors) ;
+---------------------------+--------------+-------------------------+---------------------+------------------------------------+
; Analysis & Synthesis      ; 00:00:02     ; 1.0                     ; 4705 MB             ; 00:00:02                           ;
; Fitter                    ; 00:00:04     ; 1.0                     ; 5774 MB             ; 00:00:06                           ;
; Assembler                 ; 00:00:01     ; 1.0                     ; 4587 MB             ; 00:00:01                           ;
; TimeQuest Timing Analyzer ; 00:00:01     ; 1.0                     ; 4749 MB             ; 00:00:02                           ;
; EDA Netlist Writer        ; 00:00:00     ; 1.0                     ; 4553 MB             ; 00:00:00                           ;
; Total                     ; 00:00:08     ; --                      ; --                  ; 00:00:11                           ;
+---------------------------+--------------+-------------------------+---------------------+------------------------------------+


+----------------------------------------------------------------------------------------+
; Flow OS Summary                                                                        ;
+---------------------------+------------------+-----------+------------+----------------+
; Module Name               ; Machine Hostname ; OS Name   ; OS Version ; Processor type ;
+---------------------------+------------------+-----------+------------+----------------+
; Analysis & Synthesis      ; LAPTOP-PVCVVSGM  ; Windows 7 ; 6.2        ; x86_64         ;
; Fitter                    ; LAPTOP-PVCVVSGM  ; Windows 7 ; 6.2        ; x86_64         ;
; Assembler                 ; LAPTOP-PVCVVSGM  ; Windows 7 ; 6.2        ; x86_64         ;
; TimeQuest Timing Analyzer ; LAPTOP-PVCVVSGM  ; Windows 7 ; 6.2        ; x86_64         ;
; EDA Netlist Writer        ; LAPTOP-PVCVVSGM  ; Windows 7 ; 6.2        ; x86_64         ;
+---------------------------+------------------+-----------+------------+----------------+


------------
; Flow Log ;
------------
quartus_map --read_settings_files=on --write_settings_files=off clock_top_1 -c clock_top_1
quartus_fit --read_settings_files=off --write_settings_files=off clock_top_1 -c clock_top_1
quartus_asm --read_settings_files=off --write_settings_files=off clock_top_1 -c clock_top_1
quartus_sta clock_top_1 -c clock_top_1
quartus_eda --read_settings_files=off --write_settings_files=off clock_top_1 -c clock_top_1



