\BOOKMARK [1][-]{section.1}{\376\377\213\276\213\241\166\356\166\204\124\214\211\201\154\102}{}% 1
\BOOKMARK [2][-]{subsection.1.1}{\376\377\213\276\213\241\166\356\166\204}{section.1}% 2
\BOOKMARK [2][-]{subsection.1.2}{\376\377\122\237\200\375\211\201\154\102}{section.1}% 3
\BOOKMARK [1][-]{section.2}{\376\377\213\276\213\241\145\271\150\110}{}% 4
\BOOKMARK [2][-]{subsection.2.1}{\376\377\140\073\117\123\147\266\147\204}{section.2}% 5
\BOOKMARK [2][-]{subsection.2.2}{\376\377\230\166\134\102\152\041\127\127\150\106\126\376}{section.2}% 6
\BOOKMARK [2][-]{subsection.2.3}{\376\377\172\357\123\343\133\232\116\111}{section.2}% 7
\BOOKMARK [2][-]{subsection.2.4}{\376\377\162\266\140\001\147\072\213\276\213\241}{section.2}% 8
\BOOKMARK [2][-]{subsection.2.5}{\376\377\162\266\140\001\217\154\171\373\126\376}{section.2}% 9
\BOOKMARK [1][-]{section.3}{\376\377\213\276\213\241\217\307\172\013}{}% 10
\BOOKMARK [2][-]{subsection.3.1}{\376\377\000C\000l\000o\000c\000k\000\137\000G\000e\000n\000e\000r\000a\000t\000o\000r\000\040\040\024\040\024\000\040\145\366\224\237\122\006\230\221\152\041\127\127}{section.3}% 11
\BOOKMARK [2][-]{subsection.3.2}{\376\377\000B\000C\000D\000\137\000D\000o\000w\000n\000\137\000C\000o\000u\000n\000t\000e\000r\000\040\040\024\040\024\000\040\000B\000C\000D\000\040\121\317\213\241\145\160\126\150}{section.3}% 12
\BOOKMARK [2][-]{subsection.3.3}{\376\377\000T\000r\000a\000f\000f\000i\000c\000\137\000L\000i\000g\000h\000t\000\137\000F\000S\000M\000\040\040\024\040\024\000\040\116\011\153\265\137\017\162\266\140\001\147\072\143\247\122\066\126\150}{section.3}% 13
\BOOKMARK [2][-]{subsection.3.4}{\376\377\000S\000e\000v\000e\000n\000\137\000S\000e\000g\000\137\000D\000e\000c\000o\000d\000e\000r\000\040\040\024\040\024\000\040\116\003\153\265\213\321\170\001\126\150}{section.3}% 14
\BOOKMARK [2][-]{subsection.3.5}{\376\377\000T\000r\000a\000f\000f\000i\000c\000\137\000L\000i\000g\000h\000t\000\137\000T\000o\000p\000\040\040\024\040\024\000\040\230\166\134\102\226\306\142\020}{section.3}% 15
\BOOKMARK [2][-]{subsection.3.6}{\376\377\000R\000T\000L\000\040\176\374\124\010\165\065\215\357\176\323\147\204}{section.3}% 16
\BOOKMARK [1][-]{section.4}{\376\377\155\113\213\325\156\220\172\013\136\217}{}% 17
\BOOKMARK [1][-]{section.5}{\376\377\213\276\213\241\116\377\167\037\122\006\147\220}{}% 18
\BOOKMARK [2][-]{subsection.5.1}{\376\377\116\377\167\037\163\257\130\203}{section.5}% 19
\BOOKMARK [2][-]{subsection.5.2}{\376\377\127\072\146\157\116\000\377\032\145\340\217\146\173\111\137\205}{section.5}% 20
\BOOKMARK [2][-]{subsection.5.3}{\376\377\127\072\146\157\116\214\377\032\217\146\217\206\211\346\123\321\133\214\145\164\124\150\147\037}{section.5}% 21
\BOOKMARK [2][-]{subsection.5.4}{\376\377\116\377\167\037\154\342\137\142}{section.5}% 22
\BOOKMARK [1][-]{section.6}{\376\377\140\073\176\323\116\016\137\303\137\227}{}% 23
\BOOKMARK [2][-]{subsection.6.1}{\376\377\124\014\153\145\000/\137\002\153\145\131\015\117\115\166\204\135\345\172\013\220\011\142\351}{section.6}% 24
\BOOKMARK [2][-]{subsection.6.2}{\376\377\116\011\153\265\137\017\162\266\140\001\147\072\133\371\153\333\122\072\166\204\142\221\122\066}{section.6}% 25
\BOOKMARK [2][-]{subsection.6.3}{\376\377\000n\000u\000m\000e\000r\000i\000c\000\137\000s\000t\000d\000\040\116\016\174\173\127\213\133\211\121\150}{section.6}% 26
\BOOKMARK [2][-]{subsection.6.4}{\376\377\000V\000H\000D\000L\000\040\150\007\213\306\173\046\121\262\172\201\040\024\040\024\000S\000T\000\137\000\040\122\115\177\000\176\246\133\232}{section.6}% 27
\BOOKMARK [2][-]{subsection.6.5}{\376\377\135\345\172\013\213\276\213\241\137\303\137\227}{section.6}% 28
