\BOOKMARK [0][-]{chapter.1}{\376\377\173\054\0001\131\127\213\325\123\167\040\024\040\024\123\302\200\003\173\124\150\110\116\016\213\304\122\006\150\007\121\306}{}% 1
\BOOKMARK [1][-]{section.1.1}{\376\377\123\125\230\171\220\011\142\351\230\230\377\010\121\161\0006\134\017\230\230\377\014\153\317\134\017\230\230\0003\122\006\377\014\121\161\0001\0008\122\006\377\011}{chapter.1}% 2
\BOOKMARK [1][-]{section.1.2}{\376\377\130\153\172\172\230\230\377\010\121\161\0004\134\017\230\230\377\014\153\317\134\017\230\230\0003\122\006\377\014\121\161\0001\0002\122\006\377\011}{chapter.1}% 3
\BOOKMARK [1][-]{section.1.3}{\376\377\172\013\136\217\145\071\225\031\230\230\377\010\121\161\0005\122\006\377\011}{chapter.1}% 4
\BOOKMARK [1][-]{section.1.4}{\376\377\172\013\136\217\226\005\213\373\122\006\147\220\230\230\377\010\121\161\0005\122\006\377\011}{chapter.1}% 5
\BOOKMARK [1][-]{section.1.5}{\376\377\213\276\213\241\230\230\377\010\121\161\0006\0000\122\006\377\011}{chapter.1}% 6
\BOOKMARK [2][-]{subsection.1.5.1}{\376\377\213\276\213\241\230\230\0001\377\032\0004\117\115\153\324\217\203\126\150\377\010\0002\0000\122\006\377\011}{section.1.5}% 7
\BOOKMARK [2][-]{subsection.1.5.2}{\376\377\213\276\213\241\230\230\0002\377\032\152\041\0001\0000\124\014\153\145\213\241\145\160\126\150\377\010\0002\0000\122\006\377\011}{section.1.5}% 8
\BOOKMARK [2][-]{subsection.1.5.3}{\376\377\213\276\213\241\230\230\0003\377\032\000M\000o\000o\000r\000e\127\213\000"\0001\0000\0001\000"\136\217\122\027\150\300\155\113\126\150\377\010\0002\0000\122\006\377\011}{section.1.5}% 9
\BOOKMARK [0][-]{chapter.2}{\376\377\173\054\0002\131\127\213\325\123\167\040\024\040\024\123\302\200\003\173\124\150\110\116\016\213\304\122\006\150\007\121\306}{}% 10
\BOOKMARK [1][-]{section.2.1}{\376\377\116\000\060\001\220\011\142\351\230\230\377\010\153\317\230\230\0003\122\006\377\014\121\161\0001\0008\122\006\377\011}{chapter.2}% 11
\BOOKMARK [1][-]{section.2.2}{\376\377\116\214\060\001\130\153\172\172\230\230\377\010\153\317\230\230\0003\122\006\377\014\121\161\0001\0002\122\006\377\011}{chapter.2}% 12
\BOOKMARK [1][-]{section.2.3}{\376\377\116\011\060\001\172\013\136\217\145\071\225\031\230\230\377\010\0005\122\006\377\011}{chapter.2}% 13
\BOOKMARK [1][-]{section.2.4}{\376\377\126\333\060\001\172\013\136\217\226\005\213\373\122\006\147\220\230\230\377\010\0005\122\006\377\011}{chapter.2}% 14
\BOOKMARK [1][-]{section.2.5}{\376\377\116\224\060\001\176\374\124\010\213\276\213\241\230\230\377\010\121\161\0006\0000\122\006\377\011}{chapter.2}% 15
\BOOKMARK [2][-]{subsection.2.5.1}{\376\377\213\276\213\241\230\230\0001\377\032\176\304\124\010\220\073\217\221\213\276\213\241\040\024\040\024\0008\117\115\145\160\120\074\153\324\217\203\126\150\377\010\0002\0000\122\006\377\011}{section.2.5}% 16
\BOOKMARK [2][-]{subsection.2.5.2}{\376\377\213\276\213\241\230\230\0002\377\032\145\366\136\217\220\073\217\221\213\276\213\241\040\024\040\024\152\041\0006\213\241\145\160\126\150\377\010\0002\0000\122\006\377\011}{section.2.5}% 17
\BOOKMARK [2][-]{subsection.2.5.3}{\376\377\213\276\213\241\230\230\0003\377\032\162\266\140\001\147\072\213\276\213\241\040\024\040\024\040\034\0001\0000\0001\040\035\136\217\122\027\150\300\155\113\126\150\377\010\000M\000e\000a\000l\000y\127\213\377\011\377\010\0002\0000\122\006\377\011}{section.2.5}% 18
\BOOKMARK [0][-]{chapter.3}{\376\377\173\054\0003\131\127\213\325\123\167\040\024\040\024\123\302\200\003\173\124\150\110\116\016\213\304\122\006\150\007\121\306}{}% 19
\BOOKMARK [1][-]{section.3.1}{\376\377\116\000\060\001\220\011\142\351\230\230\377\010\153\317\230\230\0003\122\006\377\014\121\161\0001\0008\122\006\377\011}{chapter.3}% 20
\BOOKMARK [1][-]{section.3.2}{\376\377\116\214\060\001\130\153\172\172\230\230\377\010\153\317\230\230\0003\122\006\377\014\121\161\0001\0002\122\006\377\011}{chapter.3}% 21
\BOOKMARK [1][-]{section.3.3}{\376\377\116\011\060\001\172\013\136\217\145\071\225\031\230\230\377\010\121\161\0005\122\006\377\011}{chapter.3}% 22
\BOOKMARK [1][-]{section.3.4}{\376\377\126\333\060\001\172\013\136\217\226\005\213\373\122\006\147\220\230\230\377\010\121\161\0005\122\006\377\011}{chapter.3}% 23
\BOOKMARK [1][-]{section.3.5}{\376\377\116\224\060\001\176\374\124\010\213\276\213\241\230\230\377\010\121\161\0006\0000\122\006\377\011}{chapter.3}% 24
\BOOKMARK [2][-]{subsection.3.5.1}{\376\377\213\276\213\241\230\230\0001\377\032\176\304\124\010\220\073\217\221\213\276\213\241\040\024\040\024\0008\176\277\000-\0003\176\277\117\030\121\110\177\026\170\001\126\150\377\010\0002\0000\122\006\377\011}{section.3.5}% 25
\BOOKMARK [2][-]{subsection.3.5.2}{\376\377\213\276\213\241\230\230\0002\377\032\145\366\136\217\220\073\217\221\213\276\213\241\040\024\040\024\152\041\0001\0000\000\040\000B\000C\000D\213\241\145\160\126\150\377\010\0002\0000\122\006\377\011}{section.3.5}% 26
\BOOKMARK [2][-]{subsection.3.5.3}{\376\377\213\276\213\241\230\230\0003\377\032\162\266\140\001\147\072\213\276\213\241\040\024\040\024\000M\000o\000o\000r\000e\127\213\040\034\0001\0000\0001\040\035\136\217\122\027\150\300\155\113\126\150\377\010\0002\0000\122\006\377\011}{section.3.5}% 27
\BOOKMARK [0][-]{chapter.4}{\376\377\173\054\0004\131\127\213\325\123\167\040\024\040\024\123\302\200\003\173\124\150\110\116\016\213\304\122\006\150\007\121\306}{}% 28
\BOOKMARK [0][-]{chapter.5}{\376\377\173\054\0005\131\127\213\325\123\167\040\024\040\024\123\302\200\003\173\124\150\110\116\016\213\304\122\006\150\007\121\306}{}% 29
\BOOKMARK [1][-]{section.5.1}{\376\377\116\000\060\001\220\011\142\351\230\230\173\124\150\110\377\010\0001\0008\122\006\377\011}{chapter.5}% 30
\BOOKMARK [1][-]{section.5.2}{\376\377\116\214\060\001\130\153\172\172\230\230\173\124\150\110\377\010\0001\0002\122\006\377\011}{chapter.5}% 31
\BOOKMARK [1][-]{section.5.3}{\376\377\116\011\060\001\172\013\136\217\145\071\225\031\230\230\211\343\147\220\377\010\0005\122\006\377\011}{chapter.5}% 32
\BOOKMARK [1][-]{section.5.4}{\376\377\126\333\060\001\172\013\136\217\226\005\213\373\122\006\147\220\230\230\211\343\147\220\377\010\0005\122\006\377\011}{chapter.5}% 33
\BOOKMARK [1][-]{section.5.5}{\376\377\116\224\060\001\176\374\124\010\213\276\213\241\230\230\123\302\200\003\173\124\150\110\377\010\0006\0000\122\006\377\011}{chapter.5}% 34
\BOOKMARK [2][-]{subsection.5.5.1}{\376\377\213\276\213\241\230\230\0001\377\032\0008\176\277\040\023\0003\176\277\117\030\121\110\177\026\170\001\126\150\213\276\213\241\377\010\0002\0000\122\006\377\011}{section.5.5}% 35
\BOOKMARK [2][-]{subsection.5.5.2}{\376\377\213\276\213\241\230\230\0002\377\032\152\041\0006\0000\213\241\145\160\126\150\213\276\213\241\377\010\0002\0000\122\006\377\011}{section.5.5}% 36
\BOOKMARK [2][-]{subsection.5.5.3}{\376\377\213\276\213\241\230\230\0003\377\032\000`\000`\0001\0000\0001\000'\000'\136\217\122\027\150\300\155\113\126\150\377\010\000M\000o\000o\000r\000e\162\266\140\001\147\072\377\011\377\010\0002\0000\122\006\377\011}{section.5.5}% 37
\BOOKMARK [0][-]{chapter.6}{\376\377\173\054\0006\131\127\213\325\123\167\040\024\040\024\123\302\200\003\173\124\150\110\116\016\213\304\122\006\150\007\121\306}{}% 38
\BOOKMARK [1][-]{section.6.1}{\376\377\116\000\060\001\220\011\142\351\230\230\173\124\150\110\377\010\0001\0008\122\006\377\011}{chapter.6}% 39
\BOOKMARK [1][-]{section.6.2}{\376\377\116\214\060\001\130\153\172\172\230\230\173\124\150\110\377\010\0001\0002\122\006\377\011}{chapter.6}% 40
\BOOKMARK [1][-]{section.6.3}{\376\377\116\011\060\001\172\013\136\217\145\071\225\031\230\230\211\343\147\220\377\010\0005\122\006\377\011}{chapter.6}% 41
\BOOKMARK [1][-]{section.6.4}{\376\377\126\333\060\001\172\013\136\217\226\005\213\373\122\006\147\220\230\230\211\343\147\220\377\010\0005\122\006\377\011}{chapter.6}% 42
\BOOKMARK [1][-]{section.6.5}{\376\377\116\224\060\001\176\374\124\010\213\276\213\241\230\230\173\124\150\110\377\010\0006\0000\122\006\377\011}{chapter.6}% 43
\BOOKMARK [2][-]{subsection.6.5.1}{\376\377\213\276\213\241\230\230\0001\377\032\000B\000C\000D\170\001\040\023\116\003\153\265\145\160\170\001\173\241\213\321\170\001\126\150\377\010\0002\0000\122\006\377\011}{section.6.5}% 44
\BOOKMARK [2][-]{subsection.6.5.2}{\376\377\213\276\213\241\230\230\0002\377\032\0004\117\115\123\314\124\021\171\373\117\115\133\304\133\130\126\150\377\010\0002\0000\122\006\377\011}{section.6.5}% 45
\BOOKMARK [2][-]{subsection.6.5.3}{\376\377\213\276\213\241\230\230\0003\377\032\000`\000`\0001\0000\0001\0001\000'\000'\136\217\122\027\150\300\155\113\126\150\377\010\000M\000o\000o\000r\000e\127\213\124\214\000M\000e\000a\000l\000y\127\213\133\371\153\324\377\011\377\010\0002\0000\122\006\377\011}{section.6.5}% 46
\BOOKMARK [0][-]{chapter.7}{\376\377\173\054\0007\131\127\213\325\123\167\040\024\040\024\123\302\200\003\173\124\150\110\116\016\213\304\122\006\150\007\121\306}{}% 47
\BOOKMARK [1][-]{section.7.1}{\376\377\116\000\060\001\220\011\142\351\230\230\173\124\150\110\377\010\0001\0008\122\006\377\011}{chapter.7}% 48
\BOOKMARK [1][-]{section.7.2}{\376\377\116\214\060\001\130\153\172\172\230\230\173\124\150\110\377\010\0001\0002\122\006\377\011}{chapter.7}% 49
\BOOKMARK [1][-]{section.7.3}{\376\377\116\011\060\001\172\013\136\217\145\071\225\031\230\230\211\343\147\220\377\010\0005\122\006\377\011}{chapter.7}% 50
\BOOKMARK [1][-]{section.7.4}{\376\377\126\333\060\001\172\013\136\217\226\005\213\373\122\006\147\220\230\230\211\343\147\220\377\010\0005\122\006\377\011}{chapter.7}% 51
\BOOKMARK [1][-]{section.7.5}{\376\377\116\224\060\001\176\374\124\010\213\276\213\241\230\230\123\302\200\003\173\124\150\110\377\010\0006\0000\122\006\377\011}{chapter.7}% 52
\BOOKMARK [2][-]{subsection.7.5.1}{\376\377\213\276\213\241\230\230\0001\377\032\000B\000C\000D\170\001\217\154\0007\153\265\145\160\170\001\173\241\213\321\170\001\126\150\377\010\0002\0000\122\006\377\011}{section.7.5}% 53
\BOOKMARK [2][-]{subsection.7.5.2}{\376\377\213\276\213\241\230\230\0002\377\032\0004\117\115\123\314\124\021\171\373\117\115\133\304\133\130\126\150\377\010\176\323\147\204\123\026\213\276\213\241\377\011\377\010\0002\0000\122\006\377\011}{section.7.5}% 54
\BOOKMARK [2][-]{subsection.7.5.3}{\376\377\213\276\213\241\230\230\0003\377\032\000`\000`\0001\0000\0001\0001\000'\000'\136\217\122\027\150\300\155\113\126\150\000M\000o\000o\000r\000e\162\266\140\001\147\072\377\010\0002\0000\122\006\377\011}{section.7.5}% 55
\BOOKMARK [0][-]{chapter.8}{\376\377\173\054\0008\131\127\213\325\123\167\040\024\040\024\123\302\200\003\173\124\150\110\116\016\213\304\122\006\150\007\121\306}{}% 56
\BOOKMARK [1][-]{section.8.1}{\376\377\116\000\060\001\220\011\142\351\230\230\173\124\150\110\377\010\0001\0008\122\006\377\011}{chapter.8}% 57
\BOOKMARK [1][-]{section.8.2}{\376\377\116\214\060\001\130\153\172\172\230\230\173\124\150\110\377\010\0001\0002\122\006\377\011}{chapter.8}% 58
\BOOKMARK [1][-]{section.8.3}{\376\377\116\011\060\001\172\013\136\217\145\071\225\031\230\230\211\343\147\220\377\010\0005\122\006\377\011}{chapter.8}% 59
\BOOKMARK [1][-]{section.8.4}{\376\377\126\333\060\001\172\013\136\217\226\005\213\373\122\006\147\220\230\230\211\343\147\220\377\010\0005\122\006\377\011}{chapter.8}% 60
\BOOKMARK [1][-]{section.8.5}{\376\377\116\224\060\001\176\374\124\010\213\276\213\241\230\230\123\302\200\003\173\124\150\110\377\010\0006\0000\122\006\377\011}{chapter.8}% 61
\BOOKMARK [2][-]{subsection.8.5.1}{\376\377\213\276\213\241\230\230\0001\377\032\0008\117\115\173\227\147\057\220\073\217\221\123\125\121\103\377\010\000A\000L\000U\377\011\377\010\0002\0000\122\006\377\011}{section.8.5}% 62
\BOOKMARK [2][-]{subsection.8.5.2}{\376\377\213\276\213\241\230\230\0002\377\032\000N\176\247\116\214\122\006\230\221\126\150\224\376\377\010\0002\0000\122\006\377\011}{section.8.5}% 63
\BOOKMARK [2][-]{subsection.8.5.3}{\376\377\213\276\213\241\230\230\0003\377\032\145\160\133\127\133\306\170\001\225\001\143\247\122\066\126\150\377\010\0002\0000\122\006\377\011}{section.8.5}% 64
\BOOKMARK [0][-]{chapter.9}{\376\377\173\054\0009\131\127\213\325\123\167\040\024\040\024\123\302\200\003\173\124\150\110\116\016\213\304\122\006\150\007\121\306}{}% 65
\BOOKMARK [1][-]{section.9.1}{\376\377\116\000\060\001\220\011\142\351\230\230\173\124\150\110\377\010\0001\0008\122\006\377\011}{chapter.9}% 66
\BOOKMARK [1][-]{section.9.2}{\376\377\116\214\060\001\130\153\172\172\230\230\173\124\150\110\377\010\0001\0002\122\006\377\011}{chapter.9}% 67
\BOOKMARK [1][-]{section.9.3}{\376\377\116\011\060\001\172\013\136\217\145\071\225\031\230\230\211\343\147\220\377\010\0005\122\006\377\011}{chapter.9}% 68
\BOOKMARK [1][-]{section.9.4}{\376\377\126\333\060\001\172\013\136\217\226\005\213\373\122\006\147\220\230\230\211\343\147\220\377\010\0005\122\006\377\011}{chapter.9}% 69
\BOOKMARK [1][-]{section.9.5}{\376\377\116\224\060\001\176\374\124\010\213\276\213\241\230\230\123\302\200\003\173\124\150\110\377\010\0006\0000\122\006\377\011}{chapter.9}% 70
\BOOKMARK [0][-]{chapter.10}{\376\377\173\054\0001\0000\131\127\213\325\123\167\040\024\040\024\123\302\200\003\173\124\150\110\116\016\213\304\122\006\150\007\121\306}{}% 71
\BOOKMARK [1][-]{section.10.1}{\376\377\116\000\060\001\220\011\142\351\230\230\173\124\150\110\377\010\0001\0008\122\006\377\011}{chapter.10}% 72
\BOOKMARK [1][-]{section.10.2}{\376\377\116\214\060\001\130\153\172\172\230\230\173\124\150\110\377\010\0001\0002\122\006\377\011}{chapter.10}% 73
\BOOKMARK [1][-]{section.10.3}{\376\377\116\011\060\001\172\013\136\217\145\071\225\031\230\230\211\343\147\220\377\010\0005\122\006\377\011}{chapter.10}% 74
\BOOKMARK [1][-]{section.10.4}{\376\377\126\333\060\001\172\013\136\217\226\005\213\373\122\006\147\220\230\230\211\343\147\220\377\010\0005\122\006\377\011}{chapter.10}% 75
\BOOKMARK [1][-]{section.10.5}{\376\377\116\224\060\001\176\374\124\010\213\276\213\241\230\230\123\302\200\003\173\124\150\110\377\010\0006\0000\122\006\377\011}{chapter.10}% 76
\BOOKMARK [0][-]{chapter.11}{\376\377\173\054\0001\0001\131\127\213\325\123\167\040\024\040\024\123\302\200\003\173\124\150\110\116\016\213\304\122\006\150\007\121\306}{}% 77
\BOOKMARK [1][-]{section.11.1}{\376\377\116\000\060\001\220\011\142\351\230\230\173\124\150\110\377\010\0001\0008\122\006\377\011}{chapter.11}% 78
\BOOKMARK [1][-]{section.11.2}{\376\377\116\214\060\001\130\153\172\172\230\230\173\124\150\110\377\010\0001\0002\122\006\377\011}{chapter.11}% 79
\BOOKMARK [1][-]{section.11.3}{\376\377\116\011\060\001\172\013\136\217\145\071\225\031\230\230\211\343\147\220\377\010\0005\122\006\377\011}{chapter.11}% 80
\BOOKMARK [1][-]{section.11.4}{\376\377\126\333\060\001\172\013\136\217\226\005\213\373\122\006\147\220\230\230\211\343\147\220\377\010\0005\122\006\377\011}{chapter.11}% 81
\BOOKMARK [1][-]{section.11.5}{\376\377\116\224\060\001\176\374\124\010\213\276\213\241\230\230\123\302\200\003\173\124\150\110\377\010\0006\0000\122\006\377\011}{chapter.11}% 82
\BOOKMARK [0][-]{chapter.12}{\376\377\173\054\0001\0002\131\127\213\325\123\167\040\024\040\024\123\302\200\003\173\124\150\110\116\016\213\304\122\006\150\007\121\306}{}% 83
\BOOKMARK [1][-]{section.12.1}{\376\377\116\000\060\001\220\011\142\351\230\230\173\124\150\110\377\010\0001\0008\122\006\377\011}{chapter.12}% 84
\BOOKMARK [1][-]{section.12.2}{\376\377\116\214\060\001\130\153\172\172\230\230\173\124\150\110\377\010\0001\0002\122\006\377\011}{chapter.12}% 85
\BOOKMARK [1][-]{section.12.3}{\376\377\116\011\060\001\172\013\136\217\145\071\225\031\230\230\211\343\147\220\377\010\0005\122\006\377\011}{chapter.12}% 86
\BOOKMARK [1][-]{section.12.4}{\376\377\126\333\060\001\172\013\136\217\226\005\213\373\122\006\147\220\230\230\211\343\147\220\377\010\0005\122\006\377\011}{chapter.12}% 87
\BOOKMARK [1][-]{section.12.5}{\376\377\116\224\060\001\176\374\124\010\213\276\213\241\230\230\123\302\200\003\173\124\150\110\377\010\0006\0000\122\006\377\011}{chapter.12}% 88
\BOOKMARK [0][-]{chapter.13}{\376\377\173\054\0001\0003\131\127\213\325\123\167\040\024\040\024\123\302\200\003\173\124\150\110\116\016\213\304\122\006\150\007\121\306}{}% 89
\BOOKMARK [1][-]{section.13.1}{\376\377\116\000\060\001\220\011\142\351\230\230\173\124\150\110\377\010\0001\0008\122\006\377\011}{chapter.13}% 90
\BOOKMARK [1][-]{section.13.2}{\376\377\116\214\060\001\130\153\172\172\230\230\173\124\150\110\377\010\0001\0002\122\006\377\011}{chapter.13}% 91
\BOOKMARK [1][-]{section.13.3}{\376\377\116\011\060\001\172\013\136\217\145\071\225\031\230\230\211\343\147\220\377\010\0005\122\006\377\011}{chapter.13}% 92
\BOOKMARK [1][-]{section.13.4}{\376\377\126\333\060\001\172\013\136\217\226\005\213\373\122\006\147\220\230\230\211\343\147\220\377\010\0005\122\006\377\011}{chapter.13}% 93
\BOOKMARK [1][-]{section.13.5}{\376\377\116\224\060\001\176\374\124\010\213\276\213\241\230\230\123\302\200\003\173\124\150\110\377\010\0006\0000\122\006\377\011}{chapter.13}% 94
\BOOKMARK [2][-]{subsection.13.5.1}{\376\377\213\276\213\241\230\230\0001\377\032\000B\000C\000D\170\001\201\363\0007\153\265\145\160\170\001\173\241\213\321\170\001\126\150\377\010\0002\0000\122\006\377\011}{section.13.5}% 95
\BOOKMARK [2][-]{subsection.13.5.2}{\376\377\213\276\213\241\230\230\0002\377\032\000N\117\115\123\314\124\021\171\373\117\115\133\304\133\130\126\150\377\010\0002\0000\122\006\377\011}{section.13.5}% 96
\BOOKMARK [2][-]{subsection.13.5.3}{\376\377\213\276\213\241\230\230\0003\377\032\040\034\0001\0000\0001\0001\040\035\136\217\122\027\150\300\155\113\126\150\377\010\0002\0000\122\006\377\011}{section.13.5}% 97
\BOOKMARK [0][-]{chapter.14}{\376\377\173\054\0001\0004\131\127\213\325\123\167\040\024\040\024\123\302\200\003\173\124\150\110\116\016\213\304\122\006\150\007\121\306}{}% 98
\BOOKMARK [1][-]{section.14.1}{\376\377\116\000\060\001\220\011\142\351\230\230\173\124\150\110\377\010\0001\0008\122\006\377\011}{chapter.14}% 99
\BOOKMARK [1][-]{section.14.2}{\376\377\116\214\060\001\130\153\172\172\230\230\173\124\150\110\377\010\0001\0002\122\006\377\011}{chapter.14}% 100
\BOOKMARK [1][-]{section.14.3}{\376\377\116\011\060\001\172\013\136\217\145\071\225\031\230\230\211\343\147\220\377\010\0005\122\006\377\011}{chapter.14}% 101
\BOOKMARK [1][-]{section.14.4}{\376\377\126\333\060\001\172\013\136\217\226\005\213\373\122\006\147\220\230\230\211\343\147\220\377\010\0005\122\006\377\011}{chapter.14}% 102
\BOOKMARK [1][-]{section.14.5}{\376\377\116\224\060\001\176\374\124\010\213\276\213\241\230\230\123\302\200\003\173\124\150\110\377\010\0006\0000\122\006\377\011}{chapter.14}% 103
\BOOKMARK [2][-]{subsection.14.5.1}{\376\377\213\276\213\241\230\230\0001\377\032\000B\000C\000D\170\001\217\154\0007\153\265\145\160\170\001\173\241\213\321\170\001\126\150\377\010\0002\0000\122\006\377\011}{section.14.5}% 104
\BOOKMARK [2][-]{subsection.14.5.2}{\376\377\213\276\213\241\230\230\0002\377\032\0004\117\115\123\314\124\021\171\373\117\115\133\304\133\130\126\150\377\010\0002\0000\122\006\377\011}{section.14.5}% 105
\BOOKMARK [2][-]{subsection.14.5.3}{\376\377\213\276\213\241\230\230\0003\377\032\201\352\122\250\125\056\215\047\147\072\143\247\122\066\126\150\040\024\040\024\000M\000e\000a\000l\000y\127\213\377\010\0002\0000\122\006\377\011}{section.14.5}% 106
\BOOKMARK [0][-]{chapter.15}{\376\377\173\054\0001\0005\131\127\213\325\123\167\040\024\040\024\123\302\200\003\173\124\150\110\116\016\213\304\122\006\150\007\121\306}{}% 107
\BOOKMARK [1][-]{section.15.1}{\376\377\116\000\060\001\220\011\142\351\230\230\173\124\150\110\377\010\0001\0008\122\006\377\011}{chapter.15}% 108
\BOOKMARK [1][-]{section.15.2}{\376\377\116\214\060\001\130\153\172\172\230\230\173\124\150\110\377\010\0001\0002\122\006\377\011}{chapter.15}% 109
\BOOKMARK [1][-]{section.15.3}{\376\377\116\011\060\001\172\013\136\217\145\071\225\031\230\230\211\343\147\220\377\010\0005\122\006\377\011}{chapter.15}% 110
\BOOKMARK [1][-]{section.15.4}{\376\377\126\333\060\001\172\013\136\217\226\005\213\373\122\006\147\220\230\230\211\343\147\220\377\010\0005\122\006\377\011}{chapter.15}% 111
\BOOKMARK [1][-]{section.15.5}{\376\377\116\224\060\001\176\374\124\010\213\276\213\241\230\230\123\302\200\003\173\124\150\110\377\010\0006\0000\122\006\377\011}{chapter.15}% 112
\BOOKMARK [2][-]{subsection.15.5.1}{\376\377\213\276\213\241\230\230\0001\377\032\000B\000C\000D\170\001\040\024\0007\153\265\145\160\170\001\173\241\213\321\170\001\126\150\377\010\0002\0000\122\006\377\011}{section.15.5}% 113
\BOOKMARK [2][-]{subsection.15.5.2}{\376\377\213\276\213\241\230\230\0002\377\032\117\177\165\050\000G\000E\000N\000E\000R\000A\000T\000E\213\355\123\345\213\276\213\241\000N\117\115\123\314\124\021\171\373\117\115\133\304\133\130\126\150\377\010\0002\0000\122\006\377\011}{section.15.5}% 114
\BOOKMARK [2][-]{subsection.15.5.3}{\376\377\213\276\213\241\230\230\0003\377\032\040\034\0001\0000\0001\0001\040\035\136\217\122\027\150\300\155\113\126\150\040\024\040\024\000M\000o\000o\000r\000e\127\213\116\016\000M\000e\000a\000l\000y\127\213\133\371\153\324\377\010\0002\0000\122\006\377\011}{section.15.5}% 115
\BOOKMARK [0][-]{chapter.16}{\376\377\173\054\0001\0006\131\127\213\325\123\167\040\024\040\024\123\302\200\003\173\124\150\110\116\016\213\304\122\006\150\007\121\306}{}% 116
\BOOKMARK [1][-]{section.16.1}{\376\377\116\000\060\001\220\011\142\351\230\230\173\124\150\110\377\010\0001\0008\122\006\377\011}{chapter.16}% 117
\BOOKMARK [1][-]{section.16.2}{\376\377\116\214\060\001\130\153\172\172\230\230\173\124\150\110\377\010\0001\0002\122\006\377\011}{chapter.16}% 118
\BOOKMARK [1][-]{section.16.3}{\376\377\116\011\060\001\172\013\136\217\145\071\225\031\230\230\211\343\147\220\377\010\0005\122\006\377\011}{chapter.16}% 119
\BOOKMARK [1][-]{section.16.4}{\376\377\126\333\060\001\172\013\136\217\226\005\213\373\122\006\147\220\230\230\211\343\147\220\377\010\0005\122\006\377\011}{chapter.16}% 120
\BOOKMARK [1][-]{section.16.5}{\376\377\116\224\060\001\176\374\124\010\213\276\213\241\230\230\123\302\200\003\173\124\150\110\377\010\0006\0000\122\006\377\011}{chapter.16}% 121
\BOOKMARK [2][-]{subsection.16.5.1}{\376\377\213\276\213\241\230\230\0001\377\032\136\046\117\177\200\375\166\204\0003\000-\0008\213\321\170\001\126\150\377\010\0002\0000\122\006\377\011}{section.16.5}% 122
\BOOKMARK [2][-]{subsection.16.5.2}{\376\377\213\276\213\241\230\230\0002\377\032\152\041\0006\213\241\145\160\126\150\377\010\0002\0000\122\006\377\011}{section.16.5}% 123
\BOOKMARK [2][-]{subsection.16.5.3}{\376\377\213\276\213\241\230\230\0003\377\032\201\352\122\250\125\056\215\047\147\072\143\247\122\066\126\150\377\010\0002\0000\122\006\377\011}{section.16.5}% 124
\BOOKMARK [0][-]{chapter.17}{\376\377\173\054\0001\0007\131\127\213\325\123\167\040\024\040\024\123\302\200\003\173\124\150\110\116\016\213\304\122\006\150\007\121\306}{}% 125
\BOOKMARK [1][-]{section.17.1}{\376\377\116\000\060\001\220\011\142\351\230\230\173\124\150\110\377\010\0001\0008\122\006\377\011}{chapter.17}% 126
\BOOKMARK [1][-]{section.17.2}{\376\377\116\214\060\001\130\153\172\172\230\230\173\124\150\110\377\010\0001\0002\122\006\377\011}{chapter.17}% 127
\BOOKMARK [1][-]{section.17.3}{\376\377\116\011\060\001\172\013\136\217\145\071\225\031\230\230\211\343\147\220\377\010\0005\122\006\377\011}{chapter.17}% 128
\BOOKMARK [1][-]{section.17.4}{\376\377\126\333\060\001\172\013\136\217\226\005\213\373\122\006\147\220\230\230\211\343\147\220\377\010\0005\122\006\377\011}{chapter.17}% 129
\BOOKMARK [1][-]{section.17.5}{\376\377\116\224\060\001\176\374\124\010\213\276\213\241\230\230\123\302\200\003\173\124\150\110\377\010\0006\0000\122\006\377\011}{chapter.17}% 130
\BOOKMARK [2][-]{subsection.17.5.1}{\376\377\213\276\213\241\230\230\0001\377\032\0004\117\115\153\324\217\203\126\150\377\010\0002\0000\122\006\377\011}{section.17.5}% 131
\BOOKMARK [2][-]{subsection.17.5.2}{\376\377\213\276\213\241\230\230\0002\377\032\152\041\0006\0000\000\040\000B\000C\000D\213\241\145\160\126\150\377\010\0002\0000\122\006\377\011}{section.17.5}% 132
\BOOKMARK [2][-]{subsection.17.5.3}{\376\377\213\276\213\241\230\230\0003\377\032\133\306\170\001\225\001\143\247\122\066\126\150\377\010\0002\0000\122\006\377\011}{section.17.5}% 133
\BOOKMARK [2][-]{subsection.17.5.4}{\376\377\213\276\213\241\230\230\0003\210\145\121\105\377\032\162\266\140\001\217\154\171\373\126\376}{section.17.5}% 134
\BOOKMARK [0][-]{chapter.18}{\376\377\173\054\0001\0008\131\127\213\325\123\167\040\024\040\024\123\302\200\003\173\124\150\110\116\016\213\304\122\006\150\007\121\306}{}% 135
\BOOKMARK [1][-]{section.18.1}{\376\377\116\000\060\001\220\011\142\351\230\230\173\124\150\110\377\010\0001\0008\122\006\377\011}{chapter.18}% 136
\BOOKMARK [1][-]{section.18.2}{\376\377\116\214\060\001\130\153\172\172\230\230\173\124\150\110\377\010\0001\0002\122\006\377\011}{chapter.18}% 137
\BOOKMARK [1][-]{section.18.3}{\376\377\116\011\060\001\172\013\136\217\145\071\225\031\230\230\211\343\147\220\377\010\0005\122\006\377\011}{chapter.18}% 138
\BOOKMARK [1][-]{section.18.4}{\376\377\126\333\060\001\172\013\136\217\226\005\213\373\122\006\147\220\230\230\211\343\147\220\377\010\0005\122\006\377\011}{chapter.18}% 139
\BOOKMARK [1][-]{section.18.5}{\376\377\116\224\060\001\176\374\124\010\213\276\213\241\230\230\123\302\200\003\173\124\150\110\377\010\0006\0000\122\006\377\011}{chapter.18}% 140
\BOOKMARK [2][-]{subsection.18.5.1}{\376\377\213\276\213\241\230\230\0001\377\032\0008\000-\0003\117\030\121\110\177\026\170\001\126\150\377\010\0002\0000\122\006\377\011}{section.18.5}% 141
\BOOKMARK [2][-]{subsection.18.5.2}{\376\377\213\276\213\241\230\230\0002\377\032\0008\117\115\171\373\117\115\133\304\133\130\126\150\377\010\0002\0000\122\006\377\011}{section.18.5}% 142
\BOOKMARK [2][-]{subsection.18.5.3}{\376\377\213\276\213\241\230\230\0003\377\032\116\244\220\032\160\157\143\247\122\066\126\150\377\010\0002\0000\122\006\377\011}{section.18.5}% 143
\BOOKMARK [0][-]{chapter.19}{\376\377\173\054\0001\0009\131\127\213\325\123\167\040\024\040\024\123\302\200\003\173\124\150\110\116\016\213\304\122\006\150\007\121\306}{}% 144
\BOOKMARK [1][-]{section.19.1}{\376\377\116\000\060\001\220\011\142\351\230\230\173\124\150\110\377\010\0001\0008\122\006\377\011}{chapter.19}% 145
\BOOKMARK [1][-]{section.19.2}{\376\377\116\214\060\001\130\153\172\172\230\230\173\124\150\110\377\010\0001\0002\122\006\377\011}{chapter.19}% 146
\BOOKMARK [1][-]{section.19.3}{\376\377\116\011\060\001\172\013\136\217\145\071\225\031\230\230\211\343\147\220\377\010\0005\122\006\377\011}{chapter.19}% 147
\BOOKMARK [1][-]{section.19.4}{\376\377\126\333\060\001\172\013\136\217\226\005\213\373\122\006\147\220\230\230\211\343\147\220\377\010\0005\122\006\377\011}{chapter.19}% 148
\BOOKMARK [1][-]{section.19.5}{\376\377\116\224\060\001\176\374\124\010\213\276\213\241\230\230\123\302\200\003\173\124\150\110\377\010\0006\0000\122\006\377\011}{chapter.19}% 149
\BOOKMARK [2][-]{subsection.19.5.1}{\376\377\213\276\213\241\230\230\0001\377\032\0004\117\115\000A\000L\000U\377\010\0002\0000\122\006\377\011}{section.19.5}% 150
\BOOKMARK [2][-]{subsection.19.5.2}{\376\377\213\276\213\241\230\230\0002\377\032\123\357\177\026\172\013\122\006\230\221\126\150\377\010\0002\0000\122\006\377\011}{section.19.5}% 151
\BOOKMARK [2][-]{subsection.19.5.3}{\376\377\213\276\213\241\230\230\0003\377\032\165\065\150\257\143\247\122\066\126\150\377\010\0002\0000\122\006\377\011}{section.19.5}% 152
\BOOKMARK [0][-]{chapter.20}{\376\377\173\054\0002\0000\131\127\213\325\123\167\040\024\040\024\123\302\200\003\173\124\150\110\116\016\213\304\122\006\150\007\121\306}{}% 153
\BOOKMARK [1][-]{section.20.1}{\376\377\116\000\060\001\220\011\142\351\230\230\173\124\150\110\377\010\0001\0008\122\006\377\011}{chapter.20}% 154
\BOOKMARK [1][-]{section.20.2}{\376\377\116\214\060\001\130\153\172\172\230\230\173\124\150\110\377\010\0001\0002\122\006\377\011}{chapter.20}% 155
