Flow report for Traffic_Light_Controller
Tue Jun 16 18:14:12 2026
Quartus II 64-Bit Version 13.1.0 Build 162 10/23/2013 SJ Full Version


---------------------
; Table of Contents ;
---------------------
  1. Legal Notice
  2. Flow Summary
  3. Flow Settings
  4. Flow Non-Default Global Settings
  5. Flow Elapsed Time
  6. Flow OS Summary
  7. Flow Log
  8. Flow Messages
  9. Flow Suppressed Messages



----------------
; Legal Notice ;
----------------
Copyright (C) 1991-2013 Altera Corporation
Your use of Altera Corporation's design tools, logic functions 
and other software and tools, and its AMPP partner logic 
functions, and any output files from any of the foregoing 
(including device programming or simulation files), and any 
associated documentation or information are expressly subject 
to the terms and conditions of the Altera Program License 
Subscription Agreement, Altera MegaCore Function License 
Agreement, or other applicable license agreement, including, 
without limitation, that your use is for the sole purpose of 
programming logic devices manufactured by Altera and sold by 
Altera or its authorized distributors.  Please refer to the 
applicable agreement for further details.



+----------------------------------------------------------------------------------+
; Flow Summary                                                                     ;
+------------------------------------+---------------------------------------------+
; Flow Status                        ; Successful - Tue Jun 16 18:14:12 2026       ;
; Quartus II 64-Bit Version          ; 13.1.0 Build 162 10/23/2013 SJ Full Version ;
; Revision Name                      ; Traffic_Light_Controller                    ;
; Top-level Entity Name              ; Traffic_Light_Top                           ;
; Family                             ; Cyclone IV E                                ;
; Device                             ; EP4CE6E22C8                                 ;
; Timing Models                      ; Final                                       ;
; Total logic elements               ; 81 / 6,272 ( 1 % )                          ;
;     Total combinational functions  ; 71 / 6,272 ( 1 % )                          ;
;     Dedicated logic registers      ; 48 / 6,272 ( < 1 % )                        ;
; Total registers                    ; 48                                          ;
; Total pins                         ; 23 / 92 ( 25 % )                            ;
; Total virtual pins                 ; 0                                           ;
; Total memory bits                  ; 0 / 276,480 ( 0 % )                         ;
; Embedded Multiplier 9-bit elements ; 0 / 30 ( 0 % )                              ;
; Total PLLs                         ; 0 / 2 ( 0 % )                               ;
+------------------------------------+---------------------------------------------+


+----------------------------------------------+
; Flow Settings                                ;
+-------------------+--------------------------+
; Option            ; Setting                  ;
+-------------------+--------------------------+
; Start date & time ; 06/16/2026 18:08:49      ;
; Main task         ; Compilation              ;
; Revision Name     ; Traffic_Light_Controller ;
+-------------------+--------------------------+


+------------------------------------------------------------------------------------------------------------------------------------------------------------------------+
; Flow Non-Default Global Settings                                                                                                                                       ;
+-------------------------------------+------------------------------------------------------------------+--------------------------+-------------------+----------------+
; Assignment Name                     ; Value                                                            ; Default Value            ; Entity Name       ; Section Id     ;
+-------------------------------------+------------------------------------------------------------------+--------------------------+-------------------+----------------+
; COMPILER_SIGNATURE_ID               ; 207724484424780.178160452913960                                  ; --                       ; --                ; --             ;
; EDA_GENERATE_FUNCTIONAL_NETLIST     ; On                                                               ; --                       ; --                ; eda_simulation ;
; EDA_NETLIST_WRITER_OUTPUT_DIR       ; C:/Users/Lenovo/Desktop/FPGA_study/VHDL_Sources/simulation/qsim/ ; --                       ; --                ; eda_simulation ;
; EDA_OUTPUT_DATA_FORMAT              ; Verilog Hdl                                                      ; --                       ; --                ; eda_simulation ;
; EDA_SIMULATION_TOOL                 ; ModelSim-Altera (Verilog)                                        ; <None>                   ; --                ; --             ;
; EDA_TIME_SCALE                      ; 1 ps                                                             ; --                       ; --                ; eda_simulation ;
; FMAX_REQUIREMENT                    ; 50 MHz                                                           ; --                       ; --                ; --             ;
; MAX_CORE_JUNCTION_TEMP              ; 85                                                               ; --                       ; --                ; --             ;
; MIN_CORE_JUNCTION_TEMP              ; 0                                                                ; --                       ; --                ; --             ;
; PARTITION_COLOR                     ; 16764057                                                         ; --                       ; Traffic_Light_Top ; Top            ;
; PARTITION_FITTER_PRESERVATION_LEVEL ; PLACEMENT_AND_ROUTING                                            ; --                       ; Traffic_Light_Top ; Top            ;
; PARTITION_NETLIST_TYPE              ; SOURCE                                                           ; --                       ; Traffic_Light_Top ; Top            ;
; POWER_BOARD_THERMAL_MODEL           ; None (CONSERVATIVE)                                              ; --                       ; --                ; --             ;
; POWER_PRESET_COOLING_SOLUTION       ; 23 MM HEAT SINK WITH 200 LFPM AIRFLOW                            ; --                       ; --                ; --             ;
; TOP_LEVEL_ENTITY                    ; Traffic_Light_Top                                                ; Traffic_Light_Controller ; --                ; --             ;
+-------------------------------------+------------------------------------------------------------------+--------------------------+-------------------+----------------+


+-------------------------------------------------------------------------------------------------------------------------------+
; Flow Elapsed Time                                                                                                             ;
+---------------------------+--------------+-------------------------+---------------------+------------------------------------+
; Module Name               ; Elapsed Time ; Average Processors Used ; Peak Virtual Memory ; Total CPU Time (on all processors) ;
+---------------------------+--------------+-------------------------+---------------------+------------------------------------+
; Analysis & Synthesis      ; 00:00:01     ; 1.0                     ; 4688 MB             ; 00:00:01                           ;
; Fitter                    ; 00:00:03     ; 1.0                     ; 5787 MB             ; 00:00:05                           ;
; Assembler                 ; 00:00:01     ; 1.0                     ; 4587 MB             ; 00:00:01                           ;
; TimeQuest Timing Analyzer ; 00:00:02     ; 1.0                     ; 4747 MB             ; 00:00:01                           ;
; EDA Netlist Writer        ; 00:00:00     ; 1.0                     ; 4542 MB             ; 00:00:00                           ;
; EDA Netlist Writer        ; 00:00:01     ; 1.0                     ; 4560 MB             ; 00:00:00                           ;
; EDA Netlist Writer        ; 00:00:01     ; 1.0                     ; 4560 MB             ; 00:00:00                           ;
; EDA Netlist Writer        ; 00:00:01     ; 1.0                     ; 4560 MB             ; 00:00:01                           ;
; EDA Netlist Writer        ; 00:00:01     ; 1.0                     ; 4560 MB             ; 00:00:00                           ;
; EDA Netlist Writer        ; 00:00:01     ; 1.0                     ; 4560 MB             ; 00:00:01                           ;
; Total                     ; 00:00:12     ; --                      ; --                  ; 00:00:10                           ;
+---------------------------+--------------+-------------------------+---------------------+------------------------------------+


+----------------------------------------------------------------------------------------+
; Flow OS Summary                                                                        ;
+---------------------------+------------------+-----------+------------+----------------+
; Module Name               ; Machine Hostname ; OS Name   ; OS Version ; Processor type ;
+---------------------------+------------------+-----------+------------+----------------+
; Analysis & Synthesis      ; LAPTOP-PVCVVSGM  ; Windows 7 ; 6.2        ; x86_64         ;
; Fitter                    ; LAPTOP-PVCVVSGM  ; Windows 7 ; 6.2        ; x86_64         ;
; Assembler                 ; LAPTOP-PVCVVSGM  ; Windows 7 ; 6.2        ; x86_64         ;
; TimeQuest Timing Analyzer ; LAPTOP-PVCVVSGM  ; Windows 7 ; 6.2        ; x86_64         ;
; EDA Netlist Writer        ; LAPTOP-PVCVVSGM  ; Windows 7 ; 6.2        ; x86_64         ;
; EDA Netlist Writer        ; LAPTOP-PVCVVSGM  ; Windows 7 ; 6.2        ; x86_64         ;
; EDA Netlist Writer        ; LAPTOP-PVCVVSGM  ; Windows 7 ; 6.2        ; x86_64         ;
; EDA Netlist Writer        ; LAPTOP-PVCVVSGM  ; Windows 7 ; 6.2        ; x86_64         ;
; EDA Netlist Writer        ; LAPTOP-PVCVVSGM  ; Windows 7 ; 6.2        ; x86_64         ;
; EDA Netlist Writer        ; LAPTOP-PVCVVSGM  ; Windows 7 ; 6.2        ; x86_64         ;
+---------------------------+------------------+-----------+------------+----------------+


------------
; Flow Log ;
------------
quartus_map --read_settings_files=on --write_settings_files=off Traffic_Light_Controller -c Traffic_Light_Controller
quartus_fit --read_settings_files=off --write_settings_files=off Traffic_Light_Controller -c Traffic_Light_Controller
quartus_asm --read_settings_files=off --write_settings_files=off Traffic_Light_Controller -c Traffic_Light_Controller
quartus_sta Traffic_Light_Controller -c Traffic_Light_Controller
quartus_eda --read_settings_files=off --write_settings_files=off Traffic_Light_Controller -c Traffic_Light_Controller
quartus_eda --gen_testbench --check_outputs=on --tool=modelsim_oem --format=verilog Traffic_Light_Controller -c Traffic_Light_Controller --vector_source=C:/Users/Lenovo/Desktop/FPGA_study/VHDL_Sources/Waveform1.vwf --testbench_file=C:/Users/Lenovo/Desktop/FPGA_study/VHDL_Sources/simulation/qsim/Waveform1.vwf.vt
quartus_eda --gen_testbench --check_outputs=on --tool=modelsim_oem --format=verilog Traffic_Light_Controller -c Traffic_Light_Controller --vector_source=C:/Users/Lenovo/Desktop/FPGA_study/VHDL_Sources/Waveform1.vwf --testbench_file=C:/Users/Lenovo/Desktop/FPGA_study/VHDL_Sources/simulation/qsim/Waveform1.vwf.vt
quartus_eda --functional=on --flatten_buses=off --simulation=on --tool=modelsim_oem --format=verilog --output_directory=C:/Users/Lenovo/Desktop/FPGA_study/VHDL_Sources/simulation/qsim/ Traffic_Light_Controller -c Traffic_Light_Controller
quartus_eda --gen_testbench --check_outputs=on --tool=modelsim_oem --format=verilog Traffic_Light_Controller -c Traffic_Light_Controller --vector_source=C:/Users/Lenovo/Desktop/FPGA_study/VHDL_Sources/Waveform1.vwf --testbench_file=C:/Users/Lenovo/Desktop/FPGA_study/VHDL_Sources/simulation/qsim/Waveform1.vwf.vt
quartus_eda --functional=off --flatten_buses=off --timescale=1ps --simulation=on --tool=modelsim_oem --format=verilog --output_directory=C:/Users/Lenovo/Desktop/FPGA_study/VHDL_Sources/simulation/qsim/ Traffic_Light_Controller -c Traffic_Light_Controller



